AR bram_dm bram_dm_a /home/asip04/WS17/Session8b/ASIPMeisterProjects/brownie/ISEUART5f3/bram_dm.vhd sub01/vhpl116 1510604382
EN fhm_fwu_w32 NULL /home/asip04/WS17/Session8b/ASIPMeisterProjects/brownie/ISEUART5f3/fhm_fwu_w32.vhd sub00/vhpl79 1510604345
EN rtg_mux5to1_w5 NULL /home/asip04/WS17/Session8b/ASIPMeisterProjects/brownie/ISEUART5f3/rtg_mux5to1_w5.vhd sub01/vhpl101 1510604367
EN fhm_dummy_register_w32 NULL /home/asip04/WS17/Session8b/ASIPMeisterProjects/brownie/ISEUART5f3/fhm_dummy_register_w32.vhd sub00/vhpl81 1510604347
EN fhm_divider_w32_reg32 NULL /home/asip04/WS17/Session8b/ASIPMeisterProjects/brownie/ISEUART5f3/fhm_divider_w32.vhd sub00/vhpl55 1510604321
AR fhm_wire_in_w1 synthesis /home/asip04/WS17/Session8b/ASIPMeisterProjects/brownie/ISEUART5f3/fhm_wire_in_w1.vhd sub00/vhpl76 1510604342
EN fhm_mifu_w32_00 NULL /home/asip04/WS17/Session8b/ASIPMeisterProjects/brownie/ISEUART5f3/fhm_mifu_w32_00.vhd sub00/vhpl27 1510604293
EN fhm_mifu_w32_01 NULL /home/asip04/WS17/Session8b/ASIPMeisterProjects/brownie/ISEUART5f3/fhm_mifu_w32_01.vhd sub00/vhpl29 1510604295
EN fhm_browregfile_w32 NULL /home/asip04/WS17/Session8b/ASIPMeisterProjects/brownie/ISEUART5f3/fhm_browregfile_w32.vhd sub00/vhpl89 1510604355
EN rtg_mux4to1_w5 NULL /home/asip04/WS17/Session8b/ASIPMeisterProjects/brownie/ISEUART5f3/rtg_mux4to1_w5.vhd sub01/vhpl105 1510604371
AR fhm_divider_w32_reg32 synthesis /home/asip04/WS17/Session8b/ASIPMeisterProjects/brownie/ISEUART5f3/fhm_divider_w32.vhd sub00/vhpl56 1510604322
EN rtg_register_w15 NULL /home/asip04/WS17/Session8b/ASIPMeisterProjects/brownie/ISEUART5f3/rtg_register_w15.vhd sub00/vhpl10 1510604276
EN fhm_wire_in_w1 NULL /home/asip04/WS17/Session8b/ASIPMeisterProjects/brownie/ISEUART5f3/fhm_wire_in_w1.vhd sub00/vhpl75 1510604341
EN rtg_mux3to1_w5 NULL /home/asip04/WS17/Session8b/ASIPMeisterProjects/brownie/ISEUART5f3/rtg_mux3to1_w5.vhd sub01/vhpl103 1510604369
EN rtg_register_w32 NULL /home/asip04/WS17/Session8b/ASIPMeisterProjects/brownie/ISEUART5f3/rtg_register_w32.vhd sub00/vhpl06 1510604272
EN fhm_multiplier_w32_tconv32 NULL /home/asip04/WS17/Session8b/ASIPMeisterProjects/brownie/ISEUART5f3/fhm_multiplier_w32.vhd sub00/vhpl47 1510604313
AR fhm_extender_w26 synthesis /home/asip04/WS17/Session8b/ASIPMeisterProjects/brownie/ISEUART5f3/fhm_extender_w26.vhd sub00/vhpl72 1510604338
EN fhm_alu_w32 NULL /home/asip04/WS17/Session8b/ASIPMeisterProjects/brownie/ISEUART5f3/fhm_alu_w32.vhd sub00/vhpl33 1510604299
EN chipscope_ila4b NULL /home/asip04/WS17/Session8b/ASIPMeisterProjects/brownie/ISEUART5f3/chipscope_ila4b.vhd sub01/vhpl133 1510604399
EN fhm_alu_w32_add NULL /home/asip04/WS17/Session8b/ASIPMeisterProjects/brownie/ISEUART5f3/fhm_alu_w32.vhd sub00/vhpl31 1510604297
EN fhm_multiplier_w32_reg1 NULL /home/asip04/WS17/Session8b/ASIPMeisterProjects/brownie/ISEUART5f3/fhm_multiplier_w32.vhd sub00/vhpl35 1510604301
EN rtg_mux2to1_w5 NULL /home/asip04/WS17/Session8b/ASIPMeisterProjects/brownie/ISEUART5f3/rtg_mux2to1_w5.vhd sub00/vhpl97 1510604363
AR clk_div behavioral /home/asip04/WS17/Session8b/ASIPMeisterProjects/brownie/ISEUART5f3/clk_div.vhd sub01/vhpl122 1510604388
EN flag_reg5 NULL /home/asip04/WS17/Session8b/ASIPMeisterProjects/brownie/ISEUART5f3/fhm_browregfile_w32.vhd sub00/vhpl83 1510604349
AR rtg_proc_fsm rtl /home/asip04/WS17/Session8b/ASIPMeisterProjects/brownie/ISEUART5f3/rtg_proc_fsm.vhd sub00/vhpl01 1510604267
EN fhm_multiplier_w32_tconv64 NULL /home/asip04/WS17/Session8b/ASIPMeisterProjects/brownie/ISEUART5f3/fhm_multiplier_w32.vhd sub00/vhpl49 1510604315
EN dcm_100 NULL /home/asip04/WS17/Session8b/ASIPMeisterProjects/brownie/ISEUART5f3/DCM_100.vhd sub01/vhpl129 1510604395
AR dcm_100 behavioral /home/asip04/WS17/Session8b/ASIPMeisterProjects/brownie/ISEUART5f3/DCM_100.vhd sub01/vhpl130 1510604396
PH audioout_types NULL /home/asip04/WS17/Session8b/ASIPMeisterProjects/brownie/ISEUART5f3/AudioOut_Types.vhd sub00/vhpl12 1510604278
AR fhm_multiplier_w32_add32 synthesis /home/asip04/WS17/Session8b/ASIPMeisterProjects/brownie/ISEUART5f3/fhm_multiplier_w32.vhd sub00/vhpl38 1510604304
AR kcuart_tx low_level_definition /home/asip04/WS17/Session8b/ASIPMeisterProjects/brownie/ISEUART5f3/kcuart_tx.vhd sub01/vhpl124 1510604390
EN fhm_multiplier_w32 NULL /home/asip04/WS17/Session8b/ASIPMeisterProjects/brownie/ISEUART5f3/fhm_multiplier_w32.vhd sub00/vhpl51 1510604317
EN rtg_register_w84 NULL /home/asip04/WS17/Session8b/ASIPMeisterProjects/brownie/ISEUART5f3/rtg_register_w84.vhd sub00/vhpl08 1510604274
AR fhm_pcu_w32_add32 synthesis /home/asip04/WS17/Session8b/ASIPMeisterProjects/brownie/ISEUART5f3/fhm_pcu_w32.vhd sub00/vhpl20 1510604286
AR fhm_divider_w32 synthesis /home/asip04/WS17/Session8b/ASIPMeisterProjects/brownie/ISEUART5f3/fhm_divider_w32.vhd sub00/vhpl66 1510604332
EN chipscope_vio NULL /home/asip04/WS17/Session8b/ASIPMeisterProjects/brownie/ISEUART5f3/chipscope_vio.vhd sub01/vhpl135 1510604401
AR fhm_divider_w32_lsftreg32 synthesis /home/asip04/WS17/Session8b/ASIPMeisterProjects/brownie/ISEUART5f3/fhm_divider_w32.vhd sub00/vhpl60 1510604326
AR dlx_toplevel behavioral /home/asip04/WS17/Session8b/ASIPMeisterProjects/brownie/ISEUART5f3/dlx_toplevel.vhd sub01/vhpl138 1510604404
AR fhm_extender_w8 synthesis /home/asip04/WS17/Session8b/ASIPMeisterProjects/brownie/ISEUART5f3/fhm_extender_w8.vhd sub00/vhpl68 1510604334
AR rtg_mux2to1_w5 rtl /home/asip04/WS17/Session8b/ASIPMeisterProjects/brownie/ISEUART5f3/rtg_mux2to1_w5.vhd sub00/vhpl98 1510604364
EN fhm_multiplier_w32_add32 NULL /home/asip04/WS17/Session8b/ASIPMeisterProjects/brownie/ISEUART5f3/fhm_multiplier_w32.vhd sub00/vhpl37 1510604303
EN fhm_divider_w32_sdiv32 NULL /home/asip04/WS17/Session8b/ASIPMeisterProjects/brownie/ISEUART5f3/fhm_divider_w32.vhd sub00/vhpl61 1510604327
AR fhm_browregfile_w32 synthesis /home/asip04/WS17/Session8b/ASIPMeisterProjects/brownie/ISEUART5f3/fhm_browregfile_w32.vhd sub00/vhpl90 1510604356
AR fhm_alu_w32_add synthesis /home/asip04/WS17/Session8b/ASIPMeisterProjects/brownie/ISEUART5f3/fhm_alu_w32.vhd sub00/vhpl32 1510604298
AR fhm_wire_out_w1 synthesis /home/asip04/WS17/Session8b/ASIPMeisterProjects/brownie/ISEUART5f3/fhm_wire_out_w1.vhd sub00/vhpl78 1510604344
AR audio_out_fifo audio_out_fifo_a /home/asip04/WS17/Session8b/ASIPMeisterProjects/brownie/ISEUART5f3/audio_out_fifo.vhd sub00/vhpl16 1510604282
EN chipscope_icon0 NULL /home/asip04/WS17/Session8b/ASIPMeisterProjects/brownie/ISEUART5f3/chipscope_icon0.vhd sub01/vhpl131 1510604397
EN fhm_pcu_w32_add32 NULL /home/asip04/WS17/Session8b/ASIPMeisterProjects/brownie/ISEUART5f3/fhm_pcu_w32.vhd sub00/vhpl19 1510604285
EN fhm_extender_w8 NULL /home/asip04/WS17/Session8b/ASIPMeisterProjects/brownie/ISEUART5f3/fhm_extender_w8.vhd sub00/vhpl67 1510604333
AR fhm_multiplier_w32_tconv32 synthesis /home/asip04/WS17/Session8b/ASIPMeisterProjects/brownie/ISEUART5f3/fhm_multiplier_w32.vhd sub00/vhpl48 1510604314
AR audioout_toplevel structure /home/asip04/WS17/Session8b/ASIPMeisterProjects/brownie/ISEUART5f3/AudioOut_TopLevel.vhd sub01/vhpl120 1510604386
AR fhm_multiplier_w32_reg32 synthesis /home/asip04/WS17/Session8b/ASIPMeisterProjects/brownie/ISEUART5f3/fhm_multiplier_w32.vhd sub00/vhpl42 1510604308
EN fhm_multiplier_w32_add64 NULL /home/asip04/WS17/Session8b/ASIPMeisterProjects/brownie/ISEUART5f3/fhm_multiplier_w32.vhd sub00/vhpl39 1510604305
EN fhm_multiplier_w32_reg32 NULL /home/asip04/WS17/Session8b/ASIPMeisterProjects/brownie/ISEUART5f3/fhm_multiplier_w32.vhd sub00/vhpl41 1510604307
AR rtg_mux3to1_w5 rtl /home/asip04/WS17/Session8b/ASIPMeisterProjects/brownie/ISEUART5f3/rtg_mux3to1_w5.vhd sub01/vhpl104 1510604370
AR fhm_divider_w32_tconv32 synthesis /home/asip04/WS17/Session8b/ASIPMeisterProjects/brownie/ISEUART5f3/fhm_divider_w32.vhd sub00/vhpl64 1510604330
EN dlx_toplevel NULL /home/asip04/WS17/Session8b/ASIPMeisterProjects/brownie/ISEUART5f3/dlx_toplevel.vhd sub01/vhpl137 1510604403
AR fhm_pcu_w32_reg32 synthesis /home/asip04/WS17/Session8b/ASIPMeisterProjects/brownie/ISEUART5f3/fhm_pcu_w32.vhd sub00/vhpl22 1510604288
AR rtg_mux3to1_w32 rtl /home/asip04/WS17/Session8b/ASIPMeisterProjects/brownie/ISEUART5f3/rtg_mux3to1_w32.vhd sub00/vhpl96 1510604362
EN fhm_pcu_w32_reg32 NULL /home/asip04/WS17/Session8b/ASIPMeisterProjects/brownie/ISEUART5f3/fhm_pcu_w32.vhd sub00/vhpl21 1510604287
EN brom_im NULL /home/asip04/WS17/Session8b/ASIPMeisterProjects/brownie/ISEUART5f3/brom_im.vhd sub01/vhpl113 1510604379
AR chipscope_icon0 chipscope_icon0_a /home/asip04/WS17/Session8b/ASIPMeisterProjects/brownie/ISEUART5f3/chipscope_icon0.vhd sub01/vhpl132 1510604398
AR fhm_fwu_w32 synthesis /home/asip04/WS17/Session8b/ASIPMeisterProjects/brownie/ISEUART5f3/fhm_fwu_w32.vhd sub00/vhpl80 1510604346
AR fhm_multiplier_w32_smul synthesis /home/asip04/WS17/Session8b/ASIPMeisterProjects/brownie/ISEUART5f3/fhm_multiplier_w32.vhd sub00/vhpl46 1510604312
AR flag_reg5 synthesis /home/asip04/WS17/Session8b/ASIPMeisterProjects/brownie/ISEUART5f3/fhm_browregfile_w32.vhd sub00/vhpl84 1510604350
PB dlxtypes dlxtypes /home/asip04/WS17/Session8b/ASIPMeisterProjects/brownie/ISEUART5f3/dlxTypes.vhd sub01/vhpl110 1510604376
AR fhm_divider_w32_add32 synthesis /home/asip04/WS17/Session8b/ASIPMeisterProjects/brownie/ISEUART5f3/fhm_divider_w32.vhd sub00/vhpl54 1510604320
PB memorymappertypes memorymappertypes /home/asip04/WS17/Session8b/ASIPMeisterProjects/brownie/ISEUART5f3/MemoryMapperTypes.vhd sub00/vhpl18 1510604284
EN fhm_multiplier_w32_reg64 NULL /home/asip04/WS17/Session8b/ASIPMeisterProjects/brownie/ISEUART5f3/fhm_multiplier_w32.vhd sub00/vhpl43 1510604309
AR fhm_alu_w32 synthesis /home/asip04/WS17/Session8b/ASIPMeisterProjects/brownie/ISEUART5f3/fhm_alu_w32.vhd sub00/vhpl34 1510604300
AR rtg_mux4to1_w5 rtl /home/asip04/WS17/Session8b/ASIPMeisterProjects/brownie/ISEUART5f3/rtg_mux4to1_w5.vhd sub01/vhpl106 1510604372
EN fhm_multiplier_w32_smul NULL /home/asip04/WS17/Session8b/ASIPMeisterProjects/brownie/ISEUART5f3/fhm_multiplier_w32.vhd sub00/vhpl45 1510604311
EN fhm_divider_w32_reg1 NULL /home/asip04/WS17/Session8b/ASIPMeisterProjects/brownie/ISEUART5f3/fhm_divider_w32.vhd sub00/vhpl57 1510604323
AR fhm_shifter_w32 synthesis /home/asip04/WS17/Session8b/ASIPMeisterProjects/brownie/ISEUART5f3/fhm_shifter_w32.vhd sub00/vhpl74 1510604340
EN rtg_mux20to1_w32 NULL /home/asip04/WS17/Session8b/ASIPMeisterProjects/brownie/ISEUART5f3/rtg_mux20to1_w32.vhd sub00/vhpl99 1510604365
EN rtg_proc_fsm NULL /home/asip04/WS17/Session8b/ASIPMeisterProjects/brownie/ISEUART5f3/rtg_proc_fsm.vhd sub00/vhpl00 1510604266
EN memorymapper NULL /home/asip04/WS17/Session8b/ASIPMeisterProjects/brownie/ISEUART5f3/MemoryMapper.vhd sub01/vhpl117 1510604383
AR rtg_register_w32 rtl /home/asip04/WS17/Session8b/ASIPMeisterProjects/brownie/ISEUART5f3/rtg_register_w32.vhd sub00/vhpl07 1510604273
EN rtg_mux3to1_w32 NULL /home/asip04/WS17/Session8b/ASIPMeisterProjects/brownie/ISEUART5f3/rtg_mux3to1_w32.vhd sub00/vhpl95 1510604361
EN kcuart_rx NULL /home/asip04/WS17/Session8b/ASIPMeisterProjects/brownie/ISEUART5f3/kcuart_rx.vhd sub01/vhpl125 1510604391
PH dlxtypes NULL /home/asip04/WS17/Session8b/ASIPMeisterProjects/brownie/ISEUART5f3/dlxTypes.vhd sub01/vhpl109 1510604375
AR fhm_register_w32 logic /home/asip04/WS17/Session8b/ASIPMeisterProjects/brownie/ISEUART5f3/fhm_register_w32.vhd sub00/vhpl26 1510604292
AR rtg_mux5to1_w5 rtl /home/asip04/WS17/Session8b/ASIPMeisterProjects/brownie/ISEUART5f3/rtg_mux5to1_w5.vhd sub01/vhpl102 1510604368
AR rtg_controller rtl /home/asip04/WS17/Session8b/ASIPMeisterProjects/brownie/ISEUART5f3/rtg_controller.vhd sub00/vhpl94 1510604360
EN kcuart_tx NULL /home/asip04/WS17/Session8b/ASIPMeisterProjects/brownie/ISEUART5f3/kcuart_tx.vhd sub01/vhpl123 1510604389
AR debouncer behavioral /home/asip04/WS17/Session8b/ASIPMeisterProjects/brownie/ISEUART5f3/Debouncer.vhd sub01/vhpl128 1510604394
EN browniestd32 NULL /home/asip04/WS17/Session8b/ASIPMeisterProjects/brownie/ISEUART5f3/BrownieSTD32.vhd sub01/vhpl111 1510604377
AR digitalanalogconverter behavioral /home/asip04/WS17/Session8b/ASIPMeisterProjects/brownie/ISEUART5f3/DigitalAnalogConverter.vhd sub00/vhpl14 1510604280
EN fhm_wire_out_w1 NULL /home/asip04/WS17/Session8b/ASIPMeisterProjects/brownie/ISEUART5f3/fhm_wire_out_w1.vhd sub00/vhpl77 1510604343
AR fhm_extender_w16 synthesis /home/asip04/WS17/Session8b/ASIPMeisterProjects/brownie/ISEUART5f3/fhm_extender_w16.vhd sub00/vhpl70 1510604336
AR fhm_multiplier_w32_reg1 synthesis /home/asip04/WS17/Session8b/ASIPMeisterProjects/brownie/ISEUART5f3/fhm_multiplier_w32.vhd sub00/vhpl36 1510604302
EN rtg_register_w1 NULL /home/asip04/WS17/Session8b/ASIPMeisterProjects/brownie/ISEUART5f3/rtg_register_w1.vhd sub00/vhpl02 1510604268
EN fhm_register_w32 NULL /home/asip04/WS17/Session8b/ASIPMeisterProjects/brownie/ISEUART5f3/fhm_register_w32.vhd sub00/vhpl25 1510604291
EN rtg_register_w2 NULL /home/asip04/WS17/Session8b/ASIPMeisterProjects/brownie/ISEUART5f3/rtg_register_w2.vhd sub00/vhpl04 1510604270
AR rtg_register_w5 rtl /home/asip04/WS17/Session8b/ASIPMeisterProjects/brownie/ISEUART5f3/rtg_register_w5.vhd sub01/vhpl108 1510604374
AR browniestd32 rtl /home/asip04/WS17/Session8b/ASIPMeisterProjects/brownie/ISEUART5f3/BrownieSTD32.vhd sub01/vhpl112 1510604378
EN rtg_register_w5 NULL /home/asip04/WS17/Session8b/ASIPMeisterProjects/brownie/ISEUART5f3/rtg_register_w5.vhd sub01/vhpl107 1510604373
EN fhm_browregfile_w32_reg32 NULL /home/asip04/WS17/Session8b/ASIPMeisterProjects/brownie/ISEUART5f3/fhm_browregfile_w32.vhd sub00/vhpl87 1510604353
AR chipscope_vio chipscope_vio_a /home/asip04/WS17/Session8b/ASIPMeisterProjects/brownie/ISEUART5f3/chipscope_vio.vhd sub01/vhpl136 1510604402
AR fhm_mifu_w32_00 synthesis /home/asip04/WS17/Session8b/ASIPMeisterProjects/brownie/ISEUART5f3/fhm_mifu_w32_00.vhd sub00/vhpl28 1510604294
AR rtg_register_w1 rtl /home/asip04/WS17/Session8b/ASIPMeisterProjects/brownie/ISEUART5f3/rtg_register_w1.vhd sub00/vhpl03 1510604269
EN rtg_mux2to1_w32 NULL /home/asip04/WS17/Session8b/ASIPMeisterProjects/brownie/ISEUART5f3/rtg_mux2to1_w32.vhd sub00/vhpl91 1510604357
PH memorymappertypes NULL /home/asip04/WS17/Session8b/ASIPMeisterProjects/brownie/ISEUART5f3/MemoryMapperTypes.vhd sub00/vhpl17 1510604283
AR fhm_browregfile_w32_reg32 synthesis /home/asip04/WS17/Session8b/ASIPMeisterProjects/brownie/ISEUART5f3/fhm_browregfile_w32.vhd sub00/vhpl88 1510604354
EN fhm_pcu_w32 NULL /home/asip04/WS17/Session8b/ASIPMeisterProjects/brownie/ISEUART5f3/fhm_pcu_w32.vhd sub00/vhpl23 1510604289
AR fhm_pcu_w32 synthesis /home/asip04/WS17/Session8b/ASIPMeisterProjects/brownie/ISEUART5f3/fhm_pcu_w32.vhd sub00/vhpl24 1510604290
EN fhm_divider_w32 NULL /home/asip04/WS17/Session8b/ASIPMeisterProjects/brownie/ISEUART5f3/fhm_divider_w32.vhd sub00/vhpl65 1510604331
EN status_reg27 NULL /home/asip04/WS17/Session8b/ASIPMeisterProjects/brownie/ISEUART5f3/fhm_browregfile_w32.vhd sub00/vhpl85 1510604351
EN audio_out_fifo NULL /home/asip04/WS17/Session8b/ASIPMeisterProjects/brownie/ISEUART5f3/audio_out_fifo.vhd sub00/vhpl15 1510604281
AR fhm_multiplier_w32_add64 synthesis /home/asip04/WS17/Session8b/ASIPMeisterProjects/brownie/ISEUART5f3/fhm_multiplier_w32.vhd sub00/vhpl40 1510604306
EN fhm_shifter_w32 NULL /home/asip04/WS17/Session8b/ASIPMeisterProjects/brownie/ISEUART5f3/fhm_shifter_w32.vhd sub00/vhpl73 1510604339
AR fhm_mifu_w32_01 synthesis /home/asip04/WS17/Session8b/ASIPMeisterProjects/brownie/ISEUART5f3/fhm_mifu_w32_01.vhd sub00/vhpl30 1510604296
EN debouncer NULL /home/asip04/WS17/Session8b/ASIPMeisterProjects/brownie/ISEUART5f3/Debouncer.vhd sub01/vhpl127 1510604393
AR fhm_divider_w32_sdiv32 synthesis /home/asip04/WS17/Session8b/ASIPMeisterProjects/brownie/ISEUART5f3/fhm_divider_w32.vhd sub00/vhpl62 1510604328
AR memorymapper behavioral /home/asip04/WS17/Session8b/ASIPMeisterProjects/brownie/ISEUART5f3/MemoryMapper.vhd sub01/vhpl118 1510604384
EN fhm_extender_w16 NULL /home/asip04/WS17/Session8b/ASIPMeisterProjects/brownie/ISEUART5f3/fhm_extender_w16.vhd sub00/vhpl69 1510604335
EN audioout_toplevel NULL /home/asip04/WS17/Session8b/ASIPMeisterProjects/brownie/ISEUART5f3/AudioOut_TopLevel.vhd sub01/vhpl119 1510604385
AR rtg_register_w15 rtl /home/asip04/WS17/Session8b/ASIPMeisterProjects/brownie/ISEUART5f3/rtg_register_w15.vhd sub00/vhpl11 1510604277
EN fhm_extender_w26 NULL /home/asip04/WS17/Session8b/ASIPMeisterProjects/brownie/ISEUART5f3/fhm_extender_w26.vhd sub00/vhpl71 1510604337
EN rtg_controller NULL /home/asip04/WS17/Session8b/ASIPMeisterProjects/brownie/ISEUART5f3/rtg_controller.vhd sub00/vhpl93 1510604359
AR brom_im brom_im_a /home/asip04/WS17/Session8b/ASIPMeisterProjects/brownie/ISEUART5f3/brom_im.vhd sub01/vhpl114 1510604380
AR chipscope_ila4b chipscope_ila4b_a /home/asip04/WS17/Session8b/ASIPMeisterProjects/brownie/ISEUART5f3/chipscope_ila4b.vhd sub01/vhpl134 1510604400
EN fhm_divider_w32_tconv32 NULL /home/asip04/WS17/Session8b/ASIPMeisterProjects/brownie/ISEUART5f3/fhm_divider_w32.vhd sub00/vhpl63 1510604329
AR rtg_mux20to1_w32 rtl /home/asip04/WS17/Session8b/ASIPMeisterProjects/brownie/ISEUART5f3/rtg_mux20to1_w32.vhd sub01/vhpl100 1510604366
EN fhm_divider_w32_lsftreg32 NULL /home/asip04/WS17/Session8b/ASIPMeisterProjects/brownie/ISEUART5f3/fhm_divider_w32.vhd sub00/vhpl59 1510604325
AR fhm_divider_w32_reg1 synthesis /home/asip04/WS17/Session8b/ASIPMeisterProjects/brownie/ISEUART5f3/fhm_divider_w32.vhd sub00/vhpl58 1510604324
EN clk_div NULL /home/asip04/WS17/Session8b/ASIPMeisterProjects/brownie/ISEUART5f3/clk_div.vhd sub01/vhpl121 1510604387
EN fhm_divider_w32_add32 NULL /home/asip04/WS17/Session8b/ASIPMeisterProjects/brownie/ISEUART5f3/fhm_divider_w32.vhd sub00/vhpl53 1510604319
EN digitalanalogconverter NULL /home/asip04/WS17/Session8b/ASIPMeisterProjects/brownie/ISEUART5f3/DigitalAnalogConverter.vhd sub00/vhpl13 1510604279
AR fhm_multiplier_w32_tconv64 synthesis /home/asip04/WS17/Session8b/ASIPMeisterProjects/brownie/ISEUART5f3/fhm_multiplier_w32.vhd sub00/vhpl50 1510604316
AR rtg_mux2to1_w32 rtl /home/asip04/WS17/Session8b/ASIPMeisterProjects/brownie/ISEUART5f3/rtg_mux2to1_w32.vhd sub00/vhpl92 1510604358
AR fhm_multiplier_w32_reg64 synthesis /home/asip04/WS17/Session8b/ASIPMeisterProjects/brownie/ISEUART5f3/fhm_multiplier_w32.vhd sub00/vhpl44 1510604310
AR fhm_dummy_register_w32 logic /home/asip04/WS17/Session8b/ASIPMeisterProjects/brownie/ISEUART5f3/fhm_dummy_register_w32.vhd sub00/vhpl82 1510604348
AR rtg_register_w84 rtl /home/asip04/WS17/Session8b/ASIPMeisterProjects/brownie/ISEUART5f3/rtg_register_w84.vhd sub00/vhpl09 1510604275
AR kcuart_rx low_level_definition /home/asip04/WS17/Session8b/ASIPMeisterProjects/brownie/ISEUART5f3/kcuart_rx.vhd sub01/vhpl126 1510604392
AR rtg_register_w2 rtl /home/asip04/WS17/Session8b/ASIPMeisterProjects/brownie/ISEUART5f3/rtg_register_w2.vhd sub00/vhpl05 1510604271
EN bram_dm NULL /home/asip04/WS17/Session8b/ASIPMeisterProjects/brownie/ISEUART5f3/bram_dm.vhd sub01/vhpl115 1510604381
AR fhm_multiplier_w32 synthesis /home/asip04/WS17/Session8b/ASIPMeisterProjects/brownie/ISEUART5f3/fhm_multiplier_w32.vhd sub00/vhpl52 1510604318
AR status_reg27 synthesis /home/asip04/WS17/Session8b/ASIPMeisterProjects/brownie/ISEUART5f3/fhm_browregfile_w32.vhd sub00/vhpl86 1510604352
