AR bram_dm bram_dm_a /home/asip04/thesis/Session5/ASIPMeisterProjects/dlx_basis/ISE_Framework/bram_dm.vhd sub01/vhpl134 1504725588
AR rtg_register_w34 rtl /home/asip04/thesis/Session5/ASIPMeisterProjects/dlx_basis/ISE_Framework/rtg_register_w34.vhd sub00/vhpl09 1504725463
EN fhm_divider_w32_reg32 NULL /home/asip04/thesis/Session5/ASIPMeisterProjects/dlx_basis/ISE_Framework/fhm_divider_w32.vhd sub00/vhpl89 1504725543
EN fhm_divider_w32_add32_cla4 NULL /home/asip04/thesis/Session5/ASIPMeisterProjects/dlx_basis/ISE_Framework/fhm_divider_w32.vhd sub00/vhpl83 1504725537
EN rtg_register_w12 NULL /home/asip04/thesis/Session5/ASIPMeisterProjects/dlx_basis/ISE_Framework/rtg_register_w12.vhd sub00/vhpl10 1504725464
AR multiclock_latch multiclock_latch_arch /home/asip04/thesis/Session5/ASIPMeisterProjects/dlx_basis/ISE_Framework/i2c_multiclock_latch.vhd sub00/vhpl22 1504725476
AR i2c_toplevel i2c_toplevel_arch /home/asip04/thesis/Session5/ASIPMeisterProjects/dlx_basis/ISE_Framework/i2c_toplevel.vhd sub01/vhpl140 1504725594
AR fhm_divider_w32_reg32 synthesis /home/asip04/thesis/Session5/ASIPMeisterProjects/dlx_basis/ISE_Framework/fhm_divider_w32.vhd sub00/vhpl90 1504725544
EN fhm_pcu_w32_add32_fa NULL /home/asip04/thesis/Session5/ASIPMeisterProjects/dlx_basis/ISE_Framework/fhm_pcu_w32.vhd sub00/vhpl29 1504725483
EN rtg_mux3to1_w5 NULL /home/asip04/thesis/Session5/ASIPMeisterProjects/dlx_basis/ISE_Framework/rtg_mux3to1_w5.vhd sub01/vhpl109 1504725563
EN rtg_register_w32 NULL /home/asip04/thesis/Session5/ASIPMeisterProjects/dlx_basis/ISE_Framework/rtg_register_w32.vhd sub00/vhpl06 1504725460
EN fhm_multiplier_w32_tconv32 NULL /home/asip04/thesis/Session5/ASIPMeisterProjects/dlx_basis/ISE_Framework/fhm_multiplier_w32.vhd sub00/vhpl77 1504725531
EN fhm_alu_w32_add16 NULL /home/asip04/thesis/Session5/ASIPMeisterProjects/dlx_basis/ISE_Framework/fhm_alu_w32.vhd sub00/vhpl51 1504725505
EN rtg_register_w34 NULL /home/asip04/thesis/Session5/ASIPMeisterProjects/dlx_basis/ISE_Framework/rtg_register_w34.vhd sub00/vhpl08 1504725462
EN fhm_alu_w32 NULL /home/asip04/thesis/Session5/ASIPMeisterProjects/dlx_basis/ISE_Framework/fhm_alu_w32.vhd sub00/vhpl55 1504725509
EN i2c_toplevel NULL /home/asip04/thesis/Session5/ASIPMeisterProjects/dlx_basis/ISE_Framework/i2c_toplevel.vhd sub01/vhpl139 1504725593
EN fhm_divider_w32_add32_cla16 NULL /home/asip04/thesis/Session5/ASIPMeisterProjects/dlx_basis/ISE_Framework/fhm_divider_w32.vhd sub00/vhpl85 1504725539
EN fhm_alu_w32_add NULL /home/asip04/thesis/Session5/ASIPMeisterProjects/dlx_basis/ISE_Framework/fhm_alu_w32.vhd sub00/vhpl53 1504725507
EN fhm_multiplier_w32_reg1 NULL /home/asip04/thesis/Session5/ASIPMeisterProjects/dlx_basis/ISE_Framework/fhm_multiplier_w32.vhd sub00/vhpl59 1504725513
EN rtg_mux2to1_w5 NULL /home/asip04/thesis/Session5/ASIPMeisterProjects/dlx_basis/ISE_Framework/rtg_mux2to1_w5.vhd sub01/vhpl113 1504725567
AR clk_div behavioral /home/asip04/thesis/Session5/ASIPMeisterProjects/dlx_basis/ISE_Framework/clk_div.vhd sub01/vhpl144 1504725598
AR rtg_register_w12 rtl /home/asip04/thesis/Session5/ASIPMeisterProjects/dlx_basis/ISE_Framework/rtg_register_w12.vhd sub00/vhpl11 1504725465
AR pca9564_interface pca9564_interface_arch /home/asip04/thesis/Session5/ASIPMeisterProjects/dlx_basis/ISE_Framework/pca9564_interface_state.vhd sub00/vhpl26 1504725480
AR rtg_proc_fsm rtl /home/asip04/thesis/Session5/ASIPMeisterProjects/dlx_basis/ISE_Framework/rtg_proc_fsm.vhd sub00/vhpl01 1504725455
AR rtg_register_w7 rtl /home/asip04/thesis/Session5/ASIPMeisterProjects/dlx_basis/ISE_Framework/rtg_register_w7.vhd sub00/vhpl13 1504725467
EN fhm_multiplier_w32_cla4 NULL /home/asip04/thesis/Session5/ASIPMeisterProjects/dlx_basis/ISE_Framework/fhm_multiplier_w32.vhd sub00/vhpl61 1504725515
EN fhm_multiplier_w32_tconv64 NULL /home/asip04/thesis/Session5/ASIPMeisterProjects/dlx_basis/ISE_Framework/fhm_multiplier_w32.vhd sub00/vhpl79 1504725533
AR dcm_100 behavioral /home/asip04/thesis/Session5/ASIPMeisterProjects/dlx_basis/ISE_Framework/DCM_100.vhd sub01/vhpl128 1504725582
EN dcm_100 NULL /home/asip04/thesis/Session5/ASIPMeisterProjects/dlx_basis/ISE_Framework/DCM_100.vhd sub01/vhpl127 1504725581
PH audioout_types NULL /home/asip04/thesis/Session5/ASIPMeisterProjects/dlx_basis/ISE_Framework/AudioOut_Types.vhd sub00/vhpl14 1504725468
AR fhm_multiplier_w32_add32 synthesis /home/asip04/thesis/Session5/ASIPMeisterProjects/dlx_basis/ISE_Framework/fhm_multiplier_w32.vhd sub00/vhpl68 1504725522
EN fhm_imau_w32 NULL /home/asip04/thesis/Session5/ASIPMeisterProjects/dlx_basis/ISE_Framework/fhm_imau_w32.vhd sub00/vhpl39 1504725493
AR kcuart_tx low_level_definition /home/asip04/thesis/Session5/ASIPMeisterProjects/dlx_basis/ISE_Framework/kcuart_tx.vhd sub01/vhpl146 1504725600
EN fhm_multiplier_w32 NULL /home/asip04/thesis/Session5/ASIPMeisterProjects/dlx_basis/ISE_Framework/fhm_multiplier_w32.vhd sub00/vhpl81 1504725535
AR fhm_pcu_w32_add32 synthesis /home/asip04/thesis/Session5/ASIPMeisterProjects/dlx_basis/ISE_Framework/fhm_pcu_w32.vhd sub00/vhpl32 1504725486
AR fhm_divider_w32 synthesis /home/asip04/thesis/Session5/ASIPMeisterProjects/dlx_basis/ISE_Framework/fhm_divider_w32.vhd sub01/vhpl100 1504725554
EN fhm_dmau_w32 NULL /home/asip04/thesis/Session5/ASIPMeisterProjects/dlx_basis/ISE_Framework/fhm_dmau_w32.vhd sub00/vhpl43 1504725497
AR fhm_alu_w32_add4 synthesis /home/asip04/thesis/Session5/ASIPMeisterProjects/dlx_basis/ISE_Framework/fhm_alu_w32.vhd sub00/vhpl50 1504725504
AR fhm_divider_w32_lsftreg32 synthesis /home/asip04/thesis/Session5/ASIPMeisterProjects/dlx_basis/ISE_Framework/fhm_divider_w32.vhd sub00/vhpl94 1504725548
AR dlx_toplevel behavioral /home/asip04/thesis/Session5/ASIPMeisterProjects/dlx_basis/ISE_Framework/dlx_toplevel.vhd sub01/vhpl150 1504725604
AR fhm_extender_w28 synthesis /home/asip04/thesis/Session5/ASIPMeisterProjects/dlx_basis/ISE_Framework/fhm_extender_w28.vhd sub01/vhpl104 1504725558
AR rtg_mux2to1_w5 rtl /home/asip04/thesis/Session5/ASIPMeisterProjects/dlx_basis/ISE_Framework/rtg_mux2to1_w5.vhd sub01/vhpl114 1504725568
EN fhm_multiplier_w32_add32 NULL /home/asip04/thesis/Session5/ASIPMeisterProjects/dlx_basis/ISE_Framework/fhm_multiplier_w32.vhd sub00/vhpl67 1504725521
EN fhm_divider_w32_sdiv32 NULL /home/asip04/thesis/Session5/ASIPMeisterProjects/dlx_basis/ISE_Framework/fhm_divider_w32.vhd sub00/vhpl95 1504725549
EN multiclock_latch NULL /home/asip04/thesis/Session5/ASIPMeisterProjects/dlx_basis/ISE_Framework/i2c_multiclock_latch.vhd sub00/vhpl21 1504725475
EN rtg_mux4to1_w32 NULL /home/asip04/thesis/Session5/ASIPMeisterProjects/dlx_basis/ISE_Framework/rtg_mux4to1_w32.vhd sub01/vhpl117 1504725571
AR fhm_alu_w32_add synthesis /home/asip04/thesis/Session5/ASIPMeisterProjects/dlx_basis/ISE_Framework/fhm_alu_w32.vhd sub00/vhpl54 1504725508
EN cpu NULL /home/asip04/thesis/Session5/ASIPMeisterProjects/dlx_basis/ISE_Framework/CPU.vhd sub01/vhpl129 1504725583
AR audio_out_fifo audio_out_fifo_a /home/asip04/thesis/Session5/ASIPMeisterProjects/dlx_basis/ISE_Framework/audio_out_fifo.vhd sub00/vhpl18 1504725472
EN fhm_pcu_w32_add32 NULL /home/asip04/thesis/Session5/ASIPMeisterProjects/dlx_basis/ISE_Framework/fhm_pcu_w32.vhd sub00/vhpl31 1504725485
AR fhm_multiplier_w32_tconv32 synthesis /home/asip04/thesis/Session5/ASIPMeisterProjects/dlx_basis/ISE_Framework/fhm_multiplier_w32.vhd sub00/vhpl78 1504725532
AR audioout_toplevel structure /home/asip04/thesis/Session5/ASIPMeisterProjects/dlx_basis/ISE_Framework/AudioOut_TopLevel.vhd sub01/vhpl142 1504725596
AR fhm_multiplier_w32_reg32 synthesis /home/asip04/thesis/Session5/ASIPMeisterProjects/dlx_basis/ISE_Framework/fhm_multiplier_w32.vhd sub00/vhpl72 1504725526
EN fhm_multiplier_w32_add64 NULL /home/asip04/thesis/Session5/ASIPMeisterProjects/dlx_basis/ISE_Framework/fhm_multiplier_w32.vhd sub00/vhpl69 1504725523
AR rtg_mux3to1_w5 rtl /home/asip04/thesis/Session5/ASIPMeisterProjects/dlx_basis/ISE_Framework/rtg_mux3to1_w5.vhd sub01/vhpl110 1504725564
EN fhm_multiplier_w32_reg32 NULL /home/asip04/thesis/Session5/ASIPMeisterProjects/dlx_basis/ISE_Framework/fhm_multiplier_w32.vhd sub00/vhpl71 1504725525
AR fhm_divider_w32_tconv32 synthesis /home/asip04/thesis/Session5/ASIPMeisterProjects/dlx_basis/ISE_Framework/fhm_divider_w32.vhd sub00/vhpl98 1504725552
EN dlx_toplevel NULL /home/asip04/thesis/Session5/ASIPMeisterProjects/dlx_basis/ISE_Framework/dlx_toplevel.vhd sub01/vhpl149 1504725603
AR fhm_pcu_w32_reg32 synthesis /home/asip04/thesis/Session5/ASIPMeisterProjects/dlx_basis/ISE_Framework/fhm_pcu_w32.vhd sub00/vhpl34 1504725488
EN fifo_generator_v2_1 NULL /home/asip04/thesis/Session5/ASIPMeisterProjects/dlx_basis/ISE_Framework/fifo_generator_v2_1.vhd sub00/vhpl19 1504725473
AR rtg_mux14to1_w32 rtl /home/asip04/thesis/Session5/ASIPMeisterProjects/dlx_basis/ISE_Framework/rtg_mux14to1_w32.vhd sub01/vhpl112 1504725566
AR rtg_mux3to1_w32 rtl /home/asip04/thesis/Session5/ASIPMeisterProjects/dlx_basis/ISE_Framework/rtg_mux3to1_w32.vhd sub01/vhpl116 1504725570
EN fhm_pcu_w32_reg32 NULL /home/asip04/thesis/Session5/ASIPMeisterProjects/dlx_basis/ISE_Framework/fhm_pcu_w32.vhd sub00/vhpl33 1504725487
EN brom_im NULL /home/asip04/thesis/Session5/ASIPMeisterProjects/dlx_basis/ISE_Framework/brom_im.vhd sub01/vhpl131 1504725585
AR fhm_dmau_w32_reg32 synthesis /home/asip04/thesis/Session5/ASIPMeisterProjects/dlx_basis/ISE_Framework/fhm_dmau_w32.vhd sub00/vhpl42 1504725496
AR fhm_multiplier_w32_smul synthesis /home/asip04/thesis/Session5/ASIPMeisterProjects/dlx_basis/ISE_Framework/fhm_multiplier_w32.vhd sub00/vhpl76 1504725530
PB dlxtypes dlxtypes /home/asip04/thesis/Session5/ASIPMeisterProjects/dlx_basis/ISE_Framework/dlxTypes.vhd sub01/vhpl124 1504725578
AR rtg_register_w4 rtl /home/asip04/thesis/Session5/ASIPMeisterProjects/dlx_basis/ISE_Framework/rtg_register_w4.vhd sub01/vhpl120 1504725574
AR fhm_divider_w32_add32 synthesis /home/asip04/thesis/Session5/ASIPMeisterProjects/dlx_basis/ISE_Framework/fhm_divider_w32.vhd sub00/vhpl88 1504725542
PB memorymappertypes memorymappertypes /home/asip04/thesis/Session5/ASIPMeisterProjects/dlx_basis/ISE_Framework/MemoryMapperTypes.vhd sub00/vhpl28 1504725482
EN interface_asipmeister_i2c NULL /home/asip04/thesis/Session5/ASIPMeisterProjects/dlx_basis/ISE_Framework/interface_asipmeister_i2c.vhd sub01/vhpl137 1504725591
EN fhm_multiplier_w32_reg64 NULL /home/asip04/thesis/Session5/ASIPMeisterProjects/dlx_basis/ISE_Framework/fhm_multiplier_w32.vhd sub00/vhpl73 1504725527
AR fhm_alu_w32 synthesis /home/asip04/thesis/Session5/ASIPMeisterProjects/dlx_basis/ISE_Framework/fhm_alu_w32.vhd sub00/vhpl56 1504725510
EN fhm_multiplier_w32_smul NULL /home/asip04/thesis/Session5/ASIPMeisterProjects/dlx_basis/ISE_Framework/fhm_multiplier_w32.vhd sub00/vhpl75 1504725529
AR fhm_shifter_w32 synthesis /home/asip04/thesis/Session5/ASIPMeisterProjects/dlx_basis/ISE_Framework/fhm_shifter_w32.vhd sub01/vhpl102 1504725556
EN fhm_divider_w32_reg1 NULL /home/asip04/thesis/Session5/ASIPMeisterProjects/dlx_basis/ISE_Framework/fhm_divider_w32.vhd sub00/vhpl91 1504725545
AR fhm_divider_w32_add32_cla4 synthesis /home/asip04/thesis/Session5/ASIPMeisterProjects/dlx_basis/ISE_Framework/fhm_divider_w32.vhd sub00/vhpl84 1504725538
AR fhm_divider_w32_add32_cla16 synthesis /home/asip04/thesis/Session5/ASIPMeisterProjects/dlx_basis/ISE_Framework/fhm_divider_w32.vhd sub00/vhpl86 1504725540
EN rtg_proc_fsm NULL /home/asip04/thesis/Session5/ASIPMeisterProjects/dlx_basis/ISE_Framework/rtg_proc_fsm.vhd sub00/vhpl00 1504725454
EN fhm_registerfile_w32_reg32 NULL /home/asip04/thesis/Session5/ASIPMeisterProjects/dlx_basis/ISE_Framework/fhm_registerfile_w32.vhd sub00/vhpl45 1504725499
EN fhm_multiplier_w32_cla16 NULL /home/asip04/thesis/Session5/ASIPMeisterProjects/dlx_basis/ISE_Framework/fhm_multiplier_w32.vhd sub00/vhpl63 1504725517
EN memorymapper NULL /home/asip04/thesis/Session5/ASIPMeisterProjects/dlx_basis/ISE_Framework/MemoryMapper.vhd sub01/vhpl135 1504725589
AR rtg_register_w32 rtl /home/asip04/thesis/Session5/ASIPMeisterProjects/dlx_basis/ISE_Framework/rtg_register_w32.vhd sub00/vhpl07 1504725461
EN kcuart_rx NULL /home/asip04/thesis/Session5/ASIPMeisterProjects/dlx_basis/ISE_Framework/kcuart_rx.vhd sub01/vhpl147 1504725601
EN rtg_mux3to1_w32 NULL /home/asip04/thesis/Session5/ASIPMeisterProjects/dlx_basis/ISE_Framework/rtg_mux3to1_w32.vhd sub01/vhpl115 1504725569
AR rtg_register_w1_00 rtl /home/asip04/thesis/Session5/ASIPMeisterProjects/dlx_basis/ISE_Framework/rtg_register_w1_00.vhd sub00/vhpl03 1504725457
EN pca9564_interface NULL /home/asip04/thesis/Session5/ASIPMeisterProjects/dlx_basis/ISE_Framework/pca9564_interface_state.vhd sub00/vhpl25 1504725479
PH dlxtypes NULL /home/asip04/thesis/Session5/ASIPMeisterProjects/dlx_basis/ISE_Framework/dlxTypes.vhd sub01/vhpl123 1504725577
AR fhm_register_w32 logic /home/asip04/thesis/Session5/ASIPMeisterProjects/dlx_basis/ISE_Framework/fhm_register_w32.vhd sub00/vhpl38 1504725492
AR rtg_controller rtl /home/asip04/thesis/Session5/ASIPMeisterProjects/dlx_basis/ISE_Framework/rtg_controller.vhd sub01/vhpl106 1504725560
AR cpu rtl /home/asip04/thesis/Session5/ASIPMeisterProjects/dlx_basis/ISE_Framework/CPU.vhd sub01/vhpl130 1504725584
EN kcuart_tx NULL /home/asip04/thesis/Session5/ASIPMeisterProjects/dlx_basis/ISE_Framework/kcuart_tx.vhd sub01/vhpl145 1504725599
AR debouncer behavioral /home/asip04/thesis/Session5/ASIPMeisterProjects/dlx_basis/ISE_Framework/Debouncer.vhd sub01/vhpl126 1504725580
EN fhm_dmau_w32_reg32 NULL /home/asip04/thesis/Session5/ASIPMeisterProjects/dlx_basis/ISE_Framework/fhm_dmau_w32.vhd sub00/vhpl41 1504725495
AR digitalanalogconverter behavioral /home/asip04/thesis/Session5/ASIPMeisterProjects/dlx_basis/ISE_Framework/DigitalAnalogConverter.vhd sub00/vhpl16 1504725470
AR fhm_extender_w16 synthesis /home/asip04/thesis/Session5/ASIPMeisterProjects/dlx_basis/ISE_Framework/fhm_extender_w16.vhd sub00/vhpl58 1504725512
EN fhm_multiplier_w32_cla64 NULL /home/asip04/thesis/Session5/ASIPMeisterProjects/dlx_basis/ISE_Framework/fhm_multiplier_w32.vhd sub00/vhpl65 1504725519
AR fhm_multiplier_w32_reg1 synthesis /home/asip04/thesis/Session5/ASIPMeisterProjects/dlx_basis/ISE_Framework/fhm_multiplier_w32.vhd sub00/vhpl60 1504725514
EN fhm_register_w32 NULL /home/asip04/thesis/Session5/ASIPMeisterProjects/dlx_basis/ISE_Framework/fhm_register_w32.vhd sub00/vhpl37 1504725491
EN rtg_register_w1_00 NULL /home/asip04/thesis/Session5/ASIPMeisterProjects/dlx_basis/ISE_Framework/rtg_register_w1_00.vhd sub00/vhpl02 1504725456
EN rtg_register_w1_01 NULL /home/asip04/thesis/Session5/ASIPMeisterProjects/dlx_basis/ISE_Framework/rtg_register_w1_01.vhd sub00/vhpl04 1504725458
AR interface_asipmeister_i2c interface_asipmeister_i2c_arch /home/asip04/thesis/Session5/ASIPMeisterProjects/dlx_basis/ISE_Framework/interface_asipmeister_i2c.vhd sub01/vhpl138 1504725592
AR rtg_register_w5 rtl /home/asip04/thesis/Session5/ASIPMeisterProjects/dlx_basis/ISE_Framework/rtg_register_w5.vhd sub01/vhpl122 1504725576
EN rtg_register_w4 NULL /home/asip04/thesis/Session5/ASIPMeisterProjects/dlx_basis/ISE_Framework/rtg_register_w4.vhd sub01/vhpl119 1504725573
EN rtg_mux14to1_w32 NULL /home/asip04/thesis/Session5/ASIPMeisterProjects/dlx_basis/ISE_Framework/rtg_mux14to1_w32.vhd sub01/vhpl111 1504725565
AR fhm_imau_w32 synthesis /home/asip04/thesis/Session5/ASIPMeisterProjects/dlx_basis/ISE_Framework/fhm_imau_w32.vhd sub00/vhpl40 1504725494
EN rtg_register_w5 NULL /home/asip04/thesis/Session5/ASIPMeisterProjects/dlx_basis/ISE_Framework/rtg_register_w5.vhd sub01/vhpl121 1504725575
EN rtg_register_w7 NULL /home/asip04/thesis/Session5/ASIPMeisterProjects/dlx_basis/ISE_Framework/rtg_register_w7.vhd sub00/vhpl12 1504725466
AR fhm_multiplier_w32_cla16 synthesis /home/asip04/thesis/Session5/ASIPMeisterProjects/dlx_basis/ISE_Framework/fhm_multiplier_w32.vhd sub00/vhpl64 1504725518
AR fhm_alu_w32_add16 synthesis /home/asip04/thesis/Session5/ASIPMeisterProjects/dlx_basis/ISE_Framework/fhm_alu_w32.vhd sub00/vhpl52 1504725506
EN rtg_mux2to1_w32 NULL /home/asip04/thesis/Session5/ASIPMeisterProjects/dlx_basis/ISE_Framework/rtg_mux2to1_w32.vhd sub01/vhpl107 1504725561
PH memorymappertypes NULL /home/asip04/thesis/Session5/ASIPMeisterProjects/dlx_basis/ISE_Framework/MemoryMapperTypes.vhd sub00/vhpl27 1504725481
EN fhm_pcu_w32 NULL /home/asip04/thesis/Session5/ASIPMeisterProjects/dlx_basis/ISE_Framework/fhm_pcu_w32.vhd sub00/vhpl35 1504725489
AR rtg_register_w1_01 rtl /home/asip04/thesis/Session5/ASIPMeisterProjects/dlx_basis/ISE_Framework/rtg_register_w1_01.vhd sub00/vhpl05 1504725459
AR fhm_pcu_w32 synthesis /home/asip04/thesis/Session5/ASIPMeisterProjects/dlx_basis/ISE_Framework/fhm_pcu_w32.vhd sub00/vhpl36 1504725490
EN fhm_divider_w32 NULL /home/asip04/thesis/Session5/ASIPMeisterProjects/dlx_basis/ISE_Framework/fhm_divider_w32.vhd sub00/vhpl99 1504725553
EN audio_out_fifo NULL /home/asip04/thesis/Session5/ASIPMeisterProjects/dlx_basis/ISE_Framework/audio_out_fifo.vhd sub00/vhpl17 1504725471
EN fhm_shifter_w32 NULL /home/asip04/thesis/Session5/ASIPMeisterProjects/dlx_basis/ISE_Framework/fhm_shifter_w32.vhd sub01/vhpl101 1504725555
AR fhm_multiplier_w32_add64 synthesis /home/asip04/thesis/Session5/ASIPMeisterProjects/dlx_basis/ISE_Framework/fhm_multiplier_w32.vhd sub00/vhpl70 1504725524
AR fifo_generator_v2_1 fifo_generator_v2_1_a /home/asip04/thesis/Session5/ASIPMeisterProjects/dlx_basis/ISE_Framework/fifo_generator_v2_1.vhd sub00/vhpl20 1504725474
AR fhm_dmau_w32 synthesis /home/asip04/thesis/Session5/ASIPMeisterProjects/dlx_basis/ISE_Framework/fhm_dmau_w32.vhd sub00/vhpl44 1504725498
EN debouncer NULL /home/asip04/thesis/Session5/ASIPMeisterProjects/dlx_basis/ISE_Framework/Debouncer.vhd sub01/vhpl125 1504725579
AR fhm_divider_w32_sdiv32 synthesis /home/asip04/thesis/Session5/ASIPMeisterProjects/dlx_basis/ISE_Framework/fhm_divider_w32.vhd sub00/vhpl96 1504725550
AR memorymapper behavioral /home/asip04/thesis/Session5/ASIPMeisterProjects/dlx_basis/ISE_Framework/MemoryMapper.vhd sub01/vhpl136 1504725590
EN fhm_extender_w16 NULL /home/asip04/thesis/Session5/ASIPMeisterProjects/dlx_basis/ISE_Framework/fhm_extender_w16.vhd sub00/vhpl57 1504725511
AR fhm_multiplier_w32_cla4 synthesis /home/asip04/thesis/Session5/ASIPMeisterProjects/dlx_basis/ISE_Framework/fhm_multiplier_w32.vhd sub00/vhpl62 1504725516
AR fhm_multiplier_w32_cla64 synthesis /home/asip04/thesis/Session5/ASIPMeisterProjects/dlx_basis/ISE_Framework/fhm_multiplier_w32.vhd sub00/vhpl66 1504725520
EN audioout_toplevel NULL /home/asip04/thesis/Session5/ASIPMeisterProjects/dlx_basis/ISE_Framework/AudioOut_TopLevel.vhd sub01/vhpl141 1504725595
EN rtg_controller NULL /home/asip04/thesis/Session5/ASIPMeisterProjects/dlx_basis/ISE_Framework/rtg_controller.vhd sub01/vhpl105 1504725559
AR brom_im brom_im_a /home/asip04/thesis/Session5/ASIPMeisterProjects/dlx_basis/ISE_Framework/brom_im.vhd sub01/vhpl132 1504725586
EN fhm_divider_w32_tconv32 NULL /home/asip04/thesis/Session5/ASIPMeisterProjects/dlx_basis/ISE_Framework/fhm_divider_w32.vhd sub00/vhpl97 1504725551
EN fhm_extender_w28 NULL /home/asip04/thesis/Session5/ASIPMeisterProjects/dlx_basis/ISE_Framework/fhm_extender_w28.vhd sub01/vhpl103 1504725557
EN i2c_arbiter NULL /home/asip04/thesis/Session5/ASIPMeisterProjects/dlx_basis/ISE_Framework/i2c_arbiter.vhd sub00/vhpl23 1504725477
AR rtg_mux4to1_w32 rtl /home/asip04/thesis/Session5/ASIPMeisterProjects/dlx_basis/ISE_Framework/rtg_mux4to1_w32.vhd sub01/vhpl118 1504725572
EN fhm_alu_w32_add4 NULL /home/asip04/thesis/Session5/ASIPMeisterProjects/dlx_basis/ISE_Framework/fhm_alu_w32.vhd sub00/vhpl49 1504725503
AR i2c_arbiter i2c_arbiter_arch /home/asip04/thesis/Session5/ASIPMeisterProjects/dlx_basis/ISE_Framework/i2c_arbiter.vhd sub00/vhpl24 1504725478
EN fhm_divider_w32_lsftreg32 NULL /home/asip04/thesis/Session5/ASIPMeisterProjects/dlx_basis/ISE_Framework/fhm_divider_w32.vhd sub00/vhpl93 1504725547
AR fhm_divider_w32_reg1 synthesis /home/asip04/thesis/Session5/ASIPMeisterProjects/dlx_basis/ISE_Framework/fhm_divider_w32.vhd sub00/vhpl92 1504725546
AR fhm_pcu_w32_add32_fa synthesis /home/asip04/thesis/Session5/ASIPMeisterProjects/dlx_basis/ISE_Framework/fhm_pcu_w32.vhd sub00/vhpl30 1504725484
EN clk_div NULL /home/asip04/thesis/Session5/ASIPMeisterProjects/dlx_basis/ISE_Framework/clk_div.vhd sub01/vhpl143 1504725597
AR fhm_registerfile_w32_reg32 synthesis /home/asip04/thesis/Session5/ASIPMeisterProjects/dlx_basis/ISE_Framework/fhm_registerfile_w32.vhd sub00/vhpl46 1504725500
EN fhm_divider_w32_add32 NULL /home/asip04/thesis/Session5/ASIPMeisterProjects/dlx_basis/ISE_Framework/fhm_divider_w32.vhd sub00/vhpl87 1504725541
EN digitalanalogconverter NULL /home/asip04/thesis/Session5/ASIPMeisterProjects/dlx_basis/ISE_Framework/DigitalAnalogConverter.vhd sub00/vhpl15 1504725469
AR fhm_multiplier_w32_tconv64 synthesis /home/asip04/thesis/Session5/ASIPMeisterProjects/dlx_basis/ISE_Framework/fhm_multiplier_w32.vhd sub00/vhpl80 1504725534
AR rtg_mux2to1_w32 rtl /home/asip04/thesis/Session5/ASIPMeisterProjects/dlx_basis/ISE_Framework/rtg_mux2to1_w32.vhd sub01/vhpl108 1504725562
AR fhm_multiplier_w32_reg64 synthesis /home/asip04/thesis/Session5/ASIPMeisterProjects/dlx_basis/ISE_Framework/fhm_multiplier_w32.vhd sub00/vhpl74 1504725528
AR kcuart_rx low_level_definition /home/asip04/thesis/Session5/ASIPMeisterProjects/dlx_basis/ISE_Framework/kcuart_rx.vhd sub01/vhpl148 1504725602
EN bram_dm NULL /home/asip04/thesis/Session5/ASIPMeisterProjects/dlx_basis/ISE_Framework/bram_dm.vhd sub01/vhpl133 1504725587
EN fhm_registerfile_w32 NULL /home/asip04/thesis/Session5/ASIPMeisterProjects/dlx_basis/ISE_Framework/fhm_registerfile_w32.vhd sub00/vhpl47 1504725501
AR fhm_registerfile_w32 synthesis /home/asip04/thesis/Session5/ASIPMeisterProjects/dlx_basis/ISE_Framework/fhm_registerfile_w32.vhd sub00/vhpl48 1504725502
AR fhm_multiplier_w32 synthesis /home/asip04/thesis/Session5/ASIPMeisterProjects/dlx_basis/ISE_Framework/fhm_multiplier_w32.vhd sub00/vhpl82 1504725536
