AR bram_dm bram_dm_a /home/asip04/WS16/Session5/ASIPMeisterProjects/dlx_basis/ISE_Framework/bram_dm.vhd sub01/vhpl132 1500628111
AR rtg_register_w34 rtl /home/asip04/WS16/Session5/ASIPMeisterProjects/dlx_basis/ISE_Framework/rtg_register_w34.vhd sub00/vhpl09 1500627988
EN fhm_divider_w32_reg32 NULL /home/asip04/WS16/Session5/ASIPMeisterProjects/dlx_basis/ISE_Framework/fhm_divider_w32.vhd sub00/vhpl89 1500628068
EN fhm_divider_w32_add32_cla4 NULL /home/asip04/WS16/Session5/ASIPMeisterProjects/dlx_basis/ISE_Framework/fhm_divider_w32.vhd sub00/vhpl83 1500628062
EN rtg_register_w12 NULL /home/asip04/WS16/Session5/ASIPMeisterProjects/dlx_basis/ISE_Framework/rtg_register_w12.vhd sub00/vhpl10 1500627989
AR multiclock_latch multiclock_latch_arch /home/asip04/WS16/Session5/ASIPMeisterProjects/dlx_basis/ISE_Framework/i2c_multiclock_latch.vhd sub00/vhpl22 1500628001
AR i2c_toplevel i2c_toplevel_arch /home/asip04/WS16/Session5/ASIPMeisterProjects/dlx_basis/ISE_Framework/i2c_toplevel.vhd sub01/vhpl138 1500628117
AR fhm_divider_w32_reg32 synthesis /home/asip04/WS16/Session5/ASIPMeisterProjects/dlx_basis/ISE_Framework/fhm_divider_w32.vhd sub00/vhpl90 1500628069
EN fhm_pcu_w32_add32_fa NULL /home/asip04/WS16/Session5/ASIPMeisterProjects/dlx_basis/ISE_Framework/fhm_pcu_w32.vhd sub00/vhpl29 1500628008
EN rtg_mux3to1_w5 NULL /home/asip04/WS16/Session5/ASIPMeisterProjects/dlx_basis/ISE_Framework/rtg_mux3to1_w5.vhd sub01/vhpl109 1500628088
EN rtg_register_w32 NULL /home/asip04/WS16/Session5/ASIPMeisterProjects/dlx_basis/ISE_Framework/rtg_register_w32.vhd sub00/vhpl06 1500627985
EN fhm_multiplier_w32_tconv32 NULL /home/asip04/WS16/Session5/ASIPMeisterProjects/dlx_basis/ISE_Framework/fhm_multiplier_w32.vhd sub00/vhpl77 1500628056
EN fhm_alu_w32_add16 NULL /home/asip04/WS16/Session5/ASIPMeisterProjects/dlx_basis/ISE_Framework/fhm_alu_w32.vhd sub00/vhpl51 1500628030
EN rtg_register_w34 NULL /home/asip04/WS16/Session5/ASIPMeisterProjects/dlx_basis/ISE_Framework/rtg_register_w34.vhd sub00/vhpl08 1500627987
EN fhm_alu_w32 NULL /home/asip04/WS16/Session5/ASIPMeisterProjects/dlx_basis/ISE_Framework/fhm_alu_w32.vhd sub00/vhpl55 1500628034
EN i2c_toplevel NULL /home/asip04/WS16/Session5/ASIPMeisterProjects/dlx_basis/ISE_Framework/i2c_toplevel.vhd sub01/vhpl137 1500628116
EN fhm_divider_w32_add32_cla16 NULL /home/asip04/WS16/Session5/ASIPMeisterProjects/dlx_basis/ISE_Framework/fhm_divider_w32.vhd sub00/vhpl85 1500628064
EN fhm_alu_w32_add NULL /home/asip04/WS16/Session5/ASIPMeisterProjects/dlx_basis/ISE_Framework/fhm_alu_w32.vhd sub00/vhpl53 1500628032
EN fhm_multiplier_w32_reg1 NULL /home/asip04/WS16/Session5/ASIPMeisterProjects/dlx_basis/ISE_Framework/fhm_multiplier_w32.vhd sub00/vhpl59 1500628038
EN rtg_mux2to1_w5 NULL /home/asip04/WS16/Session5/ASIPMeisterProjects/dlx_basis/ISE_Framework/rtg_mux2to1_w5.vhd sub01/vhpl113 1500628092
AR clk_div behavioral /home/asip04/WS16/Session5/ASIPMeisterProjects/dlx_basis/ISE_Framework/clk_div.vhd sub01/vhpl142 1500628121
AR rtg_register_w12 rtl /home/asip04/WS16/Session5/ASIPMeisterProjects/dlx_basis/ISE_Framework/rtg_register_w12.vhd sub00/vhpl11 1500627990
AR pca9564_interface pca9564_interface_arch /home/asip04/WS16/Session5/ASIPMeisterProjects/dlx_basis/ISE_Framework/pca9564_interface_state.vhd sub00/vhpl26 1500628005
AR rtg_proc_fsm rtl /home/asip04/WS16/Session5/ASIPMeisterProjects/dlx_basis/ISE_Framework/rtg_proc_fsm.vhd sub00/vhpl01 1500627980
AR rtg_register_w7 rtl /home/asip04/WS16/Session5/ASIPMeisterProjects/dlx_basis/ISE_Framework/rtg_register_w7.vhd sub00/vhpl13 1500627992
EN fhm_multiplier_w32_cla4 NULL /home/asip04/WS16/Session5/ASIPMeisterProjects/dlx_basis/ISE_Framework/fhm_multiplier_w32.vhd sub00/vhpl61 1500628040
EN fhm_multiplier_w32_tconv64 NULL /home/asip04/WS16/Session5/ASIPMeisterProjects/dlx_basis/ISE_Framework/fhm_multiplier_w32.vhd sub00/vhpl79 1500628058
PH audioout_types NULL /home/asip04/WS16/Session5/ASIPMeisterProjects/dlx_basis/ISE_Framework/AudioOut_Types.vhd sub00/vhpl14 1500627993
AR fhm_multiplier_w32_add32 synthesis /home/asip04/WS16/Session5/ASIPMeisterProjects/dlx_basis/ISE_Framework/fhm_multiplier_w32.vhd sub00/vhpl68 1500628047
EN fhm_imau_w32 NULL /home/asip04/WS16/Session5/ASIPMeisterProjects/dlx_basis/ISE_Framework/fhm_imau_w32.vhd sub00/vhpl39 1500628018
AR kcuart_tx low_level_definition /home/asip04/WS16/Session5/ASIPMeisterProjects/dlx_basis/ISE_Framework/kcuart_tx.vhd sub01/vhpl144 1500628123
EN fhm_multiplier_w32 NULL /home/asip04/WS16/Session5/ASIPMeisterProjects/dlx_basis/ISE_Framework/fhm_multiplier_w32.vhd sub00/vhpl81 1500628060
AR fhm_pcu_w32_add32 synthesis /home/asip04/WS16/Session5/ASIPMeisterProjects/dlx_basis/ISE_Framework/fhm_pcu_w32.vhd sub00/vhpl32 1500628011
AR fhm_divider_w32 synthesis /home/asip04/WS16/Session5/ASIPMeisterProjects/dlx_basis/ISE_Framework/fhm_divider_w32.vhd sub01/vhpl100 1500628079
EN fhm_dmau_w32 NULL /home/asip04/WS16/Session5/ASIPMeisterProjects/dlx_basis/ISE_Framework/fhm_dmau_w32.vhd sub00/vhpl43 1500628022
AR fhm_alu_w32_add4 synthesis /home/asip04/WS16/Session5/ASIPMeisterProjects/dlx_basis/ISE_Framework/fhm_alu_w32.vhd sub00/vhpl50 1500628029
AR fhm_divider_w32_lsftreg32 synthesis /home/asip04/WS16/Session5/ASIPMeisterProjects/dlx_basis/ISE_Framework/fhm_divider_w32.vhd sub00/vhpl94 1500628073
AR dlx_toplevel behavioral /home/asip04/WS16/Session5/ASIPMeisterProjects/dlx_basis/ISE_Framework/dlx_toplevel.vhd sub01/vhpl148 1500628127
AR fhm_extender_w28 synthesis /home/asip04/WS16/Session5/ASIPMeisterProjects/dlx_basis/ISE_Framework/fhm_extender_w28.vhd sub01/vhpl104 1500628083
AR rtg_mux2to1_w5 rtl /home/asip04/WS16/Session5/ASIPMeisterProjects/dlx_basis/ISE_Framework/rtg_mux2to1_w5.vhd sub01/vhpl114 1500628093
EN fhm_multiplier_w32_add32 NULL /home/asip04/WS16/Session5/ASIPMeisterProjects/dlx_basis/ISE_Framework/fhm_multiplier_w32.vhd sub00/vhpl67 1500628046
EN fhm_divider_w32_sdiv32 NULL /home/asip04/WS16/Session5/ASIPMeisterProjects/dlx_basis/ISE_Framework/fhm_divider_w32.vhd sub00/vhpl95 1500628074
EN multiclock_latch NULL /home/asip04/WS16/Session5/ASIPMeisterProjects/dlx_basis/ISE_Framework/i2c_multiclock_latch.vhd sub00/vhpl21 1500628000
EN rtg_mux4to1_w32 NULL /home/asip04/WS16/Session5/ASIPMeisterProjects/dlx_basis/ISE_Framework/rtg_mux4to1_w32.vhd sub01/vhpl117 1500628096
AR fhm_alu_w32_add synthesis /home/asip04/WS16/Session5/ASIPMeisterProjects/dlx_basis/ISE_Framework/fhm_alu_w32.vhd sub00/vhpl54 1500628033
EN cpu NULL /home/asip04/WS16/Session5/ASIPMeisterProjects/dlx_basis/ISE_Framework/CPU.vhd sub01/vhpl127 1500628106
AR audio_out_fifo audio_out_fifo_a /home/asip04/WS16/Session5/ASIPMeisterProjects/dlx_basis/ISE_Framework/audio_out_fifo.vhd sub00/vhpl18 1500627997
EN fhm_pcu_w32_add32 NULL /home/asip04/WS16/Session5/ASIPMeisterProjects/dlx_basis/ISE_Framework/fhm_pcu_w32.vhd sub00/vhpl31 1500628010
AR fhm_multiplier_w32_tconv32 synthesis /home/asip04/WS16/Session5/ASIPMeisterProjects/dlx_basis/ISE_Framework/fhm_multiplier_w32.vhd sub00/vhpl78 1500628057
AR audioout_toplevel structure /home/asip04/WS16/Session5/ASIPMeisterProjects/dlx_basis/ISE_Framework/AudioOut_TopLevel.vhd sub01/vhpl140 1500628119
AR fhm_multiplier_w32_reg32 synthesis /home/asip04/WS16/Session5/ASIPMeisterProjects/dlx_basis/ISE_Framework/fhm_multiplier_w32.vhd sub00/vhpl72 1500628051
EN fhm_multiplier_w32_add64 NULL /home/asip04/WS16/Session5/ASIPMeisterProjects/dlx_basis/ISE_Framework/fhm_multiplier_w32.vhd sub00/vhpl69 1500628048
AR rtg_mux3to1_w5 rtl /home/asip04/WS16/Session5/ASIPMeisterProjects/dlx_basis/ISE_Framework/rtg_mux3to1_w5.vhd sub01/vhpl110 1500628089
EN fhm_multiplier_w32_reg32 NULL /home/asip04/WS16/Session5/ASIPMeisterProjects/dlx_basis/ISE_Framework/fhm_multiplier_w32.vhd sub00/vhpl71 1500628050
AR fhm_divider_w32_tconv32 synthesis /home/asip04/WS16/Session5/ASIPMeisterProjects/dlx_basis/ISE_Framework/fhm_divider_w32.vhd sub00/vhpl98 1500628077
EN dlx_toplevel NULL /home/asip04/WS16/Session5/ASIPMeisterProjects/dlx_basis/ISE_Framework/dlx_toplevel.vhd sub01/vhpl147 1500628126
AR fhm_pcu_w32_reg32 synthesis /home/asip04/WS16/Session5/ASIPMeisterProjects/dlx_basis/ISE_Framework/fhm_pcu_w32.vhd sub00/vhpl34 1500628013
EN fifo_generator_v2_1 NULL /home/asip04/WS16/Session5/ASIPMeisterProjects/dlx_basis/ISE_Framework/fifo_generator_v2_1.vhd sub00/vhpl19 1500627998
AR rtg_mux14to1_w32 rtl /home/asip04/WS16/Session5/ASIPMeisterProjects/dlx_basis/ISE_Framework/rtg_mux14to1_w32.vhd sub01/vhpl112 1500628091
AR rtg_mux3to1_w32 rtl /home/asip04/WS16/Session5/ASIPMeisterProjects/dlx_basis/ISE_Framework/rtg_mux3to1_w32.vhd sub01/vhpl116 1500628095
EN fhm_pcu_w32_reg32 NULL /home/asip04/WS16/Session5/ASIPMeisterProjects/dlx_basis/ISE_Framework/fhm_pcu_w32.vhd sub00/vhpl33 1500628012
EN brom_im NULL /home/asip04/WS16/Session5/ASIPMeisterProjects/dlx_basis/ISE_Framework/brom_im.vhd sub01/vhpl129 1500628108
AR fhm_dmau_w32_reg32 synthesis /home/asip04/WS16/Session5/ASIPMeisterProjects/dlx_basis/ISE_Framework/fhm_dmau_w32.vhd sub00/vhpl42 1500628021
AR fhm_multiplier_w32_smul synthesis /home/asip04/WS16/Session5/ASIPMeisterProjects/dlx_basis/ISE_Framework/fhm_multiplier_w32.vhd sub00/vhpl76 1500628055
PB dlxtypes dlxtypes /home/asip04/WS16/Session5/ASIPMeisterProjects/dlx_basis/ISE_Framework/dlxTypes.vhd sub01/vhpl124 1500628103
AR rtg_register_w4 rtl /home/asip04/WS16/Session5/ASIPMeisterProjects/dlx_basis/ISE_Framework/rtg_register_w4.vhd sub01/vhpl120 1500628099
AR fhm_divider_w32_add32 synthesis /home/asip04/WS16/Session5/ASIPMeisterProjects/dlx_basis/ISE_Framework/fhm_divider_w32.vhd sub00/vhpl88 1500628067
PB memorymappertypes memorymappertypes /home/asip04/WS16/Session5/ASIPMeisterProjects/dlx_basis/ISE_Framework/MemoryMapperTypes.vhd sub00/vhpl28 1500628007
EN interface_asipmeister_i2c NULL /home/asip04/WS16/Session5/ASIPMeisterProjects/dlx_basis/ISE_Framework/interface_asipmeister_i2c.vhd sub01/vhpl135 1500628114
EN fhm_multiplier_w32_reg64 NULL /home/asip04/WS16/Session5/ASIPMeisterProjects/dlx_basis/ISE_Framework/fhm_multiplier_w32.vhd sub00/vhpl73 1500628052
AR fhm_alu_w32 synthesis /home/asip04/WS16/Session5/ASIPMeisterProjects/dlx_basis/ISE_Framework/fhm_alu_w32.vhd sub00/vhpl56 1500628035
EN fhm_multiplier_w32_smul NULL /home/asip04/WS16/Session5/ASIPMeisterProjects/dlx_basis/ISE_Framework/fhm_multiplier_w32.vhd sub00/vhpl75 1500628054
AR fhm_shifter_w32 synthesis /home/asip04/WS16/Session5/ASIPMeisterProjects/dlx_basis/ISE_Framework/fhm_shifter_w32.vhd sub01/vhpl102 1500628081
EN fhm_divider_w32_reg1 NULL /home/asip04/WS16/Session5/ASIPMeisterProjects/dlx_basis/ISE_Framework/fhm_divider_w32.vhd sub00/vhpl91 1500628070
AR fhm_divider_w32_add32_cla4 synthesis /home/asip04/WS16/Session5/ASIPMeisterProjects/dlx_basis/ISE_Framework/fhm_divider_w32.vhd sub00/vhpl84 1500628063
AR fhm_divider_w32_add32_cla16 synthesis /home/asip04/WS16/Session5/ASIPMeisterProjects/dlx_basis/ISE_Framework/fhm_divider_w32.vhd sub00/vhpl86 1500628065
EN rtg_proc_fsm NULL /home/asip04/WS16/Session5/ASIPMeisterProjects/dlx_basis/ISE_Framework/rtg_proc_fsm.vhd sub00/vhpl00 1500627979
EN fhm_registerfile_w32_reg32 NULL /home/asip04/WS16/Session5/ASIPMeisterProjects/dlx_basis/ISE_Framework/fhm_registerfile_w32.vhd sub00/vhpl45 1500628024
EN fhm_multiplier_w32_cla16 NULL /home/asip04/WS16/Session5/ASIPMeisterProjects/dlx_basis/ISE_Framework/fhm_multiplier_w32.vhd sub00/vhpl63 1500628042
EN memorymapper NULL /home/asip04/WS16/Session5/ASIPMeisterProjects/dlx_basis/ISE_Framework/MemoryMapper.vhd sub01/vhpl133 1500628112
AR rtg_register_w32 rtl /home/asip04/WS16/Session5/ASIPMeisterProjects/dlx_basis/ISE_Framework/rtg_register_w32.vhd sub00/vhpl07 1500627986
EN kcuart_rx NULL /home/asip04/WS16/Session5/ASIPMeisterProjects/dlx_basis/ISE_Framework/kcuart_rx.vhd sub01/vhpl145 1500628124
EN rtg_mux3to1_w32 NULL /home/asip04/WS16/Session5/ASIPMeisterProjects/dlx_basis/ISE_Framework/rtg_mux3to1_w32.vhd sub01/vhpl115 1500628094
AR rtg_register_w1_00 rtl /home/asip04/WS16/Session5/ASIPMeisterProjects/dlx_basis/ISE_Framework/rtg_register_w1_00.vhd sub00/vhpl03 1500627982
EN pca9564_interface NULL /home/asip04/WS16/Session5/ASIPMeisterProjects/dlx_basis/ISE_Framework/pca9564_interface_state.vhd sub00/vhpl25 1500628004
PH dlxtypes NULL /home/asip04/WS16/Session5/ASIPMeisterProjects/dlx_basis/ISE_Framework/dlxTypes.vhd sub01/vhpl123 1500628102
AR fhm_register_w32 logic /home/asip04/WS16/Session5/ASIPMeisterProjects/dlx_basis/ISE_Framework/fhm_register_w32.vhd sub00/vhpl38 1500628017
AR rtg_controller rtl /home/asip04/WS16/Session5/ASIPMeisterProjects/dlx_basis/ISE_Framework/rtg_controller.vhd sub01/vhpl106 1500628085
AR cpu rtl /home/asip04/WS16/Session5/ASIPMeisterProjects/dlx_basis/ISE_Framework/CPU.vhd sub01/vhpl128 1500628107
EN kcuart_tx NULL /home/asip04/WS16/Session5/ASIPMeisterProjects/dlx_basis/ISE_Framework/kcuart_tx.vhd sub01/vhpl143 1500628122
AR debouncer behavioral /home/asip04/WS16/Session5/ASIPMeisterProjects/dlx_basis/ISE_Framework/Debouncer.vhd sub01/vhpl126 1500628105
EN fhm_dmau_w32_reg32 NULL /home/asip04/WS16/Session5/ASIPMeisterProjects/dlx_basis/ISE_Framework/fhm_dmau_w32.vhd sub00/vhpl41 1500628020
AR digitalanalogconverter behavioral /home/asip04/WS16/Session5/ASIPMeisterProjects/dlx_basis/ISE_Framework/DigitalAnalogConverter.vhd sub00/vhpl16 1500627995
AR fhm_extender_w16 synthesis /home/asip04/WS16/Session5/ASIPMeisterProjects/dlx_basis/ISE_Framework/fhm_extender_w16.vhd sub00/vhpl58 1500628037
EN fhm_multiplier_w32_cla64 NULL /home/asip04/WS16/Session5/ASIPMeisterProjects/dlx_basis/ISE_Framework/fhm_multiplier_w32.vhd sub00/vhpl65 1500628044
AR fhm_multiplier_w32_reg1 synthesis /home/asip04/WS16/Session5/ASIPMeisterProjects/dlx_basis/ISE_Framework/fhm_multiplier_w32.vhd sub00/vhpl60 1500628039
EN fhm_register_w32 NULL /home/asip04/WS16/Session5/ASIPMeisterProjects/dlx_basis/ISE_Framework/fhm_register_w32.vhd sub00/vhpl37 1500628016
EN rtg_register_w1_00 NULL /home/asip04/WS16/Session5/ASIPMeisterProjects/dlx_basis/ISE_Framework/rtg_register_w1_00.vhd sub00/vhpl02 1500627981
EN rtg_register_w1_01 NULL /home/asip04/WS16/Session5/ASIPMeisterProjects/dlx_basis/ISE_Framework/rtg_register_w1_01.vhd sub00/vhpl04 1500627983
AR interface_asipmeister_i2c interface_asipmeister_i2c_arch /home/asip04/WS16/Session5/ASIPMeisterProjects/dlx_basis/ISE_Framework/interface_asipmeister_i2c.vhd sub01/vhpl136 1500628115
AR rtg_register_w5 rtl /home/asip04/WS16/Session5/ASIPMeisterProjects/dlx_basis/ISE_Framework/rtg_register_w5.vhd sub01/vhpl122 1500628101
EN rtg_register_w4 NULL /home/asip04/WS16/Session5/ASIPMeisterProjects/dlx_basis/ISE_Framework/rtg_register_w4.vhd sub01/vhpl119 1500628098
EN rtg_mux14to1_w32 NULL /home/asip04/WS16/Session5/ASIPMeisterProjects/dlx_basis/ISE_Framework/rtg_mux14to1_w32.vhd sub01/vhpl111 1500628090
AR fhm_imau_w32 synthesis /home/asip04/WS16/Session5/ASIPMeisterProjects/dlx_basis/ISE_Framework/fhm_imau_w32.vhd sub00/vhpl40 1500628019
EN rtg_register_w5 NULL /home/asip04/WS16/Session5/ASIPMeisterProjects/dlx_basis/ISE_Framework/rtg_register_w5.vhd sub01/vhpl121 1500628100
EN rtg_register_w7 NULL /home/asip04/WS16/Session5/ASIPMeisterProjects/dlx_basis/ISE_Framework/rtg_register_w7.vhd sub00/vhpl12 1500627991
AR fhm_multiplier_w32_cla16 synthesis /home/asip04/WS16/Session5/ASIPMeisterProjects/dlx_basis/ISE_Framework/fhm_multiplier_w32.vhd sub00/vhpl64 1500628043
AR fhm_alu_w32_add16 synthesis /home/asip04/WS16/Session5/ASIPMeisterProjects/dlx_basis/ISE_Framework/fhm_alu_w32.vhd sub00/vhpl52 1500628031
EN rtg_mux2to1_w32 NULL /home/asip04/WS16/Session5/ASIPMeisterProjects/dlx_basis/ISE_Framework/rtg_mux2to1_w32.vhd sub01/vhpl107 1500628086
PH memorymappertypes NULL /home/asip04/WS16/Session5/ASIPMeisterProjects/dlx_basis/ISE_Framework/MemoryMapperTypes.vhd sub00/vhpl27 1500628006
MO DCM_100 NULL DCM_100.v vlg0C/_d_c_m__100.bin 1500627982
EN fhm_pcu_w32 NULL /home/asip04/WS16/Session5/ASIPMeisterProjects/dlx_basis/ISE_Framework/fhm_pcu_w32.vhd sub00/vhpl35 1500628014
AR rtg_register_w1_01 rtl /home/asip04/WS16/Session5/ASIPMeisterProjects/dlx_basis/ISE_Framework/rtg_register_w1_01.vhd sub00/vhpl05 1500627984
AR fhm_pcu_w32 synthesis /home/asip04/WS16/Session5/ASIPMeisterProjects/dlx_basis/ISE_Framework/fhm_pcu_w32.vhd sub00/vhpl36 1500628015
EN fhm_divider_w32 NULL /home/asip04/WS16/Session5/ASIPMeisterProjects/dlx_basis/ISE_Framework/fhm_divider_w32.vhd sub00/vhpl99 1500628078
EN audio_out_fifo NULL /home/asip04/WS16/Session5/ASIPMeisterProjects/dlx_basis/ISE_Framework/audio_out_fifo.vhd sub00/vhpl17 1500627996
EN fhm_shifter_w32 NULL /home/asip04/WS16/Session5/ASIPMeisterProjects/dlx_basis/ISE_Framework/fhm_shifter_w32.vhd sub01/vhpl101 1500628080
AR fhm_multiplier_w32_add64 synthesis /home/asip04/WS16/Session5/ASIPMeisterProjects/dlx_basis/ISE_Framework/fhm_multiplier_w32.vhd sub00/vhpl70 1500628049
AR fifo_generator_v2_1 fifo_generator_v2_1_a /home/asip04/WS16/Session5/ASIPMeisterProjects/dlx_basis/ISE_Framework/fifo_generator_v2_1.vhd sub00/vhpl20 1500627999
AR fhm_dmau_w32 synthesis /home/asip04/WS16/Session5/ASIPMeisterProjects/dlx_basis/ISE_Framework/fhm_dmau_w32.vhd sub00/vhpl44 1500628023
EN debouncer NULL /home/asip04/WS16/Session5/ASIPMeisterProjects/dlx_basis/ISE_Framework/Debouncer.vhd sub01/vhpl125 1500628104
AR fhm_divider_w32_sdiv32 synthesis /home/asip04/WS16/Session5/ASIPMeisterProjects/dlx_basis/ISE_Framework/fhm_divider_w32.vhd sub00/vhpl96 1500628075
AR memorymapper behavioral /home/asip04/WS16/Session5/ASIPMeisterProjects/dlx_basis/ISE_Framework/MemoryMapper.vhd sub01/vhpl134 1500628113
EN fhm_extender_w16 NULL /home/asip04/WS16/Session5/ASIPMeisterProjects/dlx_basis/ISE_Framework/fhm_extender_w16.vhd sub00/vhpl57 1500628036
AR fhm_multiplier_w32_cla4 synthesis /home/asip04/WS16/Session5/ASIPMeisterProjects/dlx_basis/ISE_Framework/fhm_multiplier_w32.vhd sub00/vhpl62 1500628041
AR fhm_multiplier_w32_cla64 synthesis /home/asip04/WS16/Session5/ASIPMeisterProjects/dlx_basis/ISE_Framework/fhm_multiplier_w32.vhd sub00/vhpl66 1500628045
EN audioout_toplevel NULL /home/asip04/WS16/Session5/ASIPMeisterProjects/dlx_basis/ISE_Framework/AudioOut_TopLevel.vhd sub01/vhpl139 1500628118
EN rtg_controller NULL /home/asip04/WS16/Session5/ASIPMeisterProjects/dlx_basis/ISE_Framework/rtg_controller.vhd sub01/vhpl105 1500628084
AR brom_im brom_im_a /home/asip04/WS16/Session5/ASIPMeisterProjects/dlx_basis/ISE_Framework/brom_im.vhd sub01/vhpl130 1500628109
EN fhm_divider_w32_tconv32 NULL /home/asip04/WS16/Session5/ASIPMeisterProjects/dlx_basis/ISE_Framework/fhm_divider_w32.vhd sub00/vhpl97 1500628076
EN fhm_extender_w28 NULL /home/asip04/WS16/Session5/ASIPMeisterProjects/dlx_basis/ISE_Framework/fhm_extender_w28.vhd sub01/vhpl103 1500628082
EN i2c_arbiter NULL /home/asip04/WS16/Session5/ASIPMeisterProjects/dlx_basis/ISE_Framework/i2c_arbiter.vhd sub00/vhpl23 1500628002
AR rtg_mux4to1_w32 rtl /home/asip04/WS16/Session5/ASIPMeisterProjects/dlx_basis/ISE_Framework/rtg_mux4to1_w32.vhd sub01/vhpl118 1500628097
EN fhm_alu_w32_add4 NULL /home/asip04/WS16/Session5/ASIPMeisterProjects/dlx_basis/ISE_Framework/fhm_alu_w32.vhd sub00/vhpl49 1500628028
AR i2c_arbiter i2c_arbiter_arch /home/asip04/WS16/Session5/ASIPMeisterProjects/dlx_basis/ISE_Framework/i2c_arbiter.vhd sub00/vhpl24 1500628003
EN fhm_divider_w32_lsftreg32 NULL /home/asip04/WS16/Session5/ASIPMeisterProjects/dlx_basis/ISE_Framework/fhm_divider_w32.vhd sub00/vhpl93 1500628072
AR fhm_divider_w32_reg1 synthesis /home/asip04/WS16/Session5/ASIPMeisterProjects/dlx_basis/ISE_Framework/fhm_divider_w32.vhd sub00/vhpl92 1500628071
AR fhm_pcu_w32_add32_fa synthesis /home/asip04/WS16/Session5/ASIPMeisterProjects/dlx_basis/ISE_Framework/fhm_pcu_w32.vhd sub00/vhpl30 1500628009
EN clk_div NULL /home/asip04/WS16/Session5/ASIPMeisterProjects/dlx_basis/ISE_Framework/clk_div.vhd sub01/vhpl141 1500628120
AR fhm_registerfile_w32_reg32 synthesis /home/asip04/WS16/Session5/ASIPMeisterProjects/dlx_basis/ISE_Framework/fhm_registerfile_w32.vhd sub00/vhpl46 1500628025
EN fhm_divider_w32_add32 NULL /home/asip04/WS16/Session5/ASIPMeisterProjects/dlx_basis/ISE_Framework/fhm_divider_w32.vhd sub00/vhpl87 1500628066
EN digitalanalogconverter NULL /home/asip04/WS16/Session5/ASIPMeisterProjects/dlx_basis/ISE_Framework/DigitalAnalogConverter.vhd sub00/vhpl15 1500627994
AR fhm_multiplier_w32_tconv64 synthesis /home/asip04/WS16/Session5/ASIPMeisterProjects/dlx_basis/ISE_Framework/fhm_multiplier_w32.vhd sub00/vhpl80 1500628059
AR rtg_mux2to1_w32 rtl /home/asip04/WS16/Session5/ASIPMeisterProjects/dlx_basis/ISE_Framework/rtg_mux2to1_w32.vhd sub01/vhpl108 1500628087
AR fhm_multiplier_w32_reg64 synthesis /home/asip04/WS16/Session5/ASIPMeisterProjects/dlx_basis/ISE_Framework/fhm_multiplier_w32.vhd sub00/vhpl74 1500628053
AR kcuart_rx low_level_definition /home/asip04/WS16/Session5/ASIPMeisterProjects/dlx_basis/ISE_Framework/kcuart_rx.vhd sub01/vhpl146 1500628125
EN bram_dm NULL /home/asip04/WS16/Session5/ASIPMeisterProjects/dlx_basis/ISE_Framework/bram_dm.vhd sub01/vhpl131 1500628110
EN fhm_registerfile_w32 NULL /home/asip04/WS16/Session5/ASIPMeisterProjects/dlx_basis/ISE_Framework/fhm_registerfile_w32.vhd sub00/vhpl47 1500628026
AR fhm_registerfile_w32 synthesis /home/asip04/WS16/Session5/ASIPMeisterProjects/dlx_basis/ISE_Framework/fhm_registerfile_w32.vhd sub00/vhpl48 1500628027
AR fhm_multiplier_w32 synthesis /home/asip04/WS16/Session5/ASIPMeisterProjects/dlx_basis/ISE_Framework/fhm_multiplier_w32.vhd sub00/vhpl82 1500628061
