AR bram_dm bram_dm_a /home/asip04/WS17/Session8b/ASIPMeisterProjects/brownie/ISEUART6/bram_dm.vhd sub01/vhpl126 1519046905
EN fhm_fwu_w32 NULL /home/asip04/WS17/Session8b/ASIPMeisterProjects/brownie/ISEUART6/fhm_fwu_w32.vhd sub00/vhpl89 1519046868
EN rtg_mux5to1_w5 NULL /home/asip04/WS17/Session8b/ASIPMeisterProjects/brownie/ISEUART6/rtg_mux5to1_w5.vhd sub01/vhpl111 1519046890
EN fhm_dummy_register_w32 NULL /home/asip04/WS17/Session8b/ASIPMeisterProjects/brownie/ISEUART6/fhm_dummy_register_w32.vhd sub00/vhpl91 1519046870
EN fhm_divider_w32_reg32 NULL /home/asip04/WS17/Session8b/ASIPMeisterProjects/brownie/ISEUART6/fhm_divider_w32.vhd sub00/vhpl65 1519046844
AR fhm_wire_in_w1 synthesis /home/asip04/WS17/Session8b/ASIPMeisterProjects/brownie/ISEUART6/fhm_wire_in_w1.vhd sub00/vhpl86 1519046865
EN fhm_mifu_w32_00 NULL /home/asip04/WS17/Session8b/ASIPMeisterProjects/brownie/ISEUART6/fhm_mifu_w32_00.vhd sub00/vhpl37 1519046816
EN fhm_mifu_w32_01 NULL /home/asip04/WS17/Session8b/ASIPMeisterProjects/brownie/ISEUART6/fhm_mifu_w32_01.vhd sub00/vhpl39 1519046818
EN fhm_browregfile_w32 NULL /home/asip04/WS17/Session8b/ASIPMeisterProjects/brownie/ISEUART6/fhm_browregfile_w32.vhd sub00/vhpl99 1519046878
AR multiclock_latch multiclock_latch_arch /home/asip04/WS17/Session8b/ASIPMeisterProjects/brownie/ISEUART6/i2c_multiclock_latch.vhd sub00/vhpl20 1519046801
EN rtg_mux4to1_w5 NULL /home/asip04/WS17/Session8b/ASIPMeisterProjects/brownie/ISEUART6/rtg_mux4to1_w5.vhd sub01/vhpl115 1519046894
AR i2c_toplevel i2c_toplevel_arch /home/asip04/WS17/Session8b/ASIPMeisterProjects/brownie/ISEUART6/i2c_toplevel.vhd sub01/vhpl132 1519046911
AR fhm_divider_w32_reg32 synthesis /home/asip04/WS17/Session8b/ASIPMeisterProjects/brownie/ISEUART6/fhm_divider_w32.vhd sub00/vhpl66 1519046845
EN rtg_register_w15 NULL /home/asip04/WS17/Session8b/ASIPMeisterProjects/brownie/ISEUART6/rtg_register_w15.vhd sub00/vhpl10 1519046791
EN fhm_wire_in_w1 NULL /home/asip04/WS17/Session8b/ASIPMeisterProjects/brownie/ISEUART6/fhm_wire_in_w1.vhd sub00/vhpl85 1519046864
EN dcm NULL /home/asip04/WS17/Session8b/ASIPMeisterProjects/brownie/ISEUART6/DCM.vhd sub00/vhpl25 1519046926
EN rtg_mux3to1_w5 NULL /home/asip04/WS17/Session8b/ASIPMeisterProjects/brownie/ISEUART6/rtg_mux3to1_w5.vhd sub01/vhpl113 1519046892
EN rtg_register_w32 NULL /home/asip04/WS17/Session8b/ASIPMeisterProjects/brownie/ISEUART6/rtg_register_w32.vhd sub00/vhpl06 1519046787
EN fhm_multiplier_w32_tconv32 NULL /home/asip04/WS17/Session8b/ASIPMeisterProjects/brownie/ISEUART6/fhm_multiplier_w32.vhd sub00/vhpl57 1519046836
AR fhm_extender_w26 synthesis /home/asip04/WS17/Session8b/ASIPMeisterProjects/brownie/ISEUART6/fhm_extender_w26.vhd sub00/vhpl82 1519046861
EN fhm_alu_w32 NULL /home/asip04/WS17/Session8b/ASIPMeisterProjects/brownie/ISEUART6/fhm_alu_w32.vhd sub00/vhpl43 1519046822
EN i2c_toplevel NULL /home/asip04/WS17/Session8b/ASIPMeisterProjects/brownie/ISEUART6/i2c_toplevel.vhd sub01/vhpl131 1519046910
EN fhm_alu_w32_add NULL /home/asip04/WS17/Session8b/ASIPMeisterProjects/brownie/ISEUART6/fhm_alu_w32.vhd sub00/vhpl41 1519046820
EN fhm_multiplier_w32_reg1 NULL /home/asip04/WS17/Session8b/ASIPMeisterProjects/brownie/ISEUART6/fhm_multiplier_w32.vhd sub00/vhpl45 1519046824
EN rtg_mux2to1_w5 NULL /home/asip04/WS17/Session8b/ASIPMeisterProjects/brownie/ISEUART6/rtg_mux2to1_w5.vhd sub01/vhpl107 1519046886
AR clk_div behavioral /home/asip04/WS17/Session8b/ASIPMeisterProjects/brownie/ISEUART6/clk_div.vhd sub01/vhpl136 1519046915
EN flag_reg5 NULL /home/asip04/WS17/Session8b/ASIPMeisterProjects/brownie/ISEUART6/fhm_browregfile_w32.vhd sub00/vhpl93 1519046872
AR pca9564_interface pca9564_interface_arch /home/asip04/WS17/Session8b/ASIPMeisterProjects/brownie/ISEUART6/pca9564_interface_state.vhd sub00/vhpl24 1519046805
AR rtg_proc_fsm rtl /home/asip04/WS17/Session8b/ASIPMeisterProjects/brownie/ISEUART6/rtg_proc_fsm.vhd sub00/vhpl01 1519046782
EN fhm_multiplier_w32_tconv64 NULL /home/asip04/WS17/Session8b/ASIPMeisterProjects/brownie/ISEUART6/fhm_multiplier_w32.vhd sub00/vhpl59 1519046838
EN dcm_100 NULL /home/asip04/WS17/Session8b/ASIPMeisterProjects/brownie/ISEUART6/DCM_100.vhd sub01/vhpl143 1519046922
AR dcm_100 behavioral /home/asip04/WS17/Session8b/ASIPMeisterProjects/brownie/ISEUART6/DCM_100.vhd sub01/vhpl144 1519046923
PH audioout_types NULL /home/asip04/WS17/Session8b/ASIPMeisterProjects/brownie/ISEUART6/AudioOut_Types.vhd sub00/vhpl12 1519046793
AR fhm_multiplier_w32_add32 synthesis /home/asip04/WS17/Session8b/ASIPMeisterProjects/brownie/ISEUART6/fhm_multiplier_w32.vhd sub00/vhpl48 1519046827
AR kcuart_tx low_level_definition /home/asip04/WS17/Session8b/ASIPMeisterProjects/brownie/ISEUART6/kcuart_tx.vhd sub01/vhpl138 1519046917
EN fhm_multiplier_w32 NULL /home/asip04/WS17/Session8b/ASIPMeisterProjects/brownie/ISEUART6/fhm_multiplier_w32.vhd sub00/vhpl61 1519046840
EN rtg_register_w84 NULL /home/asip04/WS17/Session8b/ASIPMeisterProjects/brownie/ISEUART6/rtg_register_w84.vhd sub00/vhpl08 1519046789
AR fhm_pcu_w32_add32 synthesis /home/asip04/WS17/Session8b/ASIPMeisterProjects/brownie/ISEUART6/fhm_pcu_w32.vhd sub00/vhpl30 1519046809
AR fhm_divider_w32 synthesis /home/asip04/WS17/Session8b/ASIPMeisterProjects/brownie/ISEUART6/fhm_divider_w32.vhd sub00/vhpl76 1519046855
EN dcm_33 NULL /home/asip04/WS17/Session8b/ASIPMeisterProjects/brownie/ISEUART6/DCM_33.vhd sub01/vhpl147 1519046924
AR fhm_divider_w32_lsftreg32 synthesis /home/asip04/WS17/Session8b/ASIPMeisterProjects/brownie/ISEUART6/fhm_divider_w32.vhd sub00/vhpl70 1519046849
AR dlx_toplevel behavioral /home/asip04/WS17/Session8b/ASIPMeisterProjects/brownie/ISEUART6/dlx_toplevel.vhd sub01/vhpl146 1519046929
AR fhm_extender_w8 synthesis /home/asip04/WS17/Session8b/ASIPMeisterProjects/brownie/ISEUART6/fhm_extender_w8.vhd sub00/vhpl78 1519046857
AR rtg_mux2to1_w5 rtl /home/asip04/WS17/Session8b/ASIPMeisterProjects/brownie/ISEUART6/rtg_mux2to1_w5.vhd sub01/vhpl108 1519046887
EN fhm_multiplier_w32_add32 NULL /home/asip04/WS17/Session8b/ASIPMeisterProjects/brownie/ISEUART6/fhm_multiplier_w32.vhd sub00/vhpl47 1519046826
EN fhm_divider_w32_sdiv32 NULL /home/asip04/WS17/Session8b/ASIPMeisterProjects/brownie/ISEUART6/fhm_divider_w32.vhd sub00/vhpl71 1519046850
AR dcm_33 behavioral /home/asip04/WS17/Session8b/ASIPMeisterProjects/brownie/ISEUART6/DCM_33.vhd sub01/vhpl148 1519046925
AR fhm_browregfile_w32 synthesis /home/asip04/WS17/Session8b/ASIPMeisterProjects/brownie/ISEUART6/fhm_browregfile_w32.vhd sub01/vhpl100 1519046879
EN multiclock_latch NULL /home/asip04/WS17/Session8b/ASIPMeisterProjects/brownie/ISEUART6/i2c_multiclock_latch.vhd sub00/vhpl19 1519046800
AR fhm_alu_w32_add synthesis /home/asip04/WS17/Session8b/ASIPMeisterProjects/brownie/ISEUART6/fhm_alu_w32.vhd sub00/vhpl42 1519046821
AR fhm_wire_out_w1 synthesis /home/asip04/WS17/Session8b/ASIPMeisterProjects/brownie/ISEUART6/fhm_wire_out_w1.vhd sub00/vhpl88 1519046867
AR audio_out_fifo audio_out_fifo_a /home/asip04/WS17/Session8b/ASIPMeisterProjects/brownie/ISEUART6/audio_out_fifo.vhd sub00/vhpl16 1519046797
EN fhm_pcu_w32_add32 NULL /home/asip04/WS17/Session8b/ASIPMeisterProjects/brownie/ISEUART6/fhm_pcu_w32.vhd sub00/vhpl29 1519046808
EN fhm_extender_w8 NULL /home/asip04/WS17/Session8b/ASIPMeisterProjects/brownie/ISEUART6/fhm_extender_w8.vhd sub00/vhpl77 1519046856
AR fhm_multiplier_w32_tconv32 synthesis /home/asip04/WS17/Session8b/ASIPMeisterProjects/brownie/ISEUART6/fhm_multiplier_w32.vhd sub00/vhpl58 1519046837
AR audioout_toplevel structure /home/asip04/WS17/Session8b/ASIPMeisterProjects/brownie/ISEUART6/AudioOut_TopLevel.vhd sub01/vhpl134 1519046913
AR fhm_multiplier_w32_reg32 synthesis /home/asip04/WS17/Session8b/ASIPMeisterProjects/brownie/ISEUART6/fhm_multiplier_w32.vhd sub00/vhpl52 1519046831
EN fhm_multiplier_w32_add64 NULL /home/asip04/WS17/Session8b/ASIPMeisterProjects/brownie/ISEUART6/fhm_multiplier_w32.vhd sub00/vhpl49 1519046828
EN fhm_multiplier_w32_reg32 NULL /home/asip04/WS17/Session8b/ASIPMeisterProjects/brownie/ISEUART6/fhm_multiplier_w32.vhd sub00/vhpl51 1519046830
AR rtg_mux3to1_w5 rtl /home/asip04/WS17/Session8b/ASIPMeisterProjects/brownie/ISEUART6/rtg_mux3to1_w5.vhd sub01/vhpl114 1519046893
AR fhm_divider_w32_tconv32 synthesis /home/asip04/WS17/Session8b/ASIPMeisterProjects/brownie/ISEUART6/fhm_divider_w32.vhd sub00/vhpl74 1519046853
EN dlx_toplevel NULL /home/asip04/WS17/Session8b/ASIPMeisterProjects/brownie/ISEUART6/dlx_toplevel.vhd sub01/vhpl145 1519046928
AR fhm_pcu_w32_reg32 synthesis /home/asip04/WS17/Session8b/ASIPMeisterProjects/brownie/ISEUART6/fhm_pcu_w32.vhd sub00/vhpl32 1519046811
EN fifo_generator_v2_1 NULL /home/asip04/WS17/Session8b/ASIPMeisterProjects/brownie/ISEUART6/fifo_generator_v2_1.vhd sub00/vhpl17 1519046798
AR rtg_mux3to1_w32 rtl /home/asip04/WS17/Session8b/ASIPMeisterProjects/brownie/ISEUART6/rtg_mux3to1_w32.vhd sub01/vhpl106 1519046885
EN fhm_pcu_w32_reg32 NULL /home/asip04/WS17/Session8b/ASIPMeisterProjects/brownie/ISEUART6/fhm_pcu_w32.vhd sub00/vhpl31 1519046810
EN brom_im NULL /home/asip04/WS17/Session8b/ASIPMeisterProjects/brownie/ISEUART6/brom_im.vhd sub01/vhpl123 1519046902
AR fhm_fwu_w32 synthesis /home/asip04/WS17/Session8b/ASIPMeisterProjects/brownie/ISEUART6/fhm_fwu_w32.vhd sub00/vhpl90 1519046869
AR fhm_multiplier_w32_smul synthesis /home/asip04/WS17/Session8b/ASIPMeisterProjects/brownie/ISEUART6/fhm_multiplier_w32.vhd sub00/vhpl56 1519046835
AR flag_reg5 synthesis /home/asip04/WS17/Session8b/ASIPMeisterProjects/brownie/ISEUART6/fhm_browregfile_w32.vhd sub00/vhpl94 1519046873
PB dlxtypes dlxtypes /home/asip04/WS17/Session8b/ASIPMeisterProjects/brownie/ISEUART6/dlxTypes.vhd sub01/vhpl120 1519046899
AR dcm behavioral /home/asip04/WS17/Session8b/ASIPMeisterProjects/brownie/ISEUART6/DCM.vhd sub00/vhpl26 1519046927
AR fhm_divider_w32_add32 synthesis /home/asip04/WS17/Session8b/ASIPMeisterProjects/brownie/ISEUART6/fhm_divider_w32.vhd sub00/vhpl64 1519046843
PB memorymappertypes memorymappertypes /home/asip04/WS17/Session8b/ASIPMeisterProjects/brownie/ISEUART6/MemoryMapperTypes.vhd sub00/vhpl28 1519046807
EN fhm_multiplier_w32_reg64 NULL /home/asip04/WS17/Session8b/ASIPMeisterProjects/brownie/ISEUART6/fhm_multiplier_w32.vhd sub00/vhpl53 1519046832
EN interface_asipmeister_i2c NULL /home/asip04/WS17/Session8b/ASIPMeisterProjects/brownie/ISEUART6/interface_asipmeister_i2c.vhd sub01/vhpl129 1519046908
AR fhm_alu_w32 synthesis /home/asip04/WS17/Session8b/ASIPMeisterProjects/brownie/ISEUART6/fhm_alu_w32.vhd sub00/vhpl44 1519046823
AR rtg_mux4to1_w5 rtl /home/asip04/WS17/Session8b/ASIPMeisterProjects/brownie/ISEUART6/rtg_mux4to1_w5.vhd sub01/vhpl116 1519046895
EN fhm_multiplier_w32_smul NULL /home/asip04/WS17/Session8b/ASIPMeisterProjects/brownie/ISEUART6/fhm_multiplier_w32.vhd sub00/vhpl55 1519046834
EN fhm_divider_w32_reg1 NULL /home/asip04/WS17/Session8b/ASIPMeisterProjects/brownie/ISEUART6/fhm_divider_w32.vhd sub00/vhpl67 1519046846
AR fhm_shifter_w32 synthesis /home/asip04/WS17/Session8b/ASIPMeisterProjects/brownie/ISEUART6/fhm_shifter_w32.vhd sub00/vhpl84 1519046863
EN rtg_mux20to1_w32 NULL /home/asip04/WS17/Session8b/ASIPMeisterProjects/brownie/ISEUART6/rtg_mux20to1_w32.vhd sub01/vhpl109 1519046888
EN rtg_proc_fsm NULL /home/asip04/WS17/Session8b/ASIPMeisterProjects/brownie/ISEUART6/rtg_proc_fsm.vhd sub00/vhpl00 1519046781
EN memorymapper NULL /home/asip04/WS17/Session8b/ASIPMeisterProjects/brownie/ISEUART6/MemoryMapper.vhd sub01/vhpl127 1519046906
AR rtg_register_w32 rtl /home/asip04/WS17/Session8b/ASIPMeisterProjects/brownie/ISEUART6/rtg_register_w32.vhd sub00/vhpl07 1519046788
EN rtg_mux3to1_w32 NULL /home/asip04/WS17/Session8b/ASIPMeisterProjects/brownie/ISEUART6/rtg_mux3to1_w32.vhd sub01/vhpl105 1519046884
EN kcuart_rx NULL /home/asip04/WS17/Session8b/ASIPMeisterProjects/brownie/ISEUART6/kcuart_rx.vhd sub01/vhpl139 1519046918
EN pca9564_interface NULL /home/asip04/WS17/Session8b/ASIPMeisterProjects/brownie/ISEUART6/pca9564_interface_state.vhd sub00/vhpl23 1519046804
PH dlxtypes NULL /home/asip04/WS17/Session8b/ASIPMeisterProjects/brownie/ISEUART6/dlxTypes.vhd sub01/vhpl119 1519046898
AR fhm_register_w32 logic /home/asip04/WS17/Session8b/ASIPMeisterProjects/brownie/ISEUART6/fhm_register_w32.vhd sub00/vhpl36 1519046815
AR rtg_mux5to1_w5 rtl /home/asip04/WS17/Session8b/ASIPMeisterProjects/brownie/ISEUART6/rtg_mux5to1_w5.vhd sub01/vhpl112 1519046891
AR rtg_controller rtl /home/asip04/WS17/Session8b/ASIPMeisterProjects/brownie/ISEUART6/rtg_controller.vhd sub01/vhpl104 1519046883
EN kcuart_tx NULL /home/asip04/WS17/Session8b/ASIPMeisterProjects/brownie/ISEUART6/kcuart_tx.vhd sub01/vhpl137 1519046916
AR debouncer behavioral /home/asip04/WS17/Session8b/ASIPMeisterProjects/brownie/ISEUART6/Debouncer.vhd sub01/vhpl142 1519046921
EN browniestd32 NULL /home/asip04/WS17/Session8b/ASIPMeisterProjects/brownie/ISEUART6/BrownieSTD32.vhd sub01/vhpl121 1519046900
AR digitalanalogconverter behavioral /home/asip04/WS17/Session8b/ASIPMeisterProjects/brownie/ISEUART6/DigitalAnalogConverter.vhd sub00/vhpl14 1519046795
EN fhm_wire_out_w1 NULL /home/asip04/WS17/Session8b/ASIPMeisterProjects/brownie/ISEUART6/fhm_wire_out_w1.vhd sub00/vhpl87 1519046866
AR fhm_extender_w16 synthesis /home/asip04/WS17/Session8b/ASIPMeisterProjects/brownie/ISEUART6/fhm_extender_w16.vhd sub00/vhpl80 1519046859
AR fhm_multiplier_w32_reg1 synthesis /home/asip04/WS17/Session8b/ASIPMeisterProjects/brownie/ISEUART6/fhm_multiplier_w32.vhd sub00/vhpl46 1519046825
EN rtg_register_w1 NULL /home/asip04/WS17/Session8b/ASIPMeisterProjects/brownie/ISEUART6/rtg_register_w1.vhd sub00/vhpl02 1519046783
EN fhm_register_w32 NULL /home/asip04/WS17/Session8b/ASIPMeisterProjects/brownie/ISEUART6/fhm_register_w32.vhd sub00/vhpl35 1519046814
EN rtg_register_w2 NULL /home/asip04/WS17/Session8b/ASIPMeisterProjects/brownie/ISEUART6/rtg_register_w2.vhd sub00/vhpl04 1519046785
AR rtg_register_w5 rtl /home/asip04/WS17/Session8b/ASIPMeisterProjects/brownie/ISEUART6/rtg_register_w5.vhd sub01/vhpl118 1519046897
AR browniestd32 rtl /home/asip04/WS17/Session8b/ASIPMeisterProjects/brownie/ISEUART6/BrownieSTD32.vhd sub01/vhpl122 1519046901
AR interface_asipmeister_i2c interface_asipmeister_i2c_arch /home/asip04/WS17/Session8b/ASIPMeisterProjects/brownie/ISEUART6/interface_asipmeister_i2c.vhd sub01/vhpl130 1519046909
EN rtg_register_w5 NULL /home/asip04/WS17/Session8b/ASIPMeisterProjects/brownie/ISEUART6/rtg_register_w5.vhd sub01/vhpl117 1519046896
EN fhm_browregfile_w32_reg32 NULL /home/asip04/WS17/Session8b/ASIPMeisterProjects/brownie/ISEUART6/fhm_browregfile_w32.vhd sub00/vhpl97 1519046876
AR fhm_mifu_w32_00 synthesis /home/asip04/WS17/Session8b/ASIPMeisterProjects/brownie/ISEUART6/fhm_mifu_w32_00.vhd sub00/vhpl38 1519046817
AR rtg_register_w1 rtl /home/asip04/WS17/Session8b/ASIPMeisterProjects/brownie/ISEUART6/rtg_register_w1.vhd sub00/vhpl03 1519046784
EN rtg_mux2to1_w32 NULL /home/asip04/WS17/Session8b/ASIPMeisterProjects/brownie/ISEUART6/rtg_mux2to1_w32.vhd sub01/vhpl101 1519046880
PH memorymappertypes NULL /home/asip04/WS17/Session8b/ASIPMeisterProjects/brownie/ISEUART6/MemoryMapperTypes.vhd sub00/vhpl27 1519046806
AR fhm_browregfile_w32_reg32 synthesis /home/asip04/WS17/Session8b/ASIPMeisterProjects/brownie/ISEUART6/fhm_browregfile_w32.vhd sub00/vhpl98 1519046877
EN fhm_pcu_w32 NULL /home/asip04/WS17/Session8b/ASIPMeisterProjects/brownie/ISEUART6/fhm_pcu_w32.vhd sub00/vhpl33 1519046812
AR fhm_pcu_w32 synthesis /home/asip04/WS17/Session8b/ASIPMeisterProjects/brownie/ISEUART6/fhm_pcu_w32.vhd sub00/vhpl34 1519046813
EN fhm_divider_w32 NULL /home/asip04/WS17/Session8b/ASIPMeisterProjects/brownie/ISEUART6/fhm_divider_w32.vhd sub00/vhpl75 1519046854
EN status_reg27 NULL /home/asip04/WS17/Session8b/ASIPMeisterProjects/brownie/ISEUART6/fhm_browregfile_w32.vhd sub00/vhpl95 1519046874
EN audio_out_fifo NULL /home/asip04/WS17/Session8b/ASIPMeisterProjects/brownie/ISEUART6/audio_out_fifo.vhd sub00/vhpl15 1519046796
AR fifo_generator_v2_1 fifo_generator_v2_1_a /home/asip04/WS17/Session8b/ASIPMeisterProjects/brownie/ISEUART6/fifo_generator_v2_1.vhd sub00/vhpl18 1519046799
AR fhm_multiplier_w32_add64 synthesis /home/asip04/WS17/Session8b/ASIPMeisterProjects/brownie/ISEUART6/fhm_multiplier_w32.vhd sub00/vhpl50 1519046829
EN fhm_shifter_w32 NULL /home/asip04/WS17/Session8b/ASIPMeisterProjects/brownie/ISEUART6/fhm_shifter_w32.vhd sub00/vhpl83 1519046862
AR fhm_mifu_w32_01 synthesis /home/asip04/WS17/Session8b/ASIPMeisterProjects/brownie/ISEUART6/fhm_mifu_w32_01.vhd sub00/vhpl40 1519046819
EN debouncer NULL /home/asip04/WS17/Session8b/ASIPMeisterProjects/brownie/ISEUART6/Debouncer.vhd sub01/vhpl141 1519046920
AR fhm_divider_w32_sdiv32 synthesis /home/asip04/WS17/Session8b/ASIPMeisterProjects/brownie/ISEUART6/fhm_divider_w32.vhd sub00/vhpl72 1519046851
AR memorymapper behavioral /home/asip04/WS17/Session8b/ASIPMeisterProjects/brownie/ISEUART6/MemoryMapper.vhd sub01/vhpl128 1519046907
EN fhm_extender_w16 NULL /home/asip04/WS17/Session8b/ASIPMeisterProjects/brownie/ISEUART6/fhm_extender_w16.vhd sub00/vhpl79 1519046858
EN audioout_toplevel NULL /home/asip04/WS17/Session8b/ASIPMeisterProjects/brownie/ISEUART6/AudioOut_TopLevel.vhd sub01/vhpl133 1519046912
AR rtg_register_w15 rtl /home/asip04/WS17/Session8b/ASIPMeisterProjects/brownie/ISEUART6/rtg_register_w15.vhd sub00/vhpl11 1519046792
EN fhm_extender_w26 NULL /home/asip04/WS17/Session8b/ASIPMeisterProjects/brownie/ISEUART6/fhm_extender_w26.vhd sub00/vhpl81 1519046860
EN rtg_controller NULL /home/asip04/WS17/Session8b/ASIPMeisterProjects/brownie/ISEUART6/rtg_controller.vhd sub01/vhpl103 1519046882
AR brom_im brom_im_a /home/asip04/WS17/Session8b/ASIPMeisterProjects/brownie/ISEUART6/brom_im.vhd sub01/vhpl124 1519046903
EN fhm_divider_w32_tconv32 NULL /home/asip04/WS17/Session8b/ASIPMeisterProjects/brownie/ISEUART6/fhm_divider_w32.vhd sub00/vhpl73 1519046852
EN i2c_arbiter NULL /home/asip04/WS17/Session8b/ASIPMeisterProjects/brownie/ISEUART6/i2c_arbiter.vhd sub00/vhpl21 1519046802
AR rtg_mux20to1_w32 rtl /home/asip04/WS17/Session8b/ASIPMeisterProjects/brownie/ISEUART6/rtg_mux20to1_w32.vhd sub01/vhpl110 1519046889
AR i2c_arbiter i2c_arbiter_arch /home/asip04/WS17/Session8b/ASIPMeisterProjects/brownie/ISEUART6/i2c_arbiter.vhd sub00/vhpl22 1519046803
EN fhm_divider_w32_lsftreg32 NULL /home/asip04/WS17/Session8b/ASIPMeisterProjects/brownie/ISEUART6/fhm_divider_w32.vhd sub00/vhpl69 1519046848
AR fhm_divider_w32_reg1 synthesis /home/asip04/WS17/Session8b/ASIPMeisterProjects/brownie/ISEUART6/fhm_divider_w32.vhd sub00/vhpl68 1519046847
EN clk_div NULL /home/asip04/WS17/Session8b/ASIPMeisterProjects/brownie/ISEUART6/clk_div.vhd sub01/vhpl135 1519046914
EN fhm_divider_w32_add32 NULL /home/asip04/WS17/Session8b/ASIPMeisterProjects/brownie/ISEUART6/fhm_divider_w32.vhd sub00/vhpl63 1519046842
EN digitalanalogconverter NULL /home/asip04/WS17/Session8b/ASIPMeisterProjects/brownie/ISEUART6/DigitalAnalogConverter.vhd sub00/vhpl13 1519046794
AR fhm_multiplier_w32_tconv64 synthesis /home/asip04/WS17/Session8b/ASIPMeisterProjects/brownie/ISEUART6/fhm_multiplier_w32.vhd sub00/vhpl60 1519046839
AR rtg_mux2to1_w32 rtl /home/asip04/WS17/Session8b/ASIPMeisterProjects/brownie/ISEUART6/rtg_mux2to1_w32.vhd sub01/vhpl102 1519046881
AR fhm_multiplier_w32_reg64 synthesis /home/asip04/WS17/Session8b/ASIPMeisterProjects/brownie/ISEUART6/fhm_multiplier_w32.vhd sub00/vhpl54 1519046833
AR fhm_dummy_register_w32 logic /home/asip04/WS17/Session8b/ASIPMeisterProjects/brownie/ISEUART6/fhm_dummy_register_w32.vhd sub00/vhpl92 1519046871
AR rtg_register_w84 rtl /home/asip04/WS17/Session8b/ASIPMeisterProjects/brownie/ISEUART6/rtg_register_w84.vhd sub00/vhpl09 1519046790
AR kcuart_rx low_level_definition /home/asip04/WS17/Session8b/ASIPMeisterProjects/brownie/ISEUART6/kcuart_rx.vhd sub01/vhpl140 1519046919
AR rtg_register_w2 rtl /home/asip04/WS17/Session8b/ASIPMeisterProjects/brownie/ISEUART6/rtg_register_w2.vhd sub00/vhpl05 1519046786
EN bram_dm NULL /home/asip04/WS17/Session8b/ASIPMeisterProjects/brownie/ISEUART6/bram_dm.vhd sub01/vhpl125 1519046904
AR fhm_multiplier_w32 synthesis /home/asip04/WS17/Session8b/ASIPMeisterProjects/brownie/ISEUART6/fhm_multiplier_w32.vhd sub00/vhpl62 1519046841
AR status_reg27 synthesis /home/asip04/WS17/Session8b/ASIPMeisterProjects/brownie/ISEUART6/fhm_browregfile_w32.vhd sub00/vhpl96 1519046875
