AR bram_dm bram_dm_a /home/asip04/WS17/Session8b/ASIPMeisterProjects/brownie/ISEUART5f5/bram_dm.vhd sub01/vhpl116 1511619478
EN fhm_fwu_w32 NULL /home/asip04/WS17/Session8b/ASIPMeisterProjects/brownie/ISEUART5f5/fhm_fwu_w32.vhd sub00/vhpl79 1511619441
EN rtg_mux5to1_w5 NULL /home/asip04/WS17/Session8b/ASIPMeisterProjects/brownie/ISEUART5f5/rtg_mux5to1_w5.vhd sub01/vhpl101 1511619463
EN fhm_dummy_register_w32 NULL /home/asip04/WS17/Session8b/ASIPMeisterProjects/brownie/ISEUART5f5/fhm_dummy_register_w32.vhd sub00/vhpl81 1511619443
EN fhm_divider_w32_reg32 NULL /home/asip04/WS17/Session8b/ASIPMeisterProjects/brownie/ISEUART5f5/fhm_divider_w32.vhd sub00/vhpl55 1511619417
AR fhm_wire_in_w1 synthesis /home/asip04/WS17/Session8b/ASIPMeisterProjects/brownie/ISEUART5f5/fhm_wire_in_w1.vhd sub00/vhpl76 1511619438
EN fhm_mifu_w32_00 NULL /home/asip04/WS17/Session8b/ASIPMeisterProjects/brownie/ISEUART5f5/fhm_mifu_w32_00.vhd sub00/vhpl27 1511619389
EN fhm_mifu_w32_01 NULL /home/asip04/WS17/Session8b/ASIPMeisterProjects/brownie/ISEUART5f5/fhm_mifu_w32_01.vhd sub00/vhpl29 1511619391
EN fhm_browregfile_w32 NULL /home/asip04/WS17/Session8b/ASIPMeisterProjects/brownie/ISEUART5f5/fhm_browregfile_w32.vhd sub00/vhpl89 1511619451
AR multiclock_latch multiclock_latch_arch /home/asip04/WS17/Session8b/ASIPMeisterProjects/brownie/ISEUART5f5/i2c_multiclock_latch.vhd sub01/vhpl142 1511619374
EN rtg_mux4to1_w5 NULL /home/asip04/WS17/Session8b/ASIPMeisterProjects/brownie/ISEUART5f5/rtg_mux4to1_w5.vhd sub01/vhpl105 1511619467
AR i2c_toplevel i2c_toplevel_arch /home/asip04/WS17/Session8b/ASIPMeisterProjects/brownie/ISEUART5f5/i2c_toplevel.vhd sub01/vhpl150 1511619484
AR fhm_divider_w32_reg32 synthesis /home/asip04/WS17/Session8b/ASIPMeisterProjects/brownie/ISEUART5f5/fhm_divider_w32.vhd sub00/vhpl56 1511619418
EN rtg_register_w15 NULL /home/asip04/WS17/Session8b/ASIPMeisterProjects/brownie/ISEUART5f5/rtg_register_w15.vhd sub00/vhpl10 1511619364
EN fhm_wire_in_w1 NULL /home/asip04/WS17/Session8b/ASIPMeisterProjects/brownie/ISEUART5f5/fhm_wire_in_w1.vhd sub00/vhpl75 1511619437
EN rtg_mux3to1_w5 NULL /home/asip04/WS17/Session8b/ASIPMeisterProjects/brownie/ISEUART5f5/rtg_mux3to1_w5.vhd sub01/vhpl103 1511619465
EN rtg_register_w32 NULL /home/asip04/WS17/Session8b/ASIPMeisterProjects/brownie/ISEUART5f5/rtg_register_w32.vhd sub00/vhpl06 1511619360
EN fhm_multiplier_w32_tconv32 NULL /home/asip04/WS17/Session8b/ASIPMeisterProjects/brownie/ISEUART5f5/fhm_multiplier_w32.vhd sub00/vhpl47 1511619409
AR fhm_extender_w26 synthesis /home/asip04/WS17/Session8b/ASIPMeisterProjects/brownie/ISEUART5f5/fhm_extender_w26.vhd sub00/vhpl72 1511619434
EN fhm_alu_w32 NULL /home/asip04/WS17/Session8b/ASIPMeisterProjects/brownie/ISEUART5f5/fhm_alu_w32.vhd sub00/vhpl33 1511619395
EN chipscope_ila4b NULL /home/asip04/WS17/Session8b/ASIPMeisterProjects/brownie/ISEUART5f4/chipscope_ila4b.vhd sub01/vhpl133 1511567312
EN i2c_toplevel NULL /home/asip04/WS17/Session8b/ASIPMeisterProjects/brownie/ISEUART5f5/i2c_toplevel.vhd sub01/vhpl149 1511619483
EN fhm_alu_w32_add NULL /home/asip04/WS17/Session8b/ASIPMeisterProjects/brownie/ISEUART5f5/fhm_alu_w32.vhd sub00/vhpl31 1511619393
EN fhm_multiplier_w32_reg1 NULL /home/asip04/WS17/Session8b/ASIPMeisterProjects/brownie/ISEUART5f5/fhm_multiplier_w32.vhd sub00/vhpl35 1511619397
EN rtg_mux2to1_w5 NULL /home/asip04/WS17/Session8b/ASIPMeisterProjects/brownie/ISEUART5f5/rtg_mux2to1_w5.vhd sub00/vhpl97 1511619459
AR clk_div behavioral /home/asip04/WS17/Session8b/ASIPMeisterProjects/brownie/ISEUART5f5/clk_div.vhd sub01/vhpl122 1511619488
EN flag_reg5 NULL /home/asip04/WS17/Session8b/ASIPMeisterProjects/brownie/ISEUART5f5/fhm_browregfile_w32.vhd sub00/vhpl83 1511619445
AR pca9564_interface pca9564_interface_arch /home/asip04/WS17/Session8b/ASIPMeisterProjects/brownie/ISEUART5f5/pca9564_interface_state.vhd sub01/vhpl146 1511619378
AR rtg_proc_fsm rtl /home/asip04/WS17/Session8b/ASIPMeisterProjects/brownie/ISEUART5f5/rtg_proc_fsm.vhd sub00/vhpl01 1511619355
EN fhm_multiplier_w32_tconv64 NULL /home/asip04/WS17/Session8b/ASIPMeisterProjects/brownie/ISEUART5f5/fhm_multiplier_w32.vhd sub00/vhpl49 1511619411
EN dcm_100 NULL /home/asip04/WS17/Session8b/ASIPMeisterProjects/brownie/ISEUART5f5/DCM_100.vhd sub01/vhpl129 1511619495
AR dcm_100 behavioral /home/asip04/WS17/Session8b/ASIPMeisterProjects/brownie/ISEUART5f5/DCM_100.vhd sub01/vhpl130 1511619496
PH audioout_types NULL /home/asip04/WS17/Session8b/ASIPMeisterProjects/brownie/ISEUART5f5/AudioOut_Types.vhd sub00/vhpl12 1511619366
AR fhm_multiplier_w32_add32 synthesis /home/asip04/WS17/Session8b/ASIPMeisterProjects/brownie/ISEUART5f5/fhm_multiplier_w32.vhd sub00/vhpl38 1511619400
AR kcuart_tx low_level_definition /home/asip04/WS17/Session8b/ASIPMeisterProjects/brownie/ISEUART5f5/kcuart_tx.vhd sub01/vhpl124 1511619490
EN fhm_multiplier_w32 NULL /home/asip04/WS17/Session8b/ASIPMeisterProjects/brownie/ISEUART5f5/fhm_multiplier_w32.vhd sub00/vhpl51 1511619413
EN rtg_register_w84 NULL /home/asip04/WS17/Session8b/ASIPMeisterProjects/brownie/ISEUART5f5/rtg_register_w84.vhd sub00/vhpl08 1511619362
AR fhm_pcu_w32_add32 synthesis /home/asip04/WS17/Session8b/ASIPMeisterProjects/brownie/ISEUART5f5/fhm_pcu_w32.vhd sub00/vhpl20 1511619382
AR fhm_divider_w32 synthesis /home/asip04/WS17/Session8b/ASIPMeisterProjects/brownie/ISEUART5f5/fhm_divider_w32.vhd sub00/vhpl66 1511619428
EN chipscope_vio NULL /home/asip04/WS17/Session8b/ASIPMeisterProjects/brownie/ISEUART5f4/chipscope_vio.vhd sub01/vhpl135 1511567314
AR fhm_divider_w32_lsftreg32 synthesis /home/asip04/WS17/Session8b/ASIPMeisterProjects/brownie/ISEUART5f5/fhm_divider_w32.vhd sub00/vhpl60 1511619422
AR dlx_toplevel behavioral /home/asip04/WS17/Session8b/ASIPMeisterProjects/brownie/ISEUART5f5/dlx_toplevel.vhd sub01/vhpl138 1511619498
AR fhm_extender_w8 synthesis /home/asip04/WS17/Session8b/ASIPMeisterProjects/brownie/ISEUART5f5/fhm_extender_w8.vhd sub00/vhpl68 1511619430
AR rtg_mux2to1_w5 rtl /home/asip04/WS17/Session8b/ASIPMeisterProjects/brownie/ISEUART5f5/rtg_mux2to1_w5.vhd sub00/vhpl98 1511619460
EN fhm_multiplier_w32_add32 NULL /home/asip04/WS17/Session8b/ASIPMeisterProjects/brownie/ISEUART5f5/fhm_multiplier_w32.vhd sub00/vhpl37 1511619399
EN fhm_divider_w32_sdiv32 NULL /home/asip04/WS17/Session8b/ASIPMeisterProjects/brownie/ISEUART5f5/fhm_divider_w32.vhd sub00/vhpl61 1511619423
AR fhm_browregfile_w32 synthesis /home/asip04/WS17/Session8b/ASIPMeisterProjects/brownie/ISEUART5f5/fhm_browregfile_w32.vhd sub00/vhpl90 1511619452
EN multiclock_latch NULL /home/asip04/WS17/Session8b/ASIPMeisterProjects/brownie/ISEUART5f5/i2c_multiclock_latch.vhd sub01/vhpl141 1511619373
AR fhm_alu_w32_add synthesis /home/asip04/WS17/Session8b/ASIPMeisterProjects/brownie/ISEUART5f5/fhm_alu_w32.vhd sub00/vhpl32 1511619394
AR fhm_wire_out_w1 synthesis /home/asip04/WS17/Session8b/ASIPMeisterProjects/brownie/ISEUART5f5/fhm_wire_out_w1.vhd sub00/vhpl78 1511619440
AR audio_out_fifo audio_out_fifo_a /home/asip04/WS17/Session8b/ASIPMeisterProjects/brownie/ISEUART5f5/audio_out_fifo.vhd sub00/vhpl16 1511619370
EN chipscope_icon0 NULL /home/asip04/WS17/Session8b/ASIPMeisterProjects/brownie/ISEUART5f4/chipscope_icon0.vhd sub01/vhpl131 1511567310
EN fhm_pcu_w32_add32 NULL /home/asip04/WS17/Session8b/ASIPMeisterProjects/brownie/ISEUART5f5/fhm_pcu_w32.vhd sub00/vhpl19 1511619381
EN fhm_extender_w8 NULL /home/asip04/WS17/Session8b/ASIPMeisterProjects/brownie/ISEUART5f5/fhm_extender_w8.vhd sub00/vhpl67 1511619429
AR fhm_multiplier_w32_tconv32 synthesis /home/asip04/WS17/Session8b/ASIPMeisterProjects/brownie/ISEUART5f5/fhm_multiplier_w32.vhd sub00/vhpl48 1511619410
AR audioout_toplevel structure /home/asip04/WS17/Session8b/ASIPMeisterProjects/brownie/ISEUART5f5/AudioOut_TopLevel.vhd sub01/vhpl120 1511619486
AR fhm_multiplier_w32_reg32 synthesis /home/asip04/WS17/Session8b/ASIPMeisterProjects/brownie/ISEUART5f5/fhm_multiplier_w32.vhd sub00/vhpl42 1511619404
EN fhm_multiplier_w32_add64 NULL /home/asip04/WS17/Session8b/ASIPMeisterProjects/brownie/ISEUART5f5/fhm_multiplier_w32.vhd sub00/vhpl39 1511619401
EN fhm_multiplier_w32_reg32 NULL /home/asip04/WS17/Session8b/ASIPMeisterProjects/brownie/ISEUART5f5/fhm_multiplier_w32.vhd sub00/vhpl41 1511619403
AR rtg_mux3to1_w5 rtl /home/asip04/WS17/Session8b/ASIPMeisterProjects/brownie/ISEUART5f5/rtg_mux3to1_w5.vhd sub01/vhpl104 1511619466
AR fhm_divider_w32_tconv32 synthesis /home/asip04/WS17/Session8b/ASIPMeisterProjects/brownie/ISEUART5f5/fhm_divider_w32.vhd sub00/vhpl64 1511619426
EN dlx_toplevel NULL /home/asip04/WS17/Session8b/ASIPMeisterProjects/brownie/ISEUART5f5/dlx_toplevel.vhd sub01/vhpl137 1511619497
AR fhm_pcu_w32_reg32 synthesis /home/asip04/WS17/Session8b/ASIPMeisterProjects/brownie/ISEUART5f5/fhm_pcu_w32.vhd sub00/vhpl22 1511619384
EN fifo_generator_v2_1 NULL /home/asip04/WS17/Session8b/ASIPMeisterProjects/brownie/ISEUART5f5/fifo_generator_v2_1.vhd sub01/vhpl139 1511619371
AR rtg_mux3to1_w32 rtl /home/asip04/WS17/Session8b/ASIPMeisterProjects/brownie/ISEUART5f5/rtg_mux3to1_w32.vhd sub00/vhpl96 1511619458
EN fhm_pcu_w32_reg32 NULL /home/asip04/WS17/Session8b/ASIPMeisterProjects/brownie/ISEUART5f5/fhm_pcu_w32.vhd sub00/vhpl21 1511619383
EN brom_im NULL /home/asip04/WS17/Session8b/ASIPMeisterProjects/brownie/ISEUART5f5/brom_im.vhd sub01/vhpl113 1511619475
AR chipscope_icon0 chipscope_icon0_a /home/asip04/WS17/Session8b/ASIPMeisterProjects/brownie/ISEUART5f4/chipscope_icon0.vhd sub01/vhpl132 1511567311
AR fhm_fwu_w32 synthesis /home/asip04/WS17/Session8b/ASIPMeisterProjects/brownie/ISEUART5f5/fhm_fwu_w32.vhd sub00/vhpl80 1511619442
AR fhm_multiplier_w32_smul synthesis /home/asip04/WS17/Session8b/ASIPMeisterProjects/brownie/ISEUART5f5/fhm_multiplier_w32.vhd sub00/vhpl46 1511619408
AR flag_reg5 synthesis /home/asip04/WS17/Session8b/ASIPMeisterProjects/brownie/ISEUART5f5/fhm_browregfile_w32.vhd sub00/vhpl84 1511619446
PB dlxtypes dlxtypes /home/asip04/WS17/Session8b/ASIPMeisterProjects/brownie/ISEUART5f5/dlxTypes.vhd sub01/vhpl110 1511619472
AR fhm_divider_w32_add32 synthesis /home/asip04/WS17/Session8b/ASIPMeisterProjects/brownie/ISEUART5f5/fhm_divider_w32.vhd sub00/vhpl54 1511619416
PB memorymappertypes memorymappertypes /home/asip04/WS17/Session8b/ASIPMeisterProjects/brownie/ISEUART5f5/MemoryMapperTypes.vhd sub00/vhpl18 1511619380
EN interface_asipmeister_i2c NULL /home/asip04/WS17/Session8b/ASIPMeisterProjects/brownie/ISEUART5f5/interface_asipmeister_i2c.vhd sub01/vhpl147 1511619481
EN fhm_multiplier_w32_reg64 NULL /home/asip04/WS17/Session8b/ASIPMeisterProjects/brownie/ISEUART5f5/fhm_multiplier_w32.vhd sub00/vhpl43 1511619405
AR fhm_alu_w32 synthesis /home/asip04/WS17/Session8b/ASIPMeisterProjects/brownie/ISEUART5f5/fhm_alu_w32.vhd sub00/vhpl34 1511619396
AR rtg_mux4to1_w5 rtl /home/asip04/WS17/Session8b/ASIPMeisterProjects/brownie/ISEUART5f5/rtg_mux4to1_w5.vhd sub01/vhpl106 1511619468
EN fhm_multiplier_w32_smul NULL /home/asip04/WS17/Session8b/ASIPMeisterProjects/brownie/ISEUART5f5/fhm_multiplier_w32.vhd sub00/vhpl45 1511619407
EN fhm_divider_w32_reg1 NULL /home/asip04/WS17/Session8b/ASIPMeisterProjects/brownie/ISEUART5f5/fhm_divider_w32.vhd sub00/vhpl57 1511619419
AR fhm_shifter_w32 synthesis /home/asip04/WS17/Session8b/ASIPMeisterProjects/brownie/ISEUART5f5/fhm_shifter_w32.vhd sub00/vhpl74 1511619436
EN rtg_mux20to1_w32 NULL /home/asip04/WS17/Session8b/ASIPMeisterProjects/brownie/ISEUART5f5/rtg_mux20to1_w32.vhd sub00/vhpl99 1511619461
EN rtg_proc_fsm NULL /home/asip04/WS17/Session8b/ASIPMeisterProjects/brownie/ISEUART5f5/rtg_proc_fsm.vhd sub00/vhpl00 1511619354
EN memorymapper NULL /home/asip04/WS17/Session8b/ASIPMeisterProjects/brownie/ISEUART5f5/MemoryMapper.vhd sub01/vhpl117 1511619479
AR rtg_register_w32 rtl /home/asip04/WS17/Session8b/ASIPMeisterProjects/brownie/ISEUART5f5/rtg_register_w32.vhd sub00/vhpl07 1511619361
EN rtg_mux3to1_w32 NULL /home/asip04/WS17/Session8b/ASIPMeisterProjects/brownie/ISEUART5f5/rtg_mux3to1_w32.vhd sub00/vhpl95 1511619457
EN kcuart_rx NULL /home/asip04/WS17/Session8b/ASIPMeisterProjects/brownie/ISEUART5f5/kcuart_rx.vhd sub01/vhpl125 1511619491
EN pca9564_interface NULL /home/asip04/WS17/Session8b/ASIPMeisterProjects/brownie/ISEUART5f5/pca9564_interface_state.vhd sub01/vhpl145 1511619377
PH dlxtypes NULL /home/asip04/WS17/Session8b/ASIPMeisterProjects/brownie/ISEUART5f5/dlxTypes.vhd sub01/vhpl109 1511619471
AR fhm_register_w32 logic /home/asip04/WS17/Session8b/ASIPMeisterProjects/brownie/ISEUART5f5/fhm_register_w32.vhd sub00/vhpl26 1511619388
AR rtg_mux5to1_w5 rtl /home/asip04/WS17/Session8b/ASIPMeisterProjects/brownie/ISEUART5f5/rtg_mux5to1_w5.vhd sub01/vhpl102 1511619464
AR rtg_controller rtl /home/asip04/WS17/Session8b/ASIPMeisterProjects/brownie/ISEUART5f5/rtg_controller.vhd sub00/vhpl94 1511619456
EN kcuart_tx NULL /home/asip04/WS17/Session8b/ASIPMeisterProjects/brownie/ISEUART5f5/kcuart_tx.vhd sub01/vhpl123 1511619489
AR debouncer behavioral /home/asip04/WS17/Session8b/ASIPMeisterProjects/brownie/ISEUART5f5/Debouncer.vhd sub01/vhpl128 1511619494
EN browniestd32 NULL /home/asip04/WS17/Session8b/ASIPMeisterProjects/brownie/ISEUART5f5/BrownieSTD32.vhd sub01/vhpl111 1511619473
AR digitalanalogconverter behavioral /home/asip04/WS17/Session8b/ASIPMeisterProjects/brownie/ISEUART5f5/DigitalAnalogConverter.vhd sub00/vhpl14 1511619368
EN fhm_wire_out_w1 NULL /home/asip04/WS17/Session8b/ASIPMeisterProjects/brownie/ISEUART5f5/fhm_wire_out_w1.vhd sub00/vhpl77 1511619439
AR fhm_extender_w16 synthesis /home/asip04/WS17/Session8b/ASIPMeisterProjects/brownie/ISEUART5f5/fhm_extender_w16.vhd sub00/vhpl70 1511619432
AR fhm_multiplier_w32_reg1 synthesis /home/asip04/WS17/Session8b/ASIPMeisterProjects/brownie/ISEUART5f5/fhm_multiplier_w32.vhd sub00/vhpl36 1511619398
EN rtg_register_w1 NULL /home/asip04/WS17/Session8b/ASIPMeisterProjects/brownie/ISEUART5f5/rtg_register_w1.vhd sub00/vhpl02 1511619356
EN fhm_register_w32 NULL /home/asip04/WS17/Session8b/ASIPMeisterProjects/brownie/ISEUART5f5/fhm_register_w32.vhd sub00/vhpl25 1511619387
EN rtg_register_w2 NULL /home/asip04/WS17/Session8b/ASIPMeisterProjects/brownie/ISEUART5f5/rtg_register_w2.vhd sub00/vhpl04 1511619358
AR rtg_register_w5 rtl /home/asip04/WS17/Session8b/ASIPMeisterProjects/brownie/ISEUART5f5/rtg_register_w5.vhd sub01/vhpl108 1511619470
AR interface_asipmeister_i2c interface_asipmeister_i2c_arch /home/asip04/WS17/Session8b/ASIPMeisterProjects/brownie/ISEUART5f5/interface_asipmeister_i2c.vhd sub01/vhpl148 1511619482
AR browniestd32 rtl /home/asip04/WS17/Session8b/ASIPMeisterProjects/brownie/ISEUART5f5/BrownieSTD32.vhd sub01/vhpl112 1511619474
EN rtg_register_w5 NULL /home/asip04/WS17/Session8b/ASIPMeisterProjects/brownie/ISEUART5f5/rtg_register_w5.vhd sub01/vhpl107 1511619469
EN fhm_browregfile_w32_reg32 NULL /home/asip04/WS17/Session8b/ASIPMeisterProjects/brownie/ISEUART5f5/fhm_browregfile_w32.vhd sub00/vhpl87 1511619449
AR chipscope_vio chipscope_vio_a /home/asip04/WS17/Session8b/ASIPMeisterProjects/brownie/ISEUART5f4/chipscope_vio.vhd sub01/vhpl136 1511567315
AR fhm_mifu_w32_00 synthesis /home/asip04/WS17/Session8b/ASIPMeisterProjects/brownie/ISEUART5f5/fhm_mifu_w32_00.vhd sub00/vhpl28 1511619390
AR rtg_register_w1 rtl /home/asip04/WS17/Session8b/ASIPMeisterProjects/brownie/ISEUART5f5/rtg_register_w1.vhd sub00/vhpl03 1511619357
EN rtg_mux2to1_w32 NULL /home/asip04/WS17/Session8b/ASIPMeisterProjects/brownie/ISEUART5f5/rtg_mux2to1_w32.vhd sub00/vhpl91 1511619453
PH memorymappertypes NULL /home/asip04/WS17/Session8b/ASIPMeisterProjects/brownie/ISEUART5f5/MemoryMapperTypes.vhd sub00/vhpl17 1511619379
AR fhm_browregfile_w32_reg32 synthesis /home/asip04/WS17/Session8b/ASIPMeisterProjects/brownie/ISEUART5f5/fhm_browregfile_w32.vhd sub00/vhpl88 1511619450
EN fhm_pcu_w32 NULL /home/asip04/WS17/Session8b/ASIPMeisterProjects/brownie/ISEUART5f5/fhm_pcu_w32.vhd sub00/vhpl23 1511619385
AR fhm_pcu_w32 synthesis /home/asip04/WS17/Session8b/ASIPMeisterProjects/brownie/ISEUART5f5/fhm_pcu_w32.vhd sub00/vhpl24 1511619386
EN fhm_divider_w32 NULL /home/asip04/WS17/Session8b/ASIPMeisterProjects/brownie/ISEUART5f5/fhm_divider_w32.vhd sub00/vhpl65 1511619427
EN status_reg27 NULL /home/asip04/WS17/Session8b/ASIPMeisterProjects/brownie/ISEUART5f5/fhm_browregfile_w32.vhd sub00/vhpl85 1511619447
EN audio_out_fifo NULL /home/asip04/WS17/Session8b/ASIPMeisterProjects/brownie/ISEUART5f5/audio_out_fifo.vhd sub00/vhpl15 1511619369
AR fifo_generator_v2_1 fifo_generator_v2_1_a /home/asip04/WS17/Session8b/ASIPMeisterProjects/brownie/ISEUART5f5/fifo_generator_v2_1.vhd sub01/vhpl140 1511619372
AR fhm_multiplier_w32_add64 synthesis /home/asip04/WS17/Session8b/ASIPMeisterProjects/brownie/ISEUART5f5/fhm_multiplier_w32.vhd sub00/vhpl40 1511619402
EN fhm_shifter_w32 NULL /home/asip04/WS17/Session8b/ASIPMeisterProjects/brownie/ISEUART5f5/fhm_shifter_w32.vhd sub00/vhpl73 1511619435
AR fhm_mifu_w32_01 synthesis /home/asip04/WS17/Session8b/ASIPMeisterProjects/brownie/ISEUART5f5/fhm_mifu_w32_01.vhd sub00/vhpl30 1511619392
EN debouncer NULL /home/asip04/WS17/Session8b/ASIPMeisterProjects/brownie/ISEUART5f5/Debouncer.vhd sub01/vhpl127 1511619493
AR fhm_divider_w32_sdiv32 synthesis /home/asip04/WS17/Session8b/ASIPMeisterProjects/brownie/ISEUART5f5/fhm_divider_w32.vhd sub00/vhpl62 1511619424
AR memorymapper behavioral /home/asip04/WS17/Session8b/ASIPMeisterProjects/brownie/ISEUART5f5/MemoryMapper.vhd sub01/vhpl118 1511619480
EN fhm_extender_w16 NULL /home/asip04/WS17/Session8b/ASIPMeisterProjects/brownie/ISEUART5f5/fhm_extender_w16.vhd sub00/vhpl69 1511619431
EN audioout_toplevel NULL /home/asip04/WS17/Session8b/ASIPMeisterProjects/brownie/ISEUART5f5/AudioOut_TopLevel.vhd sub01/vhpl119 1511619485
AR rtg_register_w15 rtl /home/asip04/WS17/Session8b/ASIPMeisterProjects/brownie/ISEUART5f5/rtg_register_w15.vhd sub00/vhpl11 1511619365
EN fhm_extender_w26 NULL /home/asip04/WS17/Session8b/ASIPMeisterProjects/brownie/ISEUART5f5/fhm_extender_w26.vhd sub00/vhpl71 1511619433
EN rtg_controller NULL /home/asip04/WS17/Session8b/ASIPMeisterProjects/brownie/ISEUART5f5/rtg_controller.vhd sub00/vhpl93 1511619455
AR brom_im brom_im_a /home/asip04/WS17/Session8b/ASIPMeisterProjects/brownie/ISEUART5f5/brom_im.vhd sub01/vhpl114 1511619476
AR chipscope_ila4b chipscope_ila4b_a /home/asip04/WS17/Session8b/ASIPMeisterProjects/brownie/ISEUART5f4/chipscope_ila4b.vhd sub01/vhpl134 1511567313
EN fhm_divider_w32_tconv32 NULL /home/asip04/WS17/Session8b/ASIPMeisterProjects/brownie/ISEUART5f5/fhm_divider_w32.vhd sub00/vhpl63 1511619425
EN i2c_arbiter NULL /home/asip04/WS17/Session8b/ASIPMeisterProjects/brownie/ISEUART5f5/i2c_arbiter.vhd sub01/vhpl143 1511619375
AR rtg_mux20to1_w32 rtl /home/asip04/WS17/Session8b/ASIPMeisterProjects/brownie/ISEUART5f5/rtg_mux20to1_w32.vhd sub01/vhpl100 1511619462
EN fhm_divider_w32_lsftreg32 NULL /home/asip04/WS17/Session8b/ASIPMeisterProjects/brownie/ISEUART5f5/fhm_divider_w32.vhd sub00/vhpl59 1511619421
AR i2c_arbiter i2c_arbiter_arch /home/asip04/WS17/Session8b/ASIPMeisterProjects/brownie/ISEUART5f5/i2c_arbiter.vhd sub01/vhpl144 1511619376
AR fhm_divider_w32_reg1 synthesis /home/asip04/WS17/Session8b/ASIPMeisterProjects/brownie/ISEUART5f5/fhm_divider_w32.vhd sub00/vhpl58 1511619420
EN clk_div NULL /home/asip04/WS17/Session8b/ASIPMeisterProjects/brownie/ISEUART5f5/clk_div.vhd sub01/vhpl121 1511619487
EN fhm_divider_w32_add32 NULL /home/asip04/WS17/Session8b/ASIPMeisterProjects/brownie/ISEUART5f5/fhm_divider_w32.vhd sub00/vhpl53 1511619415
EN digitalanalogconverter NULL /home/asip04/WS17/Session8b/ASIPMeisterProjects/brownie/ISEUART5f5/DigitalAnalogConverter.vhd sub00/vhpl13 1511619367
AR fhm_multiplier_w32_tconv64 synthesis /home/asip04/WS17/Session8b/ASIPMeisterProjects/brownie/ISEUART5f5/fhm_multiplier_w32.vhd sub00/vhpl50 1511619412
AR rtg_mux2to1_w32 rtl /home/asip04/WS17/Session8b/ASIPMeisterProjects/brownie/ISEUART5f5/rtg_mux2to1_w32.vhd sub00/vhpl92 1511619454
AR fhm_multiplier_w32_reg64 synthesis /home/asip04/WS17/Session8b/ASIPMeisterProjects/brownie/ISEUART5f5/fhm_multiplier_w32.vhd sub00/vhpl44 1511619406
AR fhm_dummy_register_w32 logic /home/asip04/WS17/Session8b/ASIPMeisterProjects/brownie/ISEUART5f5/fhm_dummy_register_w32.vhd sub00/vhpl82 1511619444
AR rtg_register_w84 rtl /home/asip04/WS17/Session8b/ASIPMeisterProjects/brownie/ISEUART5f5/rtg_register_w84.vhd sub00/vhpl09 1511619363
AR kcuart_rx low_level_definition /home/asip04/WS17/Session8b/ASIPMeisterProjects/brownie/ISEUART5f5/kcuart_rx.vhd sub01/vhpl126 1511619492
AR rtg_register_w2 rtl /home/asip04/WS17/Session8b/ASIPMeisterProjects/brownie/ISEUART5f5/rtg_register_w2.vhd sub00/vhpl05 1511619359
EN bram_dm NULL /home/asip04/WS17/Session8b/ASIPMeisterProjects/brownie/ISEUART5f5/bram_dm.vhd sub01/vhpl115 1511619477
AR fhm_multiplier_w32 synthesis /home/asip04/WS17/Session8b/ASIPMeisterProjects/brownie/ISEUART5f5/fhm_multiplier_w32.vhd sub00/vhpl52 1511619414
AR status_reg27 synthesis /home/asip04/WS17/Session8b/ASIPMeisterProjects/brownie/ISEUART5f5/fhm_browregfile_w32.vhd sub00/vhpl86 1511619448
