AR bram_dm bram_dm_a /home/asip04/WS17/Session8b/ASIPMeisterProjects/brownie/ISEUART5f6/bram_dm.vhd sub01/vhpl126 1512302863
EN fhm_fwu_w32 NULL /home/asip04/WS17/Session8b/ASIPMeisterProjects/brownie/ISEUART5f6/fhm_fwu_w32.vhd sub00/vhpl89 1512302826
EN rtg_mux5to1_w5 NULL /home/asip04/WS17/Session8b/ASIPMeisterProjects/brownie/ISEUART5f6/rtg_mux5to1_w5.vhd sub01/vhpl111 1512302848
EN fhm_dummy_register_w32 NULL /home/asip04/WS17/Session8b/ASIPMeisterProjects/brownie/ISEUART5f6/fhm_dummy_register_w32.vhd sub00/vhpl91 1512302828
EN fhm_divider_w32_reg32 NULL /home/asip04/WS17/Session8b/ASIPMeisterProjects/brownie/ISEUART5f6/fhm_divider_w32.vhd sub00/vhpl65 1512302802
AR fhm_wire_in_w1 synthesis /home/asip04/WS17/Session8b/ASIPMeisterProjects/brownie/ISEUART5f6/fhm_wire_in_w1.vhd sub00/vhpl86 1512302823
EN fhm_mifu_w32_00 NULL /home/asip04/WS17/Session8b/ASIPMeisterProjects/brownie/ISEUART5f6/fhm_mifu_w32_00.vhd sub00/vhpl37 1512302774
EN fhm_mifu_w32_01 NULL /home/asip04/WS17/Session8b/ASIPMeisterProjects/brownie/ISEUART5f6/fhm_mifu_w32_01.vhd sub00/vhpl39 1512302776
EN fhm_browregfile_w32 NULL /home/asip04/WS17/Session8b/ASIPMeisterProjects/brownie/ISEUART5f6/fhm_browregfile_w32.vhd sub00/vhpl99 1512302836
AR multiclock_latch multiclock_latch_arch /home/asip04/WS17/Session8b/ASIPMeisterProjects/brownie/ISEUART5f6/i2c_multiclock_latch.vhd sub00/vhpl20 1512302759
EN rtg_mux4to1_w5 NULL /home/asip04/WS17/Session8b/ASIPMeisterProjects/brownie/ISEUART5f6/rtg_mux4to1_w5.vhd sub01/vhpl115 1512302852
AR i2c_toplevel i2c_toplevel_arch /home/asip04/WS17/Session8b/ASIPMeisterProjects/brownie/ISEUART5f6/i2c_toplevel.vhd sub01/vhpl132 1512302869
AR fhm_divider_w32_reg32 synthesis /home/asip04/WS17/Session8b/ASIPMeisterProjects/brownie/ISEUART5f6/fhm_divider_w32.vhd sub00/vhpl66 1512302803
EN rtg_register_w15 NULL /home/asip04/WS17/Session8b/ASIPMeisterProjects/brownie/ISEUART5f6/rtg_register_w15.vhd sub00/vhpl10 1512302749
EN fhm_wire_in_w1 NULL /home/asip04/WS17/Session8b/ASIPMeisterProjects/brownie/ISEUART5f6/fhm_wire_in_w1.vhd sub00/vhpl85 1512302822
EN dcm NULL /home/asip04/WS17/Session8b/ASIPMeisterProjects/brownie/ISEUART5f6/DCM.vhd sub00/vhpl25 1512302884
EN rtg_mux3to1_w5 NULL /home/asip04/WS17/Session8b/ASIPMeisterProjects/brownie/ISEUART5f6/rtg_mux3to1_w5.vhd sub01/vhpl113 1512302850
EN rtg_register_w32 NULL /home/asip04/WS17/Session8b/ASIPMeisterProjects/brownie/ISEUART5f6/rtg_register_w32.vhd sub00/vhpl06 1512302745
AR fhm_extender_w26 synthesis /home/asip04/WS17/Session8b/ASIPMeisterProjects/brownie/ISEUART5f6/fhm_extender_w26.vhd sub00/vhpl82 1512302819
EN fhm_multiplier_w32_tconv32 NULL /home/asip04/WS17/Session8b/ASIPMeisterProjects/brownie/ISEUART5f6/fhm_multiplier_w32.vhd sub00/vhpl57 1512302794
EN fhm_alu_w32 NULL /home/asip04/WS17/Session8b/ASIPMeisterProjects/brownie/ISEUART5f6/fhm_alu_w32.vhd sub00/vhpl43 1512302780
EN i2c_toplevel NULL /home/asip04/WS17/Session8b/ASIPMeisterProjects/brownie/ISEUART5f6/i2c_toplevel.vhd sub01/vhpl131 1512302868
EN fhm_alu_w32_add NULL /home/asip04/WS17/Session8b/ASIPMeisterProjects/brownie/ISEUART5f6/fhm_alu_w32.vhd sub00/vhpl41 1512302778
EN fhm_multiplier_w32_reg1 NULL /home/asip04/WS17/Session8b/ASIPMeisterProjects/brownie/ISEUART5f6/fhm_multiplier_w32.vhd sub00/vhpl45 1512302782
EN rtg_mux2to1_w5 NULL /home/asip04/WS17/Session8b/ASIPMeisterProjects/brownie/ISEUART5f6/rtg_mux2to1_w5.vhd sub01/vhpl107 1512302844
AR clk_div behavioral /home/asip04/WS17/Session8b/ASIPMeisterProjects/brownie/ISEUART5f6/clk_div.vhd sub01/vhpl136 1512302873
EN flag_reg5 NULL /home/asip04/WS17/Session8b/ASIPMeisterProjects/brownie/ISEUART5f6/fhm_browregfile_w32.vhd sub00/vhpl93 1512302830
AR pca9564_interface pca9564_interface_arch /home/asip04/WS17/Session8b/ASIPMeisterProjects/brownie/ISEUART5f6/pca9564_interface_state.vhd sub00/vhpl24 1512302763
AR rtg_proc_fsm rtl /home/asip04/WS17/Session8b/ASIPMeisterProjects/brownie/ISEUART5f6/rtg_proc_fsm.vhd sub00/vhpl01 1512302740
EN fhm_multiplier_w32_tconv64 NULL /home/asip04/WS17/Session8b/ASIPMeisterProjects/brownie/ISEUART5f6/fhm_multiplier_w32.vhd sub00/vhpl59 1512302796
AR dcm_100 behavioral /home/asip04/WS17/Session8b/ASIPMeisterProjects/brownie/ISEUART5f6/DCM_100.vhd sub01/vhpl144 1512302881
EN dcm_100 NULL /home/asip04/WS17/Session8b/ASIPMeisterProjects/brownie/ISEUART5f6/DCM_100.vhd sub01/vhpl143 1512302880
PH audioout_types NULL /home/asip04/WS17/Session8b/ASIPMeisterProjects/brownie/ISEUART5f6/AudioOut_Types.vhd sub00/vhpl12 1512302751
AR fhm_multiplier_w32_add32 synthesis /home/asip04/WS17/Session8b/ASIPMeisterProjects/brownie/ISEUART5f6/fhm_multiplier_w32.vhd sub00/vhpl48 1512302785
AR kcuart_tx low_level_definition /home/asip04/WS17/Session8b/ASIPMeisterProjects/brownie/ISEUART5f6/kcuart_tx.vhd sub01/vhpl138 1512302875
EN fhm_multiplier_w32 NULL /home/asip04/WS17/Session8b/ASIPMeisterProjects/brownie/ISEUART5f6/fhm_multiplier_w32.vhd sub00/vhpl61 1512302798
EN rtg_register_w84 NULL /home/asip04/WS17/Session8b/ASIPMeisterProjects/brownie/ISEUART5f6/rtg_register_w84.vhd sub00/vhpl08 1512302747
AR fhm_pcu_w32_add32 synthesis /home/asip04/WS17/Session8b/ASIPMeisterProjects/brownie/ISEUART5f6/fhm_pcu_w32.vhd sub00/vhpl30 1512302767
AR fhm_divider_w32 synthesis /home/asip04/WS17/Session8b/ASIPMeisterProjects/brownie/ISEUART5f6/fhm_divider_w32.vhd sub00/vhpl76 1512302813
EN dcm_33 NULL /home/asip04/WS17/Session8b/ASIPMeisterProjects/brownie/ISEUART5f6/DCM_33.vhd sub01/vhpl147 1512302882
AR fhm_divider_w32_lsftreg32 synthesis /home/asip04/WS17/Session8b/ASIPMeisterProjects/brownie/ISEUART5f6/fhm_divider_w32.vhd sub00/vhpl70 1512302807
AR dlx_toplevel behavioral /home/asip04/WS17/Session8b/ASIPMeisterProjects/brownie/ISEUART5f6/dlx_toplevel.vhd sub01/vhpl146 1512302887
AR fhm_extender_w8 synthesis /home/asip04/WS17/Session8b/ASIPMeisterProjects/brownie/ISEUART5f6/fhm_extender_w8.vhd sub00/vhpl78 1512302815
AR rtg_mux2to1_w5 rtl /home/asip04/WS17/Session8b/ASIPMeisterProjects/brownie/ISEUART5f6/rtg_mux2to1_w5.vhd sub01/vhpl108 1512302845
EN fhm_multiplier_w32_add32 NULL /home/asip04/WS17/Session8b/ASIPMeisterProjects/brownie/ISEUART5f6/fhm_multiplier_w32.vhd sub00/vhpl47 1512302784
EN fhm_divider_w32_sdiv32 NULL /home/asip04/WS17/Session8b/ASIPMeisterProjects/brownie/ISEUART5f6/fhm_divider_w32.vhd sub00/vhpl71 1512302808
AR dcm_33 behavioral /home/asip04/WS17/Session8b/ASIPMeisterProjects/brownie/ISEUART5f6/DCM_33.vhd sub01/vhpl148 1512302883
AR fhm_browregfile_w32 synthesis /home/asip04/WS17/Session8b/ASIPMeisterProjects/brownie/ISEUART5f6/fhm_browregfile_w32.vhd sub01/vhpl100 1512302837
EN multiclock_latch NULL /home/asip04/WS17/Session8b/ASIPMeisterProjects/brownie/ISEUART5f6/i2c_multiclock_latch.vhd sub00/vhpl19 1512302758
AR fhm_alu_w32_add synthesis /home/asip04/WS17/Session8b/ASIPMeisterProjects/brownie/ISEUART5f6/fhm_alu_w32.vhd sub00/vhpl42 1512302779
AR fhm_wire_out_w1 synthesis /home/asip04/WS17/Session8b/ASIPMeisterProjects/brownie/ISEUART5f6/fhm_wire_out_w1.vhd sub00/vhpl88 1512302825
AR audio_out_fifo audio_out_fifo_a /home/asip04/WS17/Session8b/ASIPMeisterProjects/brownie/ISEUART5f6/audio_out_fifo.vhd sub00/vhpl16 1512302755
EN fhm_pcu_w32_add32 NULL /home/asip04/WS17/Session8b/ASIPMeisterProjects/brownie/ISEUART5f6/fhm_pcu_w32.vhd sub00/vhpl29 1512302766
EN fhm_extender_w8 NULL /home/asip04/WS17/Session8b/ASIPMeisterProjects/brownie/ISEUART5f6/fhm_extender_w8.vhd sub00/vhpl77 1512302814
AR fhm_multiplier_w32_tconv32 synthesis /home/asip04/WS17/Session8b/ASIPMeisterProjects/brownie/ISEUART5f6/fhm_multiplier_w32.vhd sub00/vhpl58 1512302795
AR audioout_toplevel structure /home/asip04/WS17/Session8b/ASIPMeisterProjects/brownie/ISEUART5f6/AudioOut_TopLevel.vhd sub01/vhpl134 1512302871
AR fhm_multiplier_w32_reg32 synthesis /home/asip04/WS17/Session8b/ASIPMeisterProjects/brownie/ISEUART5f6/fhm_multiplier_w32.vhd sub00/vhpl52 1512302789
EN fhm_multiplier_w32_add64 NULL /home/asip04/WS17/Session8b/ASIPMeisterProjects/brownie/ISEUART5f6/fhm_multiplier_w32.vhd sub00/vhpl49 1512302786
AR rtg_mux3to1_w5 rtl /home/asip04/WS17/Session8b/ASIPMeisterProjects/brownie/ISEUART5f6/rtg_mux3to1_w5.vhd sub01/vhpl114 1512302851
EN fhm_multiplier_w32_reg32 NULL /home/asip04/WS17/Session8b/ASIPMeisterProjects/brownie/ISEUART5f6/fhm_multiplier_w32.vhd sub00/vhpl51 1512302788
AR fhm_divider_w32_tconv32 synthesis /home/asip04/WS17/Session8b/ASIPMeisterProjects/brownie/ISEUART5f6/fhm_divider_w32.vhd sub00/vhpl74 1512302811
EN dlx_toplevel NULL /home/asip04/WS17/Session8b/ASIPMeisterProjects/brownie/ISEUART5f6/dlx_toplevel.vhd sub01/vhpl145 1512302886
AR fhm_pcu_w32_reg32 synthesis /home/asip04/WS17/Session8b/ASIPMeisterProjects/brownie/ISEUART5f6/fhm_pcu_w32.vhd sub00/vhpl32 1512302769
EN fifo_generator_v2_1 NULL /home/asip04/WS17/Session8b/ASIPMeisterProjects/brownie/ISEUART5f6/fifo_generator_v2_1.vhd sub00/vhpl17 1512302756
AR rtg_mux3to1_w32 rtl /home/asip04/WS17/Session8b/ASIPMeisterProjects/brownie/ISEUART5f6/rtg_mux3to1_w32.vhd sub01/vhpl106 1512302843
EN fhm_pcu_w32_reg32 NULL /home/asip04/WS17/Session8b/ASIPMeisterProjects/brownie/ISEUART5f6/fhm_pcu_w32.vhd sub00/vhpl31 1512302768
EN brom_im NULL /home/asip04/WS17/Session8b/ASIPMeisterProjects/brownie/ISEUART5f6/brom_im.vhd sub01/vhpl123 1512302860
AR fhm_fwu_w32 synthesis /home/asip04/WS17/Session8b/ASIPMeisterProjects/brownie/ISEUART5f6/fhm_fwu_w32.vhd sub00/vhpl90 1512302827
AR fhm_multiplier_w32_smul synthesis /home/asip04/WS17/Session8b/ASIPMeisterProjects/brownie/ISEUART5f6/fhm_multiplier_w32.vhd sub00/vhpl56 1512302793
PB dlxtypes dlxtypes /home/asip04/WS17/Session8b/ASIPMeisterProjects/brownie/ISEUART5f6/dlxTypes.vhd sub01/vhpl120 1512302857
AR flag_reg5 synthesis /home/asip04/WS17/Session8b/ASIPMeisterProjects/brownie/ISEUART5f6/fhm_browregfile_w32.vhd sub00/vhpl94 1512302831
AR dcm behavioral /home/asip04/WS17/Session8b/ASIPMeisterProjects/brownie/ISEUART5f6/DCM.vhd sub00/vhpl26 1512302885
AR fhm_divider_w32_add32 synthesis /home/asip04/WS17/Session8b/ASIPMeisterProjects/brownie/ISEUART5f6/fhm_divider_w32.vhd sub00/vhpl64 1512302801
PB memorymappertypes memorymappertypes /home/asip04/WS17/Session8b/ASIPMeisterProjects/brownie/ISEUART5f6/MemoryMapperTypes.vhd sub00/vhpl28 1512302765
EN interface_asipmeister_i2c NULL /home/asip04/WS17/Session8b/ASIPMeisterProjects/brownie/ISEUART5f6/interface_asipmeister_i2c.vhd sub01/vhpl129 1512302866
EN fhm_multiplier_w32_reg64 NULL /home/asip04/WS17/Session8b/ASIPMeisterProjects/brownie/ISEUART5f6/fhm_multiplier_w32.vhd sub00/vhpl53 1512302790
AR fhm_alu_w32 synthesis /home/asip04/WS17/Session8b/ASIPMeisterProjects/brownie/ISEUART5f6/fhm_alu_w32.vhd sub00/vhpl44 1512302781
AR rtg_mux4to1_w5 rtl /home/asip04/WS17/Session8b/ASIPMeisterProjects/brownie/ISEUART5f6/rtg_mux4to1_w5.vhd sub01/vhpl116 1512302853
EN fhm_multiplier_w32_smul NULL /home/asip04/WS17/Session8b/ASIPMeisterProjects/brownie/ISEUART5f6/fhm_multiplier_w32.vhd sub00/vhpl55 1512302792
EN rtg_mux20to1_w32 NULL /home/asip04/WS17/Session8b/ASIPMeisterProjects/brownie/ISEUART5f6/rtg_mux20to1_w32.vhd sub01/vhpl109 1512302846
AR fhm_shifter_w32 synthesis /home/asip04/WS17/Session8b/ASIPMeisterProjects/brownie/ISEUART5f6/fhm_shifter_w32.vhd sub00/vhpl84 1512302821
EN fhm_divider_w32_reg1 NULL /home/asip04/WS17/Session8b/ASIPMeisterProjects/brownie/ISEUART5f6/fhm_divider_w32.vhd sub00/vhpl67 1512302804
EN rtg_proc_fsm NULL /home/asip04/WS17/Session8b/ASIPMeisterProjects/brownie/ISEUART5f6/rtg_proc_fsm.vhd sub00/vhpl00 1512302739
EN memorymapper NULL /home/asip04/WS17/Session8b/ASIPMeisterProjects/brownie/ISEUART5f6/MemoryMapper.vhd sub01/vhpl127 1512302864
AR rtg_register_w32 rtl /home/asip04/WS17/Session8b/ASIPMeisterProjects/brownie/ISEUART5f6/rtg_register_w32.vhd sub00/vhpl07 1512302746
EN kcuart_rx NULL /home/asip04/WS17/Session8b/ASIPMeisterProjects/brownie/ISEUART5f6/kcuart_rx.vhd sub01/vhpl139 1512302876
EN rtg_mux3to1_w32 NULL /home/asip04/WS17/Session8b/ASIPMeisterProjects/brownie/ISEUART5f6/rtg_mux3to1_w32.vhd sub01/vhpl105 1512302842
EN pca9564_interface NULL /home/asip04/WS17/Session8b/ASIPMeisterProjects/brownie/ISEUART5f6/pca9564_interface_state.vhd sub00/vhpl23 1512302762
PH dlxtypes NULL /home/asip04/WS17/Session8b/ASIPMeisterProjects/brownie/ISEUART5f6/dlxTypes.vhd sub01/vhpl119 1512302856
AR fhm_register_w32 logic /home/asip04/WS17/Session8b/ASIPMeisterProjects/brownie/ISEUART5f6/fhm_register_w32.vhd sub00/vhpl36 1512302773
AR rtg_mux5to1_w5 rtl /home/asip04/WS17/Session8b/ASIPMeisterProjects/brownie/ISEUART5f6/rtg_mux5to1_w5.vhd sub01/vhpl112 1512302849
AR rtg_controller rtl /home/asip04/WS17/Session8b/ASIPMeisterProjects/brownie/ISEUART5f6/rtg_controller.vhd sub01/vhpl104 1512302841
EN kcuart_tx NULL /home/asip04/WS17/Session8b/ASIPMeisterProjects/brownie/ISEUART5f6/kcuart_tx.vhd sub01/vhpl137 1512302874
AR debouncer behavioral /home/asip04/WS17/Session8b/ASIPMeisterProjects/brownie/ISEUART5f6/Debouncer.vhd sub01/vhpl142 1512302879
EN browniestd32 NULL /home/asip04/WS17/Session8b/ASIPMeisterProjects/brownie/ISEUART5f6/BrownieSTD32.vhd sub01/vhpl121 1512302858
AR digitalanalogconverter behavioral /home/asip04/WS17/Session8b/ASIPMeisterProjects/brownie/ISEUART5f6/DigitalAnalogConverter.vhd sub00/vhpl14 1512302753
EN fhm_wire_out_w1 NULL /home/asip04/WS17/Session8b/ASIPMeisterProjects/brownie/ISEUART5f6/fhm_wire_out_w1.vhd sub00/vhpl87 1512302824
AR fhm_extender_w16 synthesis /home/asip04/WS17/Session8b/ASIPMeisterProjects/brownie/ISEUART5f6/fhm_extender_w16.vhd sub00/vhpl80 1512302817
AR fhm_multiplier_w32_reg1 synthesis /home/asip04/WS17/Session8b/ASIPMeisterProjects/brownie/ISEUART5f6/fhm_multiplier_w32.vhd sub00/vhpl46 1512302783
EN rtg_register_w1 NULL /home/asip04/WS17/Session8b/ASIPMeisterProjects/brownie/ISEUART5f6/rtg_register_w1.vhd sub00/vhpl02 1512302741
EN fhm_register_w32 NULL /home/asip04/WS17/Session8b/ASIPMeisterProjects/brownie/ISEUART5f6/fhm_register_w32.vhd sub00/vhpl35 1512302772
EN rtg_register_w2 NULL /home/asip04/WS17/Session8b/ASIPMeisterProjects/brownie/ISEUART5f6/rtg_register_w2.vhd sub00/vhpl04 1512302743
AR rtg_register_w5 rtl /home/asip04/WS17/Session8b/ASIPMeisterProjects/brownie/ISEUART5f6/rtg_register_w5.vhd sub01/vhpl118 1512302855
AR interface_asipmeister_i2c interface_asipmeister_i2c_arch /home/asip04/WS17/Session8b/ASIPMeisterProjects/brownie/ISEUART5f6/interface_asipmeister_i2c.vhd sub01/vhpl130 1512302867
AR browniestd32 rtl /home/asip04/WS17/Session8b/ASIPMeisterProjects/brownie/ISEUART5f6/BrownieSTD32.vhd sub01/vhpl122 1512302859
EN rtg_register_w5 NULL /home/asip04/WS17/Session8b/ASIPMeisterProjects/brownie/ISEUART5f6/rtg_register_w5.vhd sub01/vhpl117 1512302854
EN fhm_browregfile_w32_reg32 NULL /home/asip04/WS17/Session8b/ASIPMeisterProjects/brownie/ISEUART5f6/fhm_browregfile_w32.vhd sub00/vhpl97 1512302834
AR fhm_mifu_w32_00 synthesis /home/asip04/WS17/Session8b/ASIPMeisterProjects/brownie/ISEUART5f6/fhm_mifu_w32_00.vhd sub00/vhpl38 1512302775
AR rtg_register_w1 rtl /home/asip04/WS17/Session8b/ASIPMeisterProjects/brownie/ISEUART5f6/rtg_register_w1.vhd sub00/vhpl03 1512302742
EN rtg_mux2to1_w32 NULL /home/asip04/WS17/Session8b/ASIPMeisterProjects/brownie/ISEUART5f6/rtg_mux2to1_w32.vhd sub01/vhpl101 1512302838
PH memorymappertypes NULL /home/asip04/WS17/Session8b/ASIPMeisterProjects/brownie/ISEUART5f6/MemoryMapperTypes.vhd sub00/vhpl27 1512302764
AR fhm_browregfile_w32_reg32 synthesis /home/asip04/WS17/Session8b/ASIPMeisterProjects/brownie/ISEUART5f6/fhm_browregfile_w32.vhd sub00/vhpl98 1512302835
EN fhm_pcu_w32 NULL /home/asip04/WS17/Session8b/ASIPMeisterProjects/brownie/ISEUART5f6/fhm_pcu_w32.vhd sub00/vhpl33 1512302770
AR fhm_pcu_w32 synthesis /home/asip04/WS17/Session8b/ASIPMeisterProjects/brownie/ISEUART5f6/fhm_pcu_w32.vhd sub00/vhpl34 1512302771
EN fhm_divider_w32 NULL /home/asip04/WS17/Session8b/ASIPMeisterProjects/brownie/ISEUART5f6/fhm_divider_w32.vhd sub00/vhpl75 1512302812
EN status_reg27 NULL /home/asip04/WS17/Session8b/ASIPMeisterProjects/brownie/ISEUART5f6/fhm_browregfile_w32.vhd sub00/vhpl95 1512302832
EN audio_out_fifo NULL /home/asip04/WS17/Session8b/ASIPMeisterProjects/brownie/ISEUART5f6/audio_out_fifo.vhd sub00/vhpl15 1512302754
EN fhm_shifter_w32 NULL /home/asip04/WS17/Session8b/ASIPMeisterProjects/brownie/ISEUART5f6/fhm_shifter_w32.vhd sub00/vhpl83 1512302820
AR fhm_multiplier_w32_add64 synthesis /home/asip04/WS17/Session8b/ASIPMeisterProjects/brownie/ISEUART5f6/fhm_multiplier_w32.vhd sub00/vhpl50 1512302787
AR fifo_generator_v2_1 fifo_generator_v2_1_a /home/asip04/WS17/Session8b/ASIPMeisterProjects/brownie/ISEUART5f6/fifo_generator_v2_1.vhd sub00/vhpl18 1512302757
AR fhm_mifu_w32_01 synthesis /home/asip04/WS17/Session8b/ASIPMeisterProjects/brownie/ISEUART5f6/fhm_mifu_w32_01.vhd sub00/vhpl40 1512302777
EN debouncer NULL /home/asip04/WS17/Session8b/ASIPMeisterProjects/brownie/ISEUART5f6/Debouncer.vhd sub01/vhpl141 1512302878
AR fhm_divider_w32_sdiv32 synthesis /home/asip04/WS17/Session8b/ASIPMeisterProjects/brownie/ISEUART5f6/fhm_divider_w32.vhd sub00/vhpl72 1512302809
AR memorymapper behavioral /home/asip04/WS17/Session8b/ASIPMeisterProjects/brownie/ISEUART5f6/MemoryMapper.vhd sub01/vhpl128 1512302865
EN fhm_extender_w16 NULL /home/asip04/WS17/Session8b/ASIPMeisterProjects/brownie/ISEUART5f6/fhm_extender_w16.vhd sub00/vhpl79 1512302816
EN audioout_toplevel NULL /home/asip04/WS17/Session8b/ASIPMeisterProjects/brownie/ISEUART5f6/AudioOut_TopLevel.vhd sub01/vhpl133 1512302870
AR rtg_register_w15 rtl /home/asip04/WS17/Session8b/ASIPMeisterProjects/brownie/ISEUART5f6/rtg_register_w15.vhd sub00/vhpl11 1512302750
AR brom_im brom_im_a /home/asip04/WS17/Session8b/ASIPMeisterProjects/brownie/ISEUART5f6/brom_im.vhd sub01/vhpl124 1512302861
EN rtg_controller NULL /home/asip04/WS17/Session8b/ASIPMeisterProjects/brownie/ISEUART5f6/rtg_controller.vhd sub01/vhpl103 1512302840
EN fhm_extender_w26 NULL /home/asip04/WS17/Session8b/ASIPMeisterProjects/brownie/ISEUART5f6/fhm_extender_w26.vhd sub00/vhpl81 1512302818
EN fhm_divider_w32_tconv32 NULL /home/asip04/WS17/Session8b/ASIPMeisterProjects/brownie/ISEUART5f6/fhm_divider_w32.vhd sub00/vhpl73 1512302810
EN i2c_arbiter NULL /home/asip04/WS17/Session8b/ASIPMeisterProjects/brownie/ISEUART5f6/i2c_arbiter.vhd sub00/vhpl21 1512302760
AR rtg_mux20to1_w32 rtl /home/asip04/WS17/Session8b/ASIPMeisterProjects/brownie/ISEUART5f6/rtg_mux20to1_w32.vhd sub01/vhpl110 1512302847
AR i2c_arbiter i2c_arbiter_arch /home/asip04/WS17/Session8b/ASIPMeisterProjects/brownie/ISEUART5f6/i2c_arbiter.vhd sub00/vhpl22 1512302761
EN fhm_divider_w32_lsftreg32 NULL /home/asip04/WS17/Session8b/ASIPMeisterProjects/brownie/ISEUART5f6/fhm_divider_w32.vhd sub00/vhpl69 1512302806
AR fhm_divider_w32_reg1 synthesis /home/asip04/WS17/Session8b/ASIPMeisterProjects/brownie/ISEUART5f6/fhm_divider_w32.vhd sub00/vhpl68 1512302805
EN clk_div NULL /home/asip04/WS17/Session8b/ASIPMeisterProjects/brownie/ISEUART5f6/clk_div.vhd sub01/vhpl135 1512302872
EN fhm_divider_w32_add32 NULL /home/asip04/WS17/Session8b/ASIPMeisterProjects/brownie/ISEUART5f6/fhm_divider_w32.vhd sub00/vhpl63 1512302800
EN digitalanalogconverter NULL /home/asip04/WS17/Session8b/ASIPMeisterProjects/brownie/ISEUART5f6/DigitalAnalogConverter.vhd sub00/vhpl13 1512302752
AR fhm_multiplier_w32_tconv64 synthesis /home/asip04/WS17/Session8b/ASIPMeisterProjects/brownie/ISEUART5f6/fhm_multiplier_w32.vhd sub00/vhpl60 1512302797
AR rtg_mux2to1_w32 rtl /home/asip04/WS17/Session8b/ASIPMeisterProjects/brownie/ISEUART5f6/rtg_mux2to1_w32.vhd sub01/vhpl102 1512302839
AR fhm_multiplier_w32_reg64 synthesis /home/asip04/WS17/Session8b/ASIPMeisterProjects/brownie/ISEUART5f6/fhm_multiplier_w32.vhd sub00/vhpl54 1512302791
AR fhm_dummy_register_w32 logic /home/asip04/WS17/Session8b/ASIPMeisterProjects/brownie/ISEUART5f6/fhm_dummy_register_w32.vhd sub00/vhpl92 1512302829
AR rtg_register_w84 rtl /home/asip04/WS17/Session8b/ASIPMeisterProjects/brownie/ISEUART5f6/rtg_register_w84.vhd sub00/vhpl09 1512302748
AR kcuart_rx low_level_definition /home/asip04/WS17/Session8b/ASIPMeisterProjects/brownie/ISEUART5f6/kcuart_rx.vhd sub01/vhpl140 1512302877
AR rtg_register_w2 rtl /home/asip04/WS17/Session8b/ASIPMeisterProjects/brownie/ISEUART5f6/rtg_register_w2.vhd sub00/vhpl05 1512302744
EN bram_dm NULL /home/asip04/WS17/Session8b/ASIPMeisterProjects/brownie/ISEUART5f6/bram_dm.vhd sub01/vhpl125 1512302862
AR fhm_multiplier_w32 synthesis /home/asip04/WS17/Session8b/ASIPMeisterProjects/brownie/ISEUART5f6/fhm_multiplier_w32.vhd sub00/vhpl62 1512302799
AR status_reg27 synthesis /home/asip04/WS17/Session8b/ASIPMeisterProjects/brownie/ISEUART5f6/fhm_browregfile_w32.vhd sub00/vhpl96 1512302833
