AR bram_dm bram_dm_a /home/asip04/WS17/Session8b/ASIPMeisterProjects/brownie2/ISEUART6/bram_dm.vhd sub01/vhpl126 1519422562
EN fhm_fwu_w32 NULL /home/asip04/WS17/Session8b/ASIPMeisterProjects/brownie2/ISEUART6/fhm_fwu_w32.vhd sub00/vhpl89 1519422525
EN rtg_mux5to1_w5 NULL /home/asip04/WS17/Session8b/ASIPMeisterProjects/brownie2/ISEUART6/rtg_mux5to1_w5.vhd sub01/vhpl111 1519422547
EN fhm_dummy_register_w32 NULL /home/asip04/WS17/Session8b/ASIPMeisterProjects/brownie2/ISEUART6/fhm_dummy_register_w32.vhd sub00/vhpl91 1519422527
EN fhm_divider_w32_reg32 NULL /home/asip04/WS17/Session8b/ASIPMeisterProjects/brownie2/ISEUART6/fhm_divider_w32.vhd sub00/vhpl65 1519422501
AR fhm_wire_in_w1 synthesis /home/asip04/WS17/Session8b/ASIPMeisterProjects/brownie2/ISEUART6/fhm_wire_in_w1.vhd sub00/vhpl86 1519422522
EN fhm_mifu_w32_00 NULL /home/asip04/WS17/Session8b/ASIPMeisterProjects/brownie2/ISEUART6/fhm_mifu_w32_00.vhd sub00/vhpl37 1519422473
EN fhm_mifu_w32_01 NULL /home/asip04/WS17/Session8b/ASIPMeisterProjects/brownie2/ISEUART6/fhm_mifu_w32_01.vhd sub00/vhpl39 1519422475
EN fhm_browregfile_w32 NULL /home/asip04/WS17/Session8b/ASIPMeisterProjects/brownie2/ISEUART6/fhm_browregfile_w32.vhd sub00/vhpl99 1519422535
AR multiclock_latch multiclock_latch_arch /home/asip04/WS17/Session8b/ASIPMeisterProjects/brownie2/ISEUART6/i2c_multiclock_latch.vhd sub00/vhpl20 1519422458
EN rtg_mux4to1_w5 NULL /home/asip04/WS17/Session8b/ASIPMeisterProjects/brownie2/ISEUART6/rtg_mux4to1_w5.vhd sub01/vhpl115 1519422551
AR i2c_toplevel i2c_toplevel_arch /home/asip04/WS17/Session8b/ASIPMeisterProjects/brownie2/ISEUART6/i2c_toplevel.vhd sub01/vhpl132 1519422568
AR fhm_divider_w32_reg32 synthesis /home/asip04/WS17/Session8b/ASIPMeisterProjects/brownie2/ISEUART6/fhm_divider_w32.vhd sub00/vhpl66 1519422502
EN rtg_register_w15 NULL /home/asip04/WS17/Session8b/ASIPMeisterProjects/brownie2/ISEUART6/rtg_register_w15.vhd sub00/vhpl10 1519422448
EN fhm_wire_in_w1 NULL /home/asip04/WS17/Session8b/ASIPMeisterProjects/brownie2/ISEUART6/fhm_wire_in_w1.vhd sub00/vhpl85 1519422521
EN dcm NULL /home/asip04/WS17/Session8b/ASIPMeisterProjects/brownie2/ISEUART6/DCM.vhd sub00/vhpl25 1519422583
EN rtg_mux3to1_w5 NULL /home/asip04/WS17/Session8b/ASIPMeisterProjects/brownie2/ISEUART6/rtg_mux3to1_w5.vhd sub01/vhpl113 1519422549
EN rtg_register_w32 NULL /home/asip04/WS17/Session8b/ASIPMeisterProjects/brownie2/ISEUART6/rtg_register_w32.vhd sub00/vhpl06 1519422444
EN fhm_multiplier_w32_tconv32 NULL /home/asip04/WS17/Session8b/ASIPMeisterProjects/brownie2/ISEUART6/fhm_multiplier_w32.vhd sub00/vhpl57 1519422493
AR fhm_extender_w26 synthesis /home/asip04/WS17/Session8b/ASIPMeisterProjects/brownie2/ISEUART6/fhm_extender_w26.vhd sub00/vhpl82 1519422518
EN fhm_alu_w32 NULL /home/asip04/WS17/Session8b/ASIPMeisterProjects/brownie2/ISEUART6/fhm_alu_w32.vhd sub00/vhpl43 1519422479
EN i2c_toplevel NULL /home/asip04/WS17/Session8b/ASIPMeisterProjects/brownie2/ISEUART6/i2c_toplevel.vhd sub01/vhpl131 1519422567
EN fhm_alu_w32_add NULL /home/asip04/WS17/Session8b/ASIPMeisterProjects/brownie2/ISEUART6/fhm_alu_w32.vhd sub00/vhpl41 1519422477
EN fhm_multiplier_w32_reg1 NULL /home/asip04/WS17/Session8b/ASIPMeisterProjects/brownie2/ISEUART6/fhm_multiplier_w32.vhd sub00/vhpl45 1519422481
EN rtg_mux2to1_w5 NULL /home/asip04/WS17/Session8b/ASIPMeisterProjects/brownie2/ISEUART6/rtg_mux2to1_w5.vhd sub01/vhpl107 1519422543
AR clk_div behavioral /home/asip04/WS17/Session8b/ASIPMeisterProjects/brownie2/ISEUART6/clk_div.vhd sub01/vhpl136 1519422572
EN flag_reg5 NULL /home/asip04/WS17/Session8b/ASIPMeisterProjects/brownie2/ISEUART6/fhm_browregfile_w32.vhd sub00/vhpl93 1519422529
AR pca9564_interface pca9564_interface_arch /home/asip04/WS17/Session8b/ASIPMeisterProjects/brownie2/ISEUART6/pca9564_interface_state.vhd sub00/vhpl24 1519422462
AR rtg_proc_fsm rtl /home/asip04/WS17/Session8b/ASIPMeisterProjects/brownie2/ISEUART6/rtg_proc_fsm.vhd sub00/vhpl01 1519422439
EN fhm_multiplier_w32_tconv64 NULL /home/asip04/WS17/Session8b/ASIPMeisterProjects/brownie2/ISEUART6/fhm_multiplier_w32.vhd sub00/vhpl59 1519422495
EN dcm_100 NULL /home/asip04/WS17/Session8b/ASIPMeisterProjects/brownie2/ISEUART6/DCM_100.vhd sub01/vhpl143 1519422579
AR dcm_100 behavioral /home/asip04/WS17/Session8b/ASIPMeisterProjects/brownie2/ISEUART6/DCM_100.vhd sub01/vhpl144 1519422580
PH audioout_types NULL /home/asip04/WS17/Session8b/ASIPMeisterProjects/brownie2/ISEUART6/AudioOut_Types.vhd sub00/vhpl12 1519422450
AR fhm_multiplier_w32_add32 synthesis /home/asip04/WS17/Session8b/ASIPMeisterProjects/brownie2/ISEUART6/fhm_multiplier_w32.vhd sub00/vhpl48 1519422484
AR kcuart_tx low_level_definition /home/asip04/WS17/Session8b/ASIPMeisterProjects/brownie2/ISEUART6/kcuart_tx.vhd sub01/vhpl138 1519422574
EN fhm_multiplier_w32 NULL /home/asip04/WS17/Session8b/ASIPMeisterProjects/brownie2/ISEUART6/fhm_multiplier_w32.vhd sub00/vhpl61 1519422497
EN rtg_register_w84 NULL /home/asip04/WS17/Session8b/ASIPMeisterProjects/brownie/ISEUART6/rtg_register_w84.vhd sub00/vhpl08 1519046789
AR fhm_pcu_w32_add32 synthesis /home/asip04/WS17/Session8b/ASIPMeisterProjects/brownie2/ISEUART6/fhm_pcu_w32.vhd sub00/vhpl30 1519422466
EN rtg_register_w79 NULL /home/asip04/WS17/Session8b/ASIPMeisterProjects/brownie2/ISEUART6/rtg_register_w79.vhd sub01/vhpl149 1519422446
AR fhm_divider_w32 synthesis /home/asip04/WS17/Session8b/ASIPMeisterProjects/brownie2/ISEUART6/fhm_divider_w32.vhd sub00/vhpl76 1519422512
EN dcm_33 NULL /home/asip04/WS17/Session8b/ASIPMeisterProjects/brownie2/ISEUART6/DCM_33.vhd sub01/vhpl147 1519422581
AR fhm_divider_w32_lsftreg32 synthesis /home/asip04/WS17/Session8b/ASIPMeisterProjects/brownie2/ISEUART6/fhm_divider_w32.vhd sub00/vhpl70 1519422506
AR dlx_toplevel behavioral /home/asip04/WS17/Session8b/ASIPMeisterProjects/brownie2/ISEUART6/dlx_toplevel.vhd sub01/vhpl146 1519422586
AR fhm_extender_w8 synthesis /home/asip04/WS17/Session8b/ASIPMeisterProjects/brownie2/ISEUART6/fhm_extender_w8.vhd sub00/vhpl78 1519422514
AR rtg_mux2to1_w5 rtl /home/asip04/WS17/Session8b/ASIPMeisterProjects/brownie2/ISEUART6/rtg_mux2to1_w5.vhd sub01/vhpl108 1519422544
EN fhm_multiplier_w32_add32 NULL /home/asip04/WS17/Session8b/ASIPMeisterProjects/brownie2/ISEUART6/fhm_multiplier_w32.vhd sub00/vhpl47 1519422483
EN fhm_divider_w32_sdiv32 NULL /home/asip04/WS17/Session8b/ASIPMeisterProjects/brownie2/ISEUART6/fhm_divider_w32.vhd sub00/vhpl71 1519422507
AR dcm_33 behavioral /home/asip04/WS17/Session8b/ASIPMeisterProjects/brownie2/ISEUART6/DCM_33.vhd sub01/vhpl148 1519422582
AR fhm_browregfile_w32 synthesis /home/asip04/WS17/Session8b/ASIPMeisterProjects/brownie2/ISEUART6/fhm_browregfile_w32.vhd sub01/vhpl100 1519422536
EN multiclock_latch NULL /home/asip04/WS17/Session8b/ASIPMeisterProjects/brownie2/ISEUART6/i2c_multiclock_latch.vhd sub00/vhpl19 1519422457
AR fhm_alu_w32_add synthesis /home/asip04/WS17/Session8b/ASIPMeisterProjects/brownie2/ISEUART6/fhm_alu_w32.vhd sub00/vhpl42 1519422478
AR fhm_wire_out_w1 synthesis /home/asip04/WS17/Session8b/ASIPMeisterProjects/brownie2/ISEUART6/fhm_wire_out_w1.vhd sub00/vhpl88 1519422524
AR audio_out_fifo audio_out_fifo_a /home/asip04/WS17/Session8b/ASIPMeisterProjects/brownie2/ISEUART6/audio_out_fifo.vhd sub00/vhpl16 1519422454
EN fhm_pcu_w32_add32 NULL /home/asip04/WS17/Session8b/ASIPMeisterProjects/brownie2/ISEUART6/fhm_pcu_w32.vhd sub00/vhpl29 1519422465
EN fhm_extender_w8 NULL /home/asip04/WS17/Session8b/ASIPMeisterProjects/brownie2/ISEUART6/fhm_extender_w8.vhd sub00/vhpl77 1519422513
AR fhm_multiplier_w32_tconv32 synthesis /home/asip04/WS17/Session8b/ASIPMeisterProjects/brownie2/ISEUART6/fhm_multiplier_w32.vhd sub00/vhpl58 1519422494
AR audioout_toplevel structure /home/asip04/WS17/Session8b/ASIPMeisterProjects/brownie2/ISEUART6/AudioOut_TopLevel.vhd sub01/vhpl134 1519422570
AR fhm_multiplier_w32_reg32 synthesis /home/asip04/WS17/Session8b/ASIPMeisterProjects/brownie2/ISEUART6/fhm_multiplier_w32.vhd sub00/vhpl52 1519422488
EN fhm_multiplier_w32_add64 NULL /home/asip04/WS17/Session8b/ASIPMeisterProjects/brownie2/ISEUART6/fhm_multiplier_w32.vhd sub00/vhpl49 1519422485
EN fhm_multiplier_w32_reg32 NULL /home/asip04/WS17/Session8b/ASIPMeisterProjects/brownie2/ISEUART6/fhm_multiplier_w32.vhd sub00/vhpl51 1519422487
AR rtg_mux3to1_w5 rtl /home/asip04/WS17/Session8b/ASIPMeisterProjects/brownie2/ISEUART6/rtg_mux3to1_w5.vhd sub01/vhpl114 1519422550
AR fhm_divider_w32_tconv32 synthesis /home/asip04/WS17/Session8b/ASIPMeisterProjects/brownie2/ISEUART6/fhm_divider_w32.vhd sub00/vhpl74 1519422510
EN dlx_toplevel NULL /home/asip04/WS17/Session8b/ASIPMeisterProjects/brownie2/ISEUART6/dlx_toplevel.vhd sub01/vhpl145 1519422585
AR fhm_pcu_w32_reg32 synthesis /home/asip04/WS17/Session8b/ASIPMeisterProjects/brownie2/ISEUART6/fhm_pcu_w32.vhd sub00/vhpl32 1519422468
EN fifo_generator_v2_1 NULL /home/asip04/WS17/Session8b/ASIPMeisterProjects/brownie2/ISEUART6/fifo_generator_v2_1.vhd sub00/vhpl17 1519422455
AR rtg_mux3to1_w32 rtl /home/asip04/WS17/Session8b/ASIPMeisterProjects/brownie2/ISEUART6/rtg_mux3to1_w32.vhd sub01/vhpl106 1519422542
AR rtg_mux14to1_w32 rtl /home/asip04/WS17/Session8b/ASIPMeisterProjects/brownie2/ISEUART6/rtg_mux14to1_w32.vhd sub01/vhpl152 1519422546
EN fhm_pcu_w32_reg32 NULL /home/asip04/WS17/Session8b/ASIPMeisterProjects/brownie2/ISEUART6/fhm_pcu_w32.vhd sub00/vhpl31 1519422467
EN brom_im NULL /home/asip04/WS17/Session8b/ASIPMeisterProjects/brownie2/ISEUART6/brom_im.vhd sub01/vhpl123 1519422559
AR fhm_fwu_w32 synthesis /home/asip04/WS17/Session8b/ASIPMeisterProjects/brownie2/ISEUART6/fhm_fwu_w32.vhd sub00/vhpl90 1519422526
AR fhm_multiplier_w32_smul synthesis /home/asip04/WS17/Session8b/ASIPMeisterProjects/brownie2/ISEUART6/fhm_multiplier_w32.vhd sub00/vhpl56 1519422492
AR flag_reg5 synthesis /home/asip04/WS17/Session8b/ASIPMeisterProjects/brownie2/ISEUART6/fhm_browregfile_w32.vhd sub00/vhpl94 1519422530
PB dlxtypes dlxtypes /home/asip04/WS17/Session8b/ASIPMeisterProjects/brownie2/ISEUART6/dlxTypes.vhd sub01/vhpl120 1519422556
AR dcm behavioral /home/asip04/WS17/Session8b/ASIPMeisterProjects/brownie2/ISEUART6/DCM.vhd sub00/vhpl26 1519422584
AR fhm_divider_w32_add32 synthesis /home/asip04/WS17/Session8b/ASIPMeisterProjects/brownie2/ISEUART6/fhm_divider_w32.vhd sub00/vhpl64 1519422500
PB memorymappertypes memorymappertypes /home/asip04/WS17/Session8b/ASIPMeisterProjects/brownie2/ISEUART6/MemoryMapperTypes.vhd sub00/vhpl28 1519422464
EN fhm_multiplier_w32_reg64 NULL /home/asip04/WS17/Session8b/ASIPMeisterProjects/brownie2/ISEUART6/fhm_multiplier_w32.vhd sub00/vhpl53 1519422489
EN interface_asipmeister_i2c NULL /home/asip04/WS17/Session8b/ASIPMeisterProjects/brownie2/ISEUART6/interface_asipmeister_i2c.vhd sub01/vhpl129 1519422565
AR fhm_alu_w32 synthesis /home/asip04/WS17/Session8b/ASIPMeisterProjects/brownie2/ISEUART6/fhm_alu_w32.vhd sub00/vhpl44 1519422480
AR rtg_mux4to1_w5 rtl /home/asip04/WS17/Session8b/ASIPMeisterProjects/brownie2/ISEUART6/rtg_mux4to1_w5.vhd sub01/vhpl116 1519422552
EN fhm_multiplier_w32_smul NULL /home/asip04/WS17/Session8b/ASIPMeisterProjects/brownie2/ISEUART6/fhm_multiplier_w32.vhd sub00/vhpl55 1519422491
EN fhm_divider_w32_reg1 NULL /home/asip04/WS17/Session8b/ASIPMeisterProjects/brownie2/ISEUART6/fhm_divider_w32.vhd sub00/vhpl67 1519422503
AR fhm_shifter_w32 synthesis /home/asip04/WS17/Session8b/ASIPMeisterProjects/brownie2/ISEUART6/fhm_shifter_w32.vhd sub00/vhpl84 1519422520
EN rtg_mux20to1_w32 NULL /home/asip04/WS17/Session8b/ASIPMeisterProjects/brownie/ISEUART6/rtg_mux20to1_w32.vhd sub01/vhpl109 1519046888
EN rtg_proc_fsm NULL /home/asip04/WS17/Session8b/ASIPMeisterProjects/brownie2/ISEUART6/rtg_proc_fsm.vhd sub00/vhpl00 1519422438
EN memorymapper NULL /home/asip04/WS17/Session8b/ASIPMeisterProjects/brownie2/ISEUART6/MemoryMapper.vhd sub01/vhpl127 1519422563
AR rtg_register_w32 rtl /home/asip04/WS17/Session8b/ASIPMeisterProjects/brownie2/ISEUART6/rtg_register_w32.vhd sub00/vhpl07 1519422445
EN rtg_mux3to1_w32 NULL /home/asip04/WS17/Session8b/ASIPMeisterProjects/brownie2/ISEUART6/rtg_mux3to1_w32.vhd sub01/vhpl105 1519422541
EN kcuart_rx NULL /home/asip04/WS17/Session8b/ASIPMeisterProjects/brownie2/ISEUART6/kcuart_rx.vhd sub01/vhpl139 1519422575
EN pca9564_interface NULL /home/asip04/WS17/Session8b/ASIPMeisterProjects/brownie2/ISEUART6/pca9564_interface_state.vhd sub00/vhpl23 1519422461
PH dlxtypes NULL /home/asip04/WS17/Session8b/ASIPMeisterProjects/brownie2/ISEUART6/dlxTypes.vhd sub01/vhpl119 1519422555
AR fhm_register_w32 logic /home/asip04/WS17/Session8b/ASIPMeisterProjects/brownie2/ISEUART6/fhm_register_w32.vhd sub00/vhpl36 1519422472
AR rtg_mux5to1_w5 rtl /home/asip04/WS17/Session8b/ASIPMeisterProjects/brownie2/ISEUART6/rtg_mux5to1_w5.vhd sub01/vhpl112 1519422548
AR rtg_controller rtl /home/asip04/WS17/Session8b/ASIPMeisterProjects/brownie2/ISEUART6/rtg_controller.vhd sub01/vhpl104 1519422540
EN kcuart_tx NULL /home/asip04/WS17/Session8b/ASIPMeisterProjects/brownie2/ISEUART6/kcuart_tx.vhd sub01/vhpl137 1519422573
AR debouncer behavioral /home/asip04/WS17/Session8b/ASIPMeisterProjects/brownie2/ISEUART6/Debouncer.vhd sub01/vhpl142 1519422578
EN browniestd32 NULL /home/asip04/WS17/Session8b/ASIPMeisterProjects/brownie2/ISEUART6/BrownieSTD32.vhd sub01/vhpl121 1519422557
AR digitalanalogconverter behavioral /home/asip04/WS17/Session8b/ASIPMeisterProjects/brownie2/ISEUART6/DigitalAnalogConverter.vhd sub00/vhpl14 1519422452
EN fhm_wire_out_w1 NULL /home/asip04/WS17/Session8b/ASIPMeisterProjects/brownie2/ISEUART6/fhm_wire_out_w1.vhd sub00/vhpl87 1519422523
AR fhm_extender_w16 synthesis /home/asip04/WS17/Session8b/ASIPMeisterProjects/brownie2/ISEUART6/fhm_extender_w16.vhd sub00/vhpl80 1519422516
AR fhm_multiplier_w32_reg1 synthesis /home/asip04/WS17/Session8b/ASIPMeisterProjects/brownie2/ISEUART6/fhm_multiplier_w32.vhd sub00/vhpl46 1519422482
EN rtg_register_w1 NULL /home/asip04/WS17/Session8b/ASIPMeisterProjects/brownie2/ISEUART6/rtg_register_w1.vhd sub00/vhpl02 1519422440
EN fhm_register_w32 NULL /home/asip04/WS17/Session8b/ASIPMeisterProjects/brownie2/ISEUART6/fhm_register_w32.vhd sub00/vhpl35 1519422471
EN rtg_register_w2 NULL /home/asip04/WS17/Session8b/ASIPMeisterProjects/brownie2/ISEUART6/rtg_register_w2.vhd sub00/vhpl04 1519422442
AR rtg_register_w5 rtl /home/asip04/WS17/Session8b/ASIPMeisterProjects/brownie2/ISEUART6/rtg_register_w5.vhd sub01/vhpl118 1519422554
AR browniestd32 rtl /home/asip04/WS17/Session8b/ASIPMeisterProjects/brownie2/ISEUART6/BrownieSTD32.vhd sub01/vhpl122 1519422558
AR interface_asipmeister_i2c interface_asipmeister_i2c_arch /home/asip04/WS17/Session8b/ASIPMeisterProjects/brownie2/ISEUART6/interface_asipmeister_i2c.vhd sub01/vhpl130 1519422566
EN rtg_mux14to1_w32 NULL /home/asip04/WS17/Session8b/ASIPMeisterProjects/brownie2/ISEUART6/rtg_mux14to1_w32.vhd sub01/vhpl151 1519422545
EN rtg_register_w5 NULL /home/asip04/WS17/Session8b/ASIPMeisterProjects/brownie2/ISEUART6/rtg_register_w5.vhd sub01/vhpl117 1519422553
EN fhm_browregfile_w32_reg32 NULL /home/asip04/WS17/Session8b/ASIPMeisterProjects/brownie2/ISEUART6/fhm_browregfile_w32.vhd sub00/vhpl97 1519422533
AR fhm_mifu_w32_00 synthesis /home/asip04/WS17/Session8b/ASIPMeisterProjects/brownie2/ISEUART6/fhm_mifu_w32_00.vhd sub00/vhpl38 1519422474
AR rtg_register_w1 rtl /home/asip04/WS17/Session8b/ASIPMeisterProjects/brownie2/ISEUART6/rtg_register_w1.vhd sub00/vhpl03 1519422441
EN rtg_mux2to1_w32 NULL /home/asip04/WS17/Session8b/ASIPMeisterProjects/brownie2/ISEUART6/rtg_mux2to1_w32.vhd sub01/vhpl101 1519422537
PH memorymappertypes NULL /home/asip04/WS17/Session8b/ASIPMeisterProjects/brownie2/ISEUART6/MemoryMapperTypes.vhd sub00/vhpl27 1519422463
AR fhm_browregfile_w32_reg32 synthesis /home/asip04/WS17/Session8b/ASIPMeisterProjects/brownie2/ISEUART6/fhm_browregfile_w32.vhd sub00/vhpl98 1519422534
EN fhm_pcu_w32 NULL /home/asip04/WS17/Session8b/ASIPMeisterProjects/brownie2/ISEUART6/fhm_pcu_w32.vhd sub00/vhpl33 1519422469
AR fhm_pcu_w32 synthesis /home/asip04/WS17/Session8b/ASIPMeisterProjects/brownie2/ISEUART6/fhm_pcu_w32.vhd sub00/vhpl34 1519422470
EN fhm_divider_w32 NULL /home/asip04/WS17/Session8b/ASIPMeisterProjects/brownie2/ISEUART6/fhm_divider_w32.vhd sub00/vhpl75 1519422511
EN status_reg27 NULL /home/asip04/WS17/Session8b/ASIPMeisterProjects/brownie2/ISEUART6/fhm_browregfile_w32.vhd sub00/vhpl95 1519422531
EN audio_out_fifo NULL /home/asip04/WS17/Session8b/ASIPMeisterProjects/brownie2/ISEUART6/audio_out_fifo.vhd sub00/vhpl15 1519422453
AR fifo_generator_v2_1 fifo_generator_v2_1_a /home/asip04/WS17/Session8b/ASIPMeisterProjects/brownie2/ISEUART6/fifo_generator_v2_1.vhd sub00/vhpl18 1519422456
AR fhm_multiplier_w32_add64 synthesis /home/asip04/WS17/Session8b/ASIPMeisterProjects/brownie2/ISEUART6/fhm_multiplier_w32.vhd sub00/vhpl50 1519422486
EN fhm_shifter_w32 NULL /home/asip04/WS17/Session8b/ASIPMeisterProjects/brownie2/ISEUART6/fhm_shifter_w32.vhd sub00/vhpl83 1519422519
AR fhm_mifu_w32_01 synthesis /home/asip04/WS17/Session8b/ASIPMeisterProjects/brownie2/ISEUART6/fhm_mifu_w32_01.vhd sub00/vhpl40 1519422476
EN debouncer NULL /home/asip04/WS17/Session8b/ASIPMeisterProjects/brownie2/ISEUART6/Debouncer.vhd sub01/vhpl141 1519422577
AR fhm_divider_w32_sdiv32 synthesis /home/asip04/WS17/Session8b/ASIPMeisterProjects/brownie2/ISEUART6/fhm_divider_w32.vhd sub00/vhpl72 1519422508
AR memorymapper behavioral /home/asip04/WS17/Session8b/ASIPMeisterProjects/brownie2/ISEUART6/MemoryMapper.vhd sub01/vhpl128 1519422564
EN fhm_extender_w16 NULL /home/asip04/WS17/Session8b/ASIPMeisterProjects/brownie2/ISEUART6/fhm_extender_w16.vhd sub00/vhpl79 1519422515
EN audioout_toplevel NULL /home/asip04/WS17/Session8b/ASIPMeisterProjects/brownie2/ISEUART6/AudioOut_TopLevel.vhd sub01/vhpl133 1519422569
AR rtg_register_w15 rtl /home/asip04/WS17/Session8b/ASIPMeisterProjects/brownie2/ISEUART6/rtg_register_w15.vhd sub00/vhpl11 1519422449
EN fhm_extender_w26 NULL /home/asip04/WS17/Session8b/ASIPMeisterProjects/brownie2/ISEUART6/fhm_extender_w26.vhd sub00/vhpl81 1519422517
EN rtg_controller NULL /home/asip04/WS17/Session8b/ASIPMeisterProjects/brownie2/ISEUART6/rtg_controller.vhd sub01/vhpl103 1519422539
AR brom_im brom_im_a /home/asip04/WS17/Session8b/ASIPMeisterProjects/brownie2/ISEUART6/brom_im.vhd sub01/vhpl124 1519422560
EN fhm_divider_w32_tconv32 NULL /home/asip04/WS17/Session8b/ASIPMeisterProjects/brownie2/ISEUART6/fhm_divider_w32.vhd sub00/vhpl73 1519422509
EN i2c_arbiter NULL /home/asip04/WS17/Session8b/ASIPMeisterProjects/brownie2/ISEUART6/i2c_arbiter.vhd sub00/vhpl21 1519422459
AR rtg_mux20to1_w32 rtl /home/asip04/WS17/Session8b/ASIPMeisterProjects/brownie/ISEUART6/rtg_mux20to1_w32.vhd sub01/vhpl110 1519046889
AR i2c_arbiter i2c_arbiter_arch /home/asip04/WS17/Session8b/ASIPMeisterProjects/brownie2/ISEUART6/i2c_arbiter.vhd sub00/vhpl22 1519422460
EN fhm_divider_w32_lsftreg32 NULL /home/asip04/WS17/Session8b/ASIPMeisterProjects/brownie2/ISEUART6/fhm_divider_w32.vhd sub00/vhpl69 1519422505
AR fhm_divider_w32_reg1 synthesis /home/asip04/WS17/Session8b/ASIPMeisterProjects/brownie2/ISEUART6/fhm_divider_w32.vhd sub00/vhpl68 1519422504
EN clk_div NULL /home/asip04/WS17/Session8b/ASIPMeisterProjects/brownie2/ISEUART6/clk_div.vhd sub01/vhpl135 1519422571
EN fhm_divider_w32_add32 NULL /home/asip04/WS17/Session8b/ASIPMeisterProjects/brownie2/ISEUART6/fhm_divider_w32.vhd sub00/vhpl63 1519422499
EN digitalanalogconverter NULL /home/asip04/WS17/Session8b/ASIPMeisterProjects/brownie2/ISEUART6/DigitalAnalogConverter.vhd sub00/vhpl13 1519422451
AR fhm_multiplier_w32_tconv64 synthesis /home/asip04/WS17/Session8b/ASIPMeisterProjects/brownie2/ISEUART6/fhm_multiplier_w32.vhd sub00/vhpl60 1519422496
AR rtg_mux2to1_w32 rtl /home/asip04/WS17/Session8b/ASIPMeisterProjects/brownie2/ISEUART6/rtg_mux2to1_w32.vhd sub01/vhpl102 1519422538
AR fhm_multiplier_w32_reg64 synthesis /home/asip04/WS17/Session8b/ASIPMeisterProjects/brownie2/ISEUART6/fhm_multiplier_w32.vhd sub00/vhpl54 1519422490
AR fhm_dummy_register_w32 logic /home/asip04/WS17/Session8b/ASIPMeisterProjects/brownie2/ISEUART6/fhm_dummy_register_w32.vhd sub00/vhpl92 1519422528
AR rtg_register_w84 rtl /home/asip04/WS17/Session8b/ASIPMeisterProjects/brownie/ISEUART6/rtg_register_w84.vhd sub00/vhpl09 1519046790
AR kcuart_rx low_level_definition /home/asip04/WS17/Session8b/ASIPMeisterProjects/brownie2/ISEUART6/kcuart_rx.vhd sub01/vhpl140 1519422576
AR rtg_register_w79 rtl /home/asip04/WS17/Session8b/ASIPMeisterProjects/brownie2/ISEUART6/rtg_register_w79.vhd sub01/vhpl150 1519422447
AR rtg_register_w2 rtl /home/asip04/WS17/Session8b/ASIPMeisterProjects/brownie2/ISEUART6/rtg_register_w2.vhd sub00/vhpl05 1519422443
EN bram_dm NULL /home/asip04/WS17/Session8b/ASIPMeisterProjects/brownie2/ISEUART6/bram_dm.vhd sub01/vhpl125 1519422561
AR fhm_multiplier_w32 synthesis /home/asip04/WS17/Session8b/ASIPMeisterProjects/brownie2/ISEUART6/fhm_multiplier_w32.vhd sub00/vhpl62 1519422498
AR status_reg27 synthesis /home/asip04/WS17/Session8b/ASIPMeisterProjects/brownie2/ISEUART6/fhm_browregfile_w32.vhd sub00/vhpl96 1519422532
