AR bram_dm bram_dm_a /home/asip04/WS17/Session8b/ASIPMeisterProjects/brownie/ISEUART5f4/bram_dm.vhd sub01/vhpl116 1511567295
EN fhm_fwu_w32 NULL /home/asip04/WS17/Session8b/ASIPMeisterProjects/brownie/ISEUART5f4/fhm_fwu_w32.vhd sub00/vhpl79 1511567258
EN rtg_mux5to1_w5 NULL /home/asip04/WS17/Session8b/ASIPMeisterProjects/brownie/ISEUART5f4/rtg_mux5to1_w5.vhd sub01/vhpl101 1511567280
EN fhm_dummy_register_w32 NULL /home/asip04/WS17/Session8b/ASIPMeisterProjects/brownie/ISEUART5f4/fhm_dummy_register_w32.vhd sub00/vhpl81 1511567260
EN fhm_divider_w32_reg32 NULL /home/asip04/WS17/Session8b/ASIPMeisterProjects/brownie/ISEUART5f4/fhm_divider_w32.vhd sub00/vhpl55 1511567234
AR fhm_wire_in_w1 synthesis /home/asip04/WS17/Session8b/ASIPMeisterProjects/brownie/ISEUART5f4/fhm_wire_in_w1.vhd sub00/vhpl76 1511567255
EN fhm_mifu_w32_00 NULL /home/asip04/WS17/Session8b/ASIPMeisterProjects/brownie/ISEUART5f4/fhm_mifu_w32_00.vhd sub00/vhpl27 1511567206
EN fhm_mifu_w32_01 NULL /home/asip04/WS17/Session8b/ASIPMeisterProjects/brownie/ISEUART5f4/fhm_mifu_w32_01.vhd sub00/vhpl29 1511567208
EN fhm_browregfile_w32 NULL /home/asip04/WS17/Session8b/ASIPMeisterProjects/brownie/ISEUART5f4/fhm_browregfile_w32.vhd sub00/vhpl89 1511567268
EN rtg_mux4to1_w5 NULL /home/asip04/WS17/Session8b/ASIPMeisterProjects/brownie/ISEUART5f4/rtg_mux4to1_w5.vhd sub01/vhpl105 1511567284
AR fhm_divider_w32_reg32 synthesis /home/asip04/WS17/Session8b/ASIPMeisterProjects/brownie/ISEUART5f4/fhm_divider_w32.vhd sub00/vhpl56 1511567235
EN rtg_register_w15 NULL /home/asip04/WS17/Session8b/ASIPMeisterProjects/brownie/ISEUART5f4/rtg_register_w15.vhd sub00/vhpl10 1511567189
EN fhm_wire_in_w1 NULL /home/asip04/WS17/Session8b/ASIPMeisterProjects/brownie/ISEUART5f4/fhm_wire_in_w1.vhd sub00/vhpl75 1511567254
EN rtg_mux3to1_w5 NULL /home/asip04/WS17/Session8b/ASIPMeisterProjects/brownie/ISEUART5f4/rtg_mux3to1_w5.vhd sub01/vhpl103 1511567282
EN rtg_register_w32 NULL /home/asip04/WS17/Session8b/ASIPMeisterProjects/brownie/ISEUART5f4/rtg_register_w32.vhd sub00/vhpl06 1511567185
AR fhm_extender_w26 synthesis /home/asip04/WS17/Session8b/ASIPMeisterProjects/brownie/ISEUART5f4/fhm_extender_w26.vhd sub00/vhpl72 1511567251
EN fhm_multiplier_w32_tconv32 NULL /home/asip04/WS17/Session8b/ASIPMeisterProjects/brownie/ISEUART5f4/fhm_multiplier_w32.vhd sub00/vhpl47 1511567226
EN fhm_alu_w32 NULL /home/asip04/WS17/Session8b/ASIPMeisterProjects/brownie/ISEUART5f4/fhm_alu_w32.vhd sub00/vhpl33 1511567212
EN chipscope_ila4b NULL /home/asip04/WS17/Session8b/ASIPMeisterProjects/brownie/ISEUART5f4/chipscope_ila4b.vhd sub01/vhpl133 1511567312
EN fhm_alu_w32_add NULL /home/asip04/WS17/Session8b/ASIPMeisterProjects/brownie/ISEUART5f4/fhm_alu_w32.vhd sub00/vhpl31 1511567210
EN fhm_multiplier_w32_reg1 NULL /home/asip04/WS17/Session8b/ASIPMeisterProjects/brownie/ISEUART5f4/fhm_multiplier_w32.vhd sub00/vhpl35 1511567214
EN rtg_mux2to1_w5 NULL /home/asip04/WS17/Session8b/ASIPMeisterProjects/brownie/ISEUART5f4/rtg_mux2to1_w5.vhd sub00/vhpl97 1511567276
AR clk_div behavioral /home/asip04/WS17/Session8b/ASIPMeisterProjects/brownie/ISEUART5f4/clk_div.vhd sub01/vhpl122 1511567301
EN flag_reg5 NULL /home/asip04/WS17/Session8b/ASIPMeisterProjects/brownie/ISEUART5f4/fhm_browregfile_w32.vhd sub00/vhpl83 1511567262
AR rtg_proc_fsm rtl /home/asip04/WS17/Session8b/ASIPMeisterProjects/brownie/ISEUART5f4/rtg_proc_fsm.vhd sub00/vhpl01 1511567180
EN fhm_multiplier_w32_tconv64 NULL /home/asip04/WS17/Session8b/ASIPMeisterProjects/brownie/ISEUART5f4/fhm_multiplier_w32.vhd sub00/vhpl49 1511567228
AR dcm_100 behavioral /home/asip04/WS17/Session8b/ASIPMeisterProjects/brownie/ISEUART5f4/DCM_100.vhd sub01/vhpl130 1511567309
EN dcm_100 NULL /home/asip04/WS17/Session8b/ASIPMeisterProjects/brownie/ISEUART5f4/DCM_100.vhd sub01/vhpl129 1511567308
PH audioout_types NULL /home/asip04/WS17/Session8b/ASIPMeisterProjects/brownie/ISEUART5f4/AudioOut_Types.vhd sub00/vhpl12 1511567191
AR fhm_multiplier_w32_add32 synthesis /home/asip04/WS17/Session8b/ASIPMeisterProjects/brownie/ISEUART5f4/fhm_multiplier_w32.vhd sub00/vhpl38 1511567217
AR kcuart_tx low_level_definition /home/asip04/WS17/Session8b/ASIPMeisterProjects/brownie/ISEUART5f4/kcuart_tx.vhd sub01/vhpl124 1511567303
EN fhm_multiplier_w32 NULL /home/asip04/WS17/Session8b/ASIPMeisterProjects/brownie/ISEUART5f4/fhm_multiplier_w32.vhd sub00/vhpl51 1511567230
EN rtg_register_w84 NULL /home/asip04/WS17/Session8b/ASIPMeisterProjects/brownie/ISEUART5f4/rtg_register_w84.vhd sub00/vhpl08 1511567187
AR fhm_pcu_w32_add32 synthesis /home/asip04/WS17/Session8b/ASIPMeisterProjects/brownie/ISEUART5f4/fhm_pcu_w32.vhd sub00/vhpl20 1511567199
AR fhm_divider_w32 synthesis /home/asip04/WS17/Session8b/ASIPMeisterProjects/brownie/ISEUART5f4/fhm_divider_w32.vhd sub00/vhpl66 1511567245
EN chipscope_vio NULL /home/asip04/WS17/Session8b/ASIPMeisterProjects/brownie/ISEUART5f4/chipscope_vio.vhd sub01/vhpl135 1511567314
AR fhm_divider_w32_lsftreg32 synthesis /home/asip04/WS17/Session8b/ASIPMeisterProjects/brownie/ISEUART5f4/fhm_divider_w32.vhd sub00/vhpl60 1511567239
AR dlx_toplevel behavioral /home/asip04/WS17/Session8b/ASIPMeisterProjects/brownie/ISEUART5f4/dlx_toplevel.vhd sub01/vhpl138 1511567317
AR fhm_extender_w8 synthesis /home/asip04/WS17/Session8b/ASIPMeisterProjects/brownie/ISEUART5f4/fhm_extender_w8.vhd sub00/vhpl68 1511567247
AR rtg_mux2to1_w5 rtl /home/asip04/WS17/Session8b/ASIPMeisterProjects/brownie/ISEUART5f4/rtg_mux2to1_w5.vhd sub00/vhpl98 1511567277
EN fhm_multiplier_w32_add32 NULL /home/asip04/WS17/Session8b/ASIPMeisterProjects/brownie/ISEUART5f4/fhm_multiplier_w32.vhd sub00/vhpl37 1511567216
EN fhm_divider_w32_sdiv32 NULL /home/asip04/WS17/Session8b/ASIPMeisterProjects/brownie/ISEUART5f4/fhm_divider_w32.vhd sub00/vhpl61 1511567240
AR fhm_browregfile_w32 synthesis /home/asip04/WS17/Session8b/ASIPMeisterProjects/brownie/ISEUART5f4/fhm_browregfile_w32.vhd sub00/vhpl90 1511567269
AR fhm_alu_w32_add synthesis /home/asip04/WS17/Session8b/ASIPMeisterProjects/brownie/ISEUART5f4/fhm_alu_w32.vhd sub00/vhpl32 1511567211
AR fhm_wire_out_w1 synthesis /home/asip04/WS17/Session8b/ASIPMeisterProjects/brownie/ISEUART5f4/fhm_wire_out_w1.vhd sub00/vhpl78 1511567257
AR audio_out_fifo audio_out_fifo_a /home/asip04/WS17/Session8b/ASIPMeisterProjects/brownie/ISEUART5f4/audio_out_fifo.vhd sub00/vhpl16 1511567195
EN chipscope_icon0 NULL /home/asip04/WS17/Session8b/ASIPMeisterProjects/brownie/ISEUART5f4/chipscope_icon0.vhd sub01/vhpl131 1511567310
EN fhm_pcu_w32_add32 NULL /home/asip04/WS17/Session8b/ASIPMeisterProjects/brownie/ISEUART5f4/fhm_pcu_w32.vhd sub00/vhpl19 1511567198
EN fhm_extender_w8 NULL /home/asip04/WS17/Session8b/ASIPMeisterProjects/brownie/ISEUART5f4/fhm_extender_w8.vhd sub00/vhpl67 1511567246
AR fhm_multiplier_w32_tconv32 synthesis /home/asip04/WS17/Session8b/ASIPMeisterProjects/brownie/ISEUART5f4/fhm_multiplier_w32.vhd sub00/vhpl48 1511567227
AR audioout_toplevel structure /home/asip04/WS17/Session8b/ASIPMeisterProjects/brownie/ISEUART5f4/AudioOut_TopLevel.vhd sub01/vhpl120 1511567299
AR fhm_multiplier_w32_reg32 synthesis /home/asip04/WS17/Session8b/ASIPMeisterProjects/brownie/ISEUART5f4/fhm_multiplier_w32.vhd sub00/vhpl42 1511567221
EN fhm_multiplier_w32_add64 NULL /home/asip04/WS17/Session8b/ASIPMeisterProjects/brownie/ISEUART5f4/fhm_multiplier_w32.vhd sub00/vhpl39 1511567218
AR rtg_mux3to1_w5 rtl /home/asip04/WS17/Session8b/ASIPMeisterProjects/brownie/ISEUART5f4/rtg_mux3to1_w5.vhd sub01/vhpl104 1511567283
EN fhm_multiplier_w32_reg32 NULL /home/asip04/WS17/Session8b/ASIPMeisterProjects/brownie/ISEUART5f4/fhm_multiplier_w32.vhd sub00/vhpl41 1511567220
AR fhm_divider_w32_tconv32 synthesis /home/asip04/WS17/Session8b/ASIPMeisterProjects/brownie/ISEUART5f4/fhm_divider_w32.vhd sub00/vhpl64 1511567243
EN dlx_toplevel NULL /home/asip04/WS17/Session8b/ASIPMeisterProjects/brownie/ISEUART5f4/dlx_toplevel.vhd sub01/vhpl137 1511567316
AR fhm_pcu_w32_reg32 synthesis /home/asip04/WS17/Session8b/ASIPMeisterProjects/brownie/ISEUART5f4/fhm_pcu_w32.vhd sub00/vhpl22 1511567201
AR rtg_mux3to1_w32 rtl /home/asip04/WS17/Session8b/ASIPMeisterProjects/brownie/ISEUART5f4/rtg_mux3to1_w32.vhd sub00/vhpl96 1511567275
EN fhm_pcu_w32_reg32 NULL /home/asip04/WS17/Session8b/ASIPMeisterProjects/brownie/ISEUART5f4/fhm_pcu_w32.vhd sub00/vhpl21 1511567200
AR chipscope_icon0 chipscope_icon0_a /home/asip04/WS17/Session8b/ASIPMeisterProjects/brownie/ISEUART5f4/chipscope_icon0.vhd sub01/vhpl132 1511567311
EN brom_im NULL /home/asip04/WS17/Session8b/ASIPMeisterProjects/brownie/ISEUART5f4/brom_im.vhd sub01/vhpl113 1511567292
AR fhm_fwu_w32 synthesis /home/asip04/WS17/Session8b/ASIPMeisterProjects/brownie/ISEUART5f4/fhm_fwu_w32.vhd sub00/vhpl80 1511567259
AR fhm_multiplier_w32_smul synthesis /home/asip04/WS17/Session8b/ASIPMeisterProjects/brownie/ISEUART5f4/fhm_multiplier_w32.vhd sub00/vhpl46 1511567225
PB dlxtypes dlxtypes /home/asip04/WS17/Session8b/ASIPMeisterProjects/brownie/ISEUART5f4/dlxTypes.vhd sub01/vhpl110 1511567289
AR flag_reg5 synthesis /home/asip04/WS17/Session8b/ASIPMeisterProjects/brownie/ISEUART5f4/fhm_browregfile_w32.vhd sub00/vhpl84 1511567263
AR fhm_divider_w32_add32 synthesis /home/asip04/WS17/Session8b/ASIPMeisterProjects/brownie/ISEUART5f4/fhm_divider_w32.vhd sub00/vhpl54 1511567233
PB memorymappertypes memorymappertypes /home/asip04/WS17/Session8b/ASIPMeisterProjects/brownie/ISEUART5f4/MemoryMapperTypes.vhd sub00/vhpl18 1511567197
EN fhm_multiplier_w32_reg64 NULL /home/asip04/WS17/Session8b/ASIPMeisterProjects/brownie/ISEUART5f4/fhm_multiplier_w32.vhd sub00/vhpl43 1511567222
AR fhm_alu_w32 synthesis /home/asip04/WS17/Session8b/ASIPMeisterProjects/brownie/ISEUART5f4/fhm_alu_w32.vhd sub00/vhpl34 1511567213
AR rtg_mux4to1_w5 rtl /home/asip04/WS17/Session8b/ASIPMeisterProjects/brownie/ISEUART5f4/rtg_mux4to1_w5.vhd sub01/vhpl106 1511567285
EN fhm_multiplier_w32_smul NULL /home/asip04/WS17/Session8b/ASIPMeisterProjects/brownie/ISEUART5f4/fhm_multiplier_w32.vhd sub00/vhpl45 1511567224
EN rtg_mux20to1_w32 NULL /home/asip04/WS17/Session8b/ASIPMeisterProjects/brownie/ISEUART5f4/rtg_mux20to1_w32.vhd sub00/vhpl99 1511567278
AR fhm_shifter_w32 synthesis /home/asip04/WS17/Session8b/ASIPMeisterProjects/brownie/ISEUART5f4/fhm_shifter_w32.vhd sub00/vhpl74 1511567253
EN fhm_divider_w32_reg1 NULL /home/asip04/WS17/Session8b/ASIPMeisterProjects/brownie/ISEUART5f4/fhm_divider_w32.vhd sub00/vhpl57 1511567236
EN rtg_proc_fsm NULL /home/asip04/WS17/Session8b/ASIPMeisterProjects/brownie/ISEUART5f4/rtg_proc_fsm.vhd sub00/vhpl00 1511567179
EN memorymapper NULL /home/asip04/WS17/Session8b/ASIPMeisterProjects/brownie/ISEUART5f4/MemoryMapper.vhd sub01/vhpl117 1511567296
AR rtg_register_w32 rtl /home/asip04/WS17/Session8b/ASIPMeisterProjects/brownie/ISEUART5f4/rtg_register_w32.vhd sub00/vhpl07 1511567186
EN kcuart_rx NULL /home/asip04/WS17/Session8b/ASIPMeisterProjects/brownie/ISEUART5f4/kcuart_rx.vhd sub01/vhpl125 1511567304
EN rtg_mux3to1_w32 NULL /home/asip04/WS17/Session8b/ASIPMeisterProjects/brownie/ISEUART5f4/rtg_mux3to1_w32.vhd sub00/vhpl95 1511567274
PH dlxtypes NULL /home/asip04/WS17/Session8b/ASIPMeisterProjects/brownie/ISEUART5f4/dlxTypes.vhd sub01/vhpl109 1511567288
AR fhm_register_w32 logic /home/asip04/WS17/Session8b/ASIPMeisterProjects/brownie/ISEUART5f4/fhm_register_w32.vhd sub00/vhpl26 1511567205
AR rtg_mux5to1_w5 rtl /home/asip04/WS17/Session8b/ASIPMeisterProjects/brownie/ISEUART5f4/rtg_mux5to1_w5.vhd sub01/vhpl102 1511567281
AR rtg_controller rtl /home/asip04/WS17/Session8b/ASIPMeisterProjects/brownie/ISEUART5f4/rtg_controller.vhd sub00/vhpl94 1511567273
EN kcuart_tx NULL /home/asip04/WS17/Session8b/ASIPMeisterProjects/brownie/ISEUART5f4/kcuart_tx.vhd sub01/vhpl123 1511567302
AR debouncer behavioral /home/asip04/WS17/Session8b/ASIPMeisterProjects/brownie/ISEUART5f4/Debouncer.vhd sub01/vhpl128 1511567307
EN browniestd32 NULL /home/asip04/WS17/Session8b/ASIPMeisterProjects/brownie/ISEUART5f4/BrownieSTD32.vhd sub01/vhpl111 1511567290
AR digitalanalogconverter behavioral /home/asip04/WS17/Session8b/ASIPMeisterProjects/brownie/ISEUART5f4/DigitalAnalogConverter.vhd sub00/vhpl14 1511567193
EN fhm_wire_out_w1 NULL /home/asip04/WS17/Session8b/ASIPMeisterProjects/brownie/ISEUART5f4/fhm_wire_out_w1.vhd sub00/vhpl77 1511567256
AR fhm_extender_w16 synthesis /home/asip04/WS17/Session8b/ASIPMeisterProjects/brownie/ISEUART5f4/fhm_extender_w16.vhd sub00/vhpl70 1511567249
AR fhm_multiplier_w32_reg1 synthesis /home/asip04/WS17/Session8b/ASIPMeisterProjects/brownie/ISEUART5f4/fhm_multiplier_w32.vhd sub00/vhpl36 1511567215
EN rtg_register_w1 NULL /home/asip04/WS17/Session8b/ASIPMeisterProjects/brownie/ISEUART5f4/rtg_register_w1.vhd sub00/vhpl02 1511567181
EN fhm_register_w32 NULL /home/asip04/WS17/Session8b/ASIPMeisterProjects/brownie/ISEUART5f4/fhm_register_w32.vhd sub00/vhpl25 1511567204
EN rtg_register_w2 NULL /home/asip04/WS17/Session8b/ASIPMeisterProjects/brownie/ISEUART5f4/rtg_register_w2.vhd sub00/vhpl04 1511567183
AR rtg_register_w5 rtl /home/asip04/WS17/Session8b/ASIPMeisterProjects/brownie/ISEUART5f4/rtg_register_w5.vhd sub01/vhpl108 1511567287
AR browniestd32 rtl /home/asip04/WS17/Session8b/ASIPMeisterProjects/brownie/ISEUART5f4/BrownieSTD32.vhd sub01/vhpl112 1511567291
EN rtg_register_w5 NULL /home/asip04/WS17/Session8b/ASIPMeisterProjects/brownie/ISEUART5f4/rtg_register_w5.vhd sub01/vhpl107 1511567286
EN fhm_browregfile_w32_reg32 NULL /home/asip04/WS17/Session8b/ASIPMeisterProjects/brownie/ISEUART5f4/fhm_browregfile_w32.vhd sub00/vhpl87 1511567266
AR chipscope_vio chipscope_vio_a /home/asip04/WS17/Session8b/ASIPMeisterProjects/brownie/ISEUART5f4/chipscope_vio.vhd sub01/vhpl136 1511567315
AR fhm_mifu_w32_00 synthesis /home/asip04/WS17/Session8b/ASIPMeisterProjects/brownie/ISEUART5f4/fhm_mifu_w32_00.vhd sub00/vhpl28 1511567207
AR rtg_register_w1 rtl /home/asip04/WS17/Session8b/ASIPMeisterProjects/brownie/ISEUART5f4/rtg_register_w1.vhd sub00/vhpl03 1511567182
EN rtg_mux2to1_w32 NULL /home/asip04/WS17/Session8b/ASIPMeisterProjects/brownie/ISEUART5f4/rtg_mux2to1_w32.vhd sub00/vhpl91 1511567270
PH memorymappertypes NULL /home/asip04/WS17/Session8b/ASIPMeisterProjects/brownie/ISEUART5f4/MemoryMapperTypes.vhd sub00/vhpl17 1511567196
AR fhm_browregfile_w32_reg32 synthesis /home/asip04/WS17/Session8b/ASIPMeisterProjects/brownie/ISEUART5f4/fhm_browregfile_w32.vhd sub00/vhpl88 1511567267
EN fhm_pcu_w32 NULL /home/asip04/WS17/Session8b/ASIPMeisterProjects/brownie/ISEUART5f4/fhm_pcu_w32.vhd sub00/vhpl23 1511567202
AR fhm_pcu_w32 synthesis /home/asip04/WS17/Session8b/ASIPMeisterProjects/brownie/ISEUART5f4/fhm_pcu_w32.vhd sub00/vhpl24 1511567203
EN fhm_divider_w32 NULL /home/asip04/WS17/Session8b/ASIPMeisterProjects/brownie/ISEUART5f4/fhm_divider_w32.vhd sub00/vhpl65 1511567244
EN status_reg27 NULL /home/asip04/WS17/Session8b/ASIPMeisterProjects/brownie/ISEUART5f4/fhm_browregfile_w32.vhd sub00/vhpl85 1511567264
EN audio_out_fifo NULL /home/asip04/WS17/Session8b/ASIPMeisterProjects/brownie/ISEUART5f4/audio_out_fifo.vhd sub00/vhpl15 1511567194
EN fhm_shifter_w32 NULL /home/asip04/WS17/Session8b/ASIPMeisterProjects/brownie/ISEUART5f4/fhm_shifter_w32.vhd sub00/vhpl73 1511567252
AR fhm_multiplier_w32_add64 synthesis /home/asip04/WS17/Session8b/ASIPMeisterProjects/brownie/ISEUART5f4/fhm_multiplier_w32.vhd sub00/vhpl40 1511567219
AR fhm_mifu_w32_01 synthesis /home/asip04/WS17/Session8b/ASIPMeisterProjects/brownie/ISEUART5f4/fhm_mifu_w32_01.vhd sub00/vhpl30 1511567209
EN debouncer NULL /home/asip04/WS17/Session8b/ASIPMeisterProjects/brownie/ISEUART5f4/Debouncer.vhd sub01/vhpl127 1511567306
AR fhm_divider_w32_sdiv32 synthesis /home/asip04/WS17/Session8b/ASIPMeisterProjects/brownie/ISEUART5f4/fhm_divider_w32.vhd sub00/vhpl62 1511567241
AR memorymapper behavioral /home/asip04/WS17/Session8b/ASIPMeisterProjects/brownie/ISEUART5f4/MemoryMapper.vhd sub01/vhpl118 1511567297
EN fhm_extender_w16 NULL /home/asip04/WS17/Session8b/ASIPMeisterProjects/brownie/ISEUART5f4/fhm_extender_w16.vhd sub00/vhpl69 1511567248
EN audioout_toplevel NULL /home/asip04/WS17/Session8b/ASIPMeisterProjects/brownie/ISEUART5f4/AudioOut_TopLevel.vhd sub01/vhpl119 1511567298
AR rtg_register_w15 rtl /home/asip04/WS17/Session8b/ASIPMeisterProjects/brownie/ISEUART5f4/rtg_register_w15.vhd sub00/vhpl11 1511567190
AR brom_im brom_im_a /home/asip04/WS17/Session8b/ASIPMeisterProjects/brownie/ISEUART5f4/brom_im.vhd sub01/vhpl114 1511567293
EN rtg_controller NULL /home/asip04/WS17/Session8b/ASIPMeisterProjects/brownie/ISEUART5f4/rtg_controller.vhd sub00/vhpl93 1511567272
EN fhm_extender_w26 NULL /home/asip04/WS17/Session8b/ASIPMeisterProjects/brownie/ISEUART5f4/fhm_extender_w26.vhd sub00/vhpl71 1511567250
AR chipscope_ila4b chipscope_ila4b_a /home/asip04/WS17/Session8b/ASIPMeisterProjects/brownie/ISEUART5f4/chipscope_ila4b.vhd sub01/vhpl134 1511567313
EN fhm_divider_w32_tconv32 NULL /home/asip04/WS17/Session8b/ASIPMeisterProjects/brownie/ISEUART5f4/fhm_divider_w32.vhd sub00/vhpl63 1511567242
AR rtg_mux20to1_w32 rtl /home/asip04/WS17/Session8b/ASIPMeisterProjects/brownie/ISEUART5f4/rtg_mux20to1_w32.vhd sub01/vhpl100 1511567279
EN fhm_divider_w32_lsftreg32 NULL /home/asip04/WS17/Session8b/ASIPMeisterProjects/brownie/ISEUART5f4/fhm_divider_w32.vhd sub00/vhpl59 1511567238
AR fhm_divider_w32_reg1 synthesis /home/asip04/WS17/Session8b/ASIPMeisterProjects/brownie/ISEUART5f4/fhm_divider_w32.vhd sub00/vhpl58 1511567237
EN clk_div NULL /home/asip04/WS17/Session8b/ASIPMeisterProjects/brownie/ISEUART5f4/clk_div.vhd sub01/vhpl121 1511567300
EN fhm_divider_w32_add32 NULL /home/asip04/WS17/Session8b/ASIPMeisterProjects/brownie/ISEUART5f4/fhm_divider_w32.vhd sub00/vhpl53 1511567232
EN digitalanalogconverter NULL /home/asip04/WS17/Session8b/ASIPMeisterProjects/brownie/ISEUART5f4/DigitalAnalogConverter.vhd sub00/vhpl13 1511567192
AR fhm_multiplier_w32_tconv64 synthesis /home/asip04/WS17/Session8b/ASIPMeisterProjects/brownie/ISEUART5f4/fhm_multiplier_w32.vhd sub00/vhpl50 1511567229
AR rtg_mux2to1_w32 rtl /home/asip04/WS17/Session8b/ASIPMeisterProjects/brownie/ISEUART5f4/rtg_mux2to1_w32.vhd sub00/vhpl92 1511567271
AR fhm_multiplier_w32_reg64 synthesis /home/asip04/WS17/Session8b/ASIPMeisterProjects/brownie/ISEUART5f4/fhm_multiplier_w32.vhd sub00/vhpl44 1511567223
AR fhm_dummy_register_w32 logic /home/asip04/WS17/Session8b/ASIPMeisterProjects/brownie/ISEUART5f4/fhm_dummy_register_w32.vhd sub00/vhpl82 1511567261
AR rtg_register_w84 rtl /home/asip04/WS17/Session8b/ASIPMeisterProjects/brownie/ISEUART5f4/rtg_register_w84.vhd sub00/vhpl09 1511567188
AR kcuart_rx low_level_definition /home/asip04/WS17/Session8b/ASIPMeisterProjects/brownie/ISEUART5f4/kcuart_rx.vhd sub01/vhpl126 1511567305
AR rtg_register_w2 rtl /home/asip04/WS17/Session8b/ASIPMeisterProjects/brownie/ISEUART5f4/rtg_register_w2.vhd sub00/vhpl05 1511567184
EN bram_dm NULL /home/asip04/WS17/Session8b/ASIPMeisterProjects/brownie/ISEUART5f4/bram_dm.vhd sub01/vhpl115 1511567294
AR fhm_multiplier_w32 synthesis /home/asip04/WS17/Session8b/ASIPMeisterProjects/brownie/ISEUART5f4/fhm_multiplier_w32.vhd sub00/vhpl52 1511567231
AR status_reg27 synthesis /home/asip04/WS17/Session8b/ASIPMeisterProjects/brownie/ISEUART5f4/fhm_browregfile_w32.vhd sub00/vhpl86 1511567265
