AR bram_dm bram_dm_a /home/asip04/SS17/Session5b/ASIPMeisterProjects/brownie/ISEUART5f/bram_dm.vhd sub01/vhpl116 1508760942
EN fhm_fwu_w32 NULL /home/asip04/SS17/Session5b/ASIPMeisterProjects/brownie/ISEUART5f/fhm_fwu_w32.vhd sub00/vhpl79 1508760905
EN rtg_mux5to1_w5 NULL /home/asip04/SS17/Session5b/ASIPMeisterProjects/brownie/ISEUART5f/rtg_mux5to1_w5.vhd sub01/vhpl101 1508760927
EN fhm_dummy_register_w32 NULL /home/asip04/SS17/Session5b/ASIPMeisterProjects/brownie/ISEUART5f/fhm_dummy_register_w32.vhd sub00/vhpl81 1508760907
EN fhm_divider_w32_reg32 NULL /home/asip04/SS17/Session5b/ASIPMeisterProjects/brownie/ISEUART5f/fhm_divider_w32.vhd sub00/vhpl55 1508760881
AR fhm_wire_in_w1 synthesis /home/asip04/SS17/Session5b/ASIPMeisterProjects/brownie/ISEUART5f/fhm_wire_in_w1.vhd sub00/vhpl76 1508760902
EN fhm_mifu_w32_00 NULL /home/asip04/SS17/Session5b/ASIPMeisterProjects/brownie/ISEUART5f/fhm_mifu_w32_00.vhd sub00/vhpl27 1508760853
EN fhm_mifu_w32_01 NULL /home/asip04/SS17/Session5b/ASIPMeisterProjects/brownie/ISEUART5f/fhm_mifu_w32_01.vhd sub00/vhpl29 1508760855
EN fhm_browregfile_w32 NULL /home/asip04/SS17/Session5b/ASIPMeisterProjects/brownie/ISEUART5f/fhm_browregfile_w32.vhd sub00/vhpl89 1508760915
EN rtg_mux4to1_w5 NULL /home/asip04/SS17/Session5b/ASIPMeisterProjects/brownie/ISEUART5f/rtg_mux4to1_w5.vhd sub01/vhpl105 1508760931
AR fhm_divider_w32_reg32 synthesis /home/asip04/SS17/Session5b/ASIPMeisterProjects/brownie/ISEUART5f/fhm_divider_w32.vhd sub00/vhpl56 1508760882
EN rtg_register_w15 NULL /home/asip04/SS17/Session5b/ASIPMeisterProjects/brownie/ISEUART5f/rtg_register_w15.vhd sub00/vhpl10 1508760836
EN fhm_wire_in_w1 NULL /home/asip04/SS17/Session5b/ASIPMeisterProjects/brownie/ISEUART5f/fhm_wire_in_w1.vhd sub00/vhpl75 1508760901
EN rtg_mux3to1_w5 NULL /home/asip04/SS17/Session5b/ASIPMeisterProjects/brownie/ISEUART5f/rtg_mux3to1_w5.vhd sub01/vhpl103 1508760929
EN rtg_register_w32 NULL /home/asip04/SS17/Session5b/ASIPMeisterProjects/brownie/ISEUART5f/rtg_register_w32.vhd sub00/vhpl06 1508760832
AR fhm_extender_w26 synthesis /home/asip04/SS17/Session5b/ASIPMeisterProjects/brownie/ISEUART5f/fhm_extender_w26.vhd sub00/vhpl72 1508760898
EN fhm_multiplier_w32_tconv32 NULL /home/asip04/SS17/Session5b/ASIPMeisterProjects/brownie/ISEUART5f/fhm_multiplier_w32.vhd sub00/vhpl47 1508760873
EN fhm_alu_w32 NULL /home/asip04/SS17/Session5b/ASIPMeisterProjects/brownie/ISEUART5f/fhm_alu_w32.vhd sub00/vhpl33 1508760859
EN chipscope_ila4a NULL /home/asip04/SS17/Session5b/ASIPMeisterProjects/brownie/ISEUART5f/chipscope_ila4a.vhd sub01/vhpl135 1508710040
EN chipscope_ila4b NULL /home/asip04/SS17/Session5b/ASIPMeisterProjects/brownie/ISEUART5f/chipscope_ila4b.vhd sub01/vhpl139 1508760959
EN fhm_alu_w32_add NULL /home/asip04/SS17/Session5b/ASIPMeisterProjects/brownie/ISEUART5f/fhm_alu_w32.vhd sub00/vhpl31 1508760857
EN fhm_multiplier_w32_reg1 NULL /home/asip04/SS17/Session5b/ASIPMeisterProjects/brownie/ISEUART5f/fhm_multiplier_w32.vhd sub00/vhpl35 1508760861
EN rtg_mux2to1_w5 NULL /home/asip04/SS17/Session5b/ASIPMeisterProjects/brownie/ISEUART5f/rtg_mux2to1_w5.vhd sub00/vhpl97 1508760923
AR clk_div behavioral /home/asip04/SS17/Session5b/ASIPMeisterProjects/brownie/ISEUART5f/clk_div.vhd sub01/vhpl122 1508760948
EN flag_reg5 NULL /home/asip04/SS17/Session5b/ASIPMeisterProjects/brownie/ISEUART5f/fhm_browregfile_w32.vhd sub00/vhpl83 1508760909
AR rtg_proc_fsm rtl /home/asip04/SS17/Session5b/ASIPMeisterProjects/brownie/ISEUART5f/rtg_proc_fsm.vhd sub00/vhpl01 1508760827
EN fhm_multiplier_w32_tconv64 NULL /home/asip04/SS17/Session5b/ASIPMeisterProjects/brownie/ISEUART5f/fhm_multiplier_w32.vhd sub00/vhpl49 1508760875
AR dcm_100 behavioral /home/asip04/SS17/Session5b/ASIPMeisterProjects/brownie/ISEUART5f/DCM_100.vhd sub01/vhpl130 1508760956
EN dcm_100 NULL /home/asip04/SS17/Session5b/ASIPMeisterProjects/brownie/ISEUART5f/DCM_100.vhd sub01/vhpl129 1508760955
PH audioout_types NULL /home/asip04/SS17/Session5b/ASIPMeisterProjects/brownie/ISEUART5f/AudioOut_Types.vhd sub00/vhpl12 1508760838
AR fhm_multiplier_w32_add32 synthesis /home/asip04/SS17/Session5b/ASIPMeisterProjects/brownie/ISEUART5f/fhm_multiplier_w32.vhd sub00/vhpl38 1508760864
AR kcuart_tx low_level_definition /home/asip04/SS17/Session5b/ASIPMeisterProjects/brownie/ISEUART5f/kcuart_tx.vhd sub01/vhpl124 1508760950
EN fhm_multiplier_w32 NULL /home/asip04/SS17/Session5b/ASIPMeisterProjects/brownie/ISEUART5f/fhm_multiplier_w32.vhd sub00/vhpl51 1508760877
EN rtg_register_w84 NULL /home/asip04/SS17/Session5b/ASIPMeisterProjects/brownie/ISEUART5f/rtg_register_w84.vhd sub00/vhpl08 1508760834
AR fhm_pcu_w32_add32 synthesis /home/asip04/SS17/Session5b/ASIPMeisterProjects/brownie/ISEUART5f/fhm_pcu_w32.vhd sub00/vhpl20 1508760846
AR fhm_divider_w32 synthesis /home/asip04/SS17/Session5b/ASIPMeisterProjects/brownie/ISEUART5f/fhm_divider_w32.vhd sub00/vhpl66 1508760892
EN chipscope_vio NULL /home/asip04/SS17/Session5b/ASIPMeisterProjects/brownie/ISEUART5f/chipscope_vio.vhd sub01/vhpl137 1508760961
AR fhm_divider_w32_lsftreg32 synthesis /home/asip04/SS17/Session5b/ASIPMeisterProjects/brownie/ISEUART5f/fhm_divider_w32.vhd sub00/vhpl60 1508760886
AR dlx_toplevel behavioral /home/asip04/SS17/Session5b/ASIPMeisterProjects/brownie/ISEUART5f/dlx_toplevel.vhd sub01/vhpl132 1508760964
AR fhm_extender_w8 synthesis /home/asip04/SS17/Session5b/ASIPMeisterProjects/brownie/ISEUART5f/fhm_extender_w8.vhd sub00/vhpl68 1508760894
AR rtg_mux2to1_w5 rtl /home/asip04/SS17/Session5b/ASIPMeisterProjects/brownie/ISEUART5f/rtg_mux2to1_w5.vhd sub00/vhpl98 1508760924
EN fhm_multiplier_w32_add32 NULL /home/asip04/SS17/Session5b/ASIPMeisterProjects/brownie/ISEUART5f/fhm_multiplier_w32.vhd sub00/vhpl37 1508760863
EN fhm_divider_w32_sdiv32 NULL /home/asip04/SS17/Session5b/ASIPMeisterProjects/brownie/ISEUART5f/fhm_divider_w32.vhd sub00/vhpl61 1508760887
AR chipscope_ila4a chipscope_ila4a_a /home/asip04/SS17/Session5b/ASIPMeisterProjects/brownie/ISEUART5f/chipscope_ila4a.vhd sub01/vhpl136 1508710041
AR fhm_browregfile_w32 synthesis /home/asip04/SS17/Session5b/ASIPMeisterProjects/brownie/ISEUART5f/fhm_browregfile_w32.vhd sub00/vhpl90 1508760916
AR fhm_alu_w32_add synthesis /home/asip04/SS17/Session5b/ASIPMeisterProjects/brownie/ISEUART5f/fhm_alu_w32.vhd sub00/vhpl32 1508760858
AR fhm_wire_out_w1 synthesis /home/asip04/SS17/Session5b/ASIPMeisterProjects/brownie/ISEUART5f/fhm_wire_out_w1.vhd sub00/vhpl78 1508760904
AR audio_out_fifo audio_out_fifo_a /home/asip04/SS17/Session5b/ASIPMeisterProjects/brownie/ISEUART5f/audio_out_fifo.vhd sub00/vhpl16 1508760842
EN chipscope_icon0 NULL /home/asip04/SS17/Session5b/ASIPMeisterProjects/brownie/ISEUART5f/chipscope_icon0.vhd sub01/vhpl133 1508760957
EN fhm_pcu_w32_add32 NULL /home/asip04/SS17/Session5b/ASIPMeisterProjects/brownie/ISEUART5f/fhm_pcu_w32.vhd sub00/vhpl19 1508760845
EN fhm_extender_w8 NULL /home/asip04/SS17/Session5b/ASIPMeisterProjects/brownie/ISEUART5f/fhm_extender_w8.vhd sub00/vhpl67 1508760893
AR fhm_multiplier_w32_tconv32 synthesis /home/asip04/SS17/Session5b/ASIPMeisterProjects/brownie/ISEUART5f/fhm_multiplier_w32.vhd sub00/vhpl48 1508760874
AR audioout_toplevel structure /home/asip04/SS17/Session5b/ASIPMeisterProjects/brownie/ISEUART5f/AudioOut_TopLevel.vhd sub01/vhpl120 1508760946
AR fhm_multiplier_w32_reg32 synthesis /home/asip04/SS17/Session5b/ASIPMeisterProjects/brownie/ISEUART5f/fhm_multiplier_w32.vhd sub00/vhpl42 1508760868
EN fhm_multiplier_w32_add64 NULL /home/asip04/SS17/Session5b/ASIPMeisterProjects/brownie/ISEUART5f/fhm_multiplier_w32.vhd sub00/vhpl39 1508760865
AR rtg_mux3to1_w5 rtl /home/asip04/SS17/Session5b/ASIPMeisterProjects/brownie/ISEUART5f/rtg_mux3to1_w5.vhd sub01/vhpl104 1508760930
EN fhm_multiplier_w32_reg32 NULL /home/asip04/SS17/Session5b/ASIPMeisterProjects/brownie/ISEUART5f/fhm_multiplier_w32.vhd sub00/vhpl41 1508760867
AR fhm_divider_w32_tconv32 synthesis /home/asip04/SS17/Session5b/ASIPMeisterProjects/brownie/ISEUART5f/fhm_divider_w32.vhd sub00/vhpl64 1508760890
EN dlx_toplevel NULL /home/asip04/SS17/Session5b/ASIPMeisterProjects/brownie/ISEUART5f/dlx_toplevel.vhd sub01/vhpl131 1508760963
AR fhm_pcu_w32_reg32 synthesis /home/asip04/SS17/Session5b/ASIPMeisterProjects/brownie/ISEUART5f/fhm_pcu_w32.vhd sub00/vhpl22 1508760848
AR rtg_mux3to1_w32 rtl /home/asip04/SS17/Session5b/ASIPMeisterProjects/brownie/ISEUART5f/rtg_mux3to1_w32.vhd sub00/vhpl96 1508760922
EN fhm_pcu_w32_reg32 NULL /home/asip04/SS17/Session5b/ASIPMeisterProjects/brownie/ISEUART5f/fhm_pcu_w32.vhd sub00/vhpl21 1508760847
AR chipscope_icon0 chipscope_icon0_a /home/asip04/SS17/Session5b/ASIPMeisterProjects/brownie/ISEUART5f/chipscope_icon0.vhd sub01/vhpl134 1508760958
EN brom_im NULL /home/asip04/SS17/Session5b/ASIPMeisterProjects/brownie/ISEUART5f/brom_im.vhd sub01/vhpl113 1508760939
AR fhm_fwu_w32 synthesis /home/asip04/SS17/Session5b/ASIPMeisterProjects/brownie/ISEUART5f/fhm_fwu_w32.vhd sub00/vhpl80 1508760906
AR fhm_multiplier_w32_smul synthesis /home/asip04/SS17/Session5b/ASIPMeisterProjects/brownie/ISEUART5f/fhm_multiplier_w32.vhd sub00/vhpl46 1508760872
PB dlxtypes dlxtypes /home/asip04/SS17/Session5b/ASIPMeisterProjects/brownie/ISEUART5f/dlxTypes.vhd sub01/vhpl110 1508760936
AR flag_reg5 synthesis /home/asip04/SS17/Session5b/ASIPMeisterProjects/brownie/ISEUART5f/fhm_browregfile_w32.vhd sub00/vhpl84 1508760910
AR fhm_divider_w32_add32 synthesis /home/asip04/SS17/Session5b/ASIPMeisterProjects/brownie/ISEUART5f/fhm_divider_w32.vhd sub00/vhpl54 1508760880
PB memorymappertypes memorymappertypes /home/asip04/SS17/Session5b/ASIPMeisterProjects/brownie/ISEUART5f/MemoryMapperTypes.vhd sub00/vhpl18 1508760844
EN fhm_multiplier_w32_reg64 NULL /home/asip04/SS17/Session5b/ASIPMeisterProjects/brownie/ISEUART5f/fhm_multiplier_w32.vhd sub00/vhpl43 1508760869
AR fhm_alu_w32 synthesis /home/asip04/SS17/Session5b/ASIPMeisterProjects/brownie/ISEUART5f/fhm_alu_w32.vhd sub00/vhpl34 1508760860
AR rtg_mux4to1_w5 rtl /home/asip04/SS17/Session5b/ASIPMeisterProjects/brownie/ISEUART5f/rtg_mux4to1_w5.vhd sub01/vhpl106 1508760932
EN fhm_multiplier_w32_smul NULL /home/asip04/SS17/Session5b/ASIPMeisterProjects/brownie/ISEUART5f/fhm_multiplier_w32.vhd sub00/vhpl45 1508760871
EN rtg_mux20to1_w32 NULL /home/asip04/SS17/Session5b/ASIPMeisterProjects/brownie/ISEUART5f/rtg_mux20to1_w32.vhd sub00/vhpl99 1508760925
AR fhm_shifter_w32 synthesis /home/asip04/SS17/Session5b/ASIPMeisterProjects/brownie/ISEUART5f/fhm_shifter_w32.vhd sub00/vhpl74 1508760900
EN fhm_divider_w32_reg1 NULL /home/asip04/SS17/Session5b/ASIPMeisterProjects/brownie/ISEUART5f/fhm_divider_w32.vhd sub00/vhpl57 1508760883
EN rtg_proc_fsm NULL /home/asip04/SS17/Session5b/ASIPMeisterProjects/brownie/ISEUART5f/rtg_proc_fsm.vhd sub00/vhpl00 1508760826
EN memorymapper NULL /home/asip04/SS17/Session5b/ASIPMeisterProjects/brownie/ISEUART5f/MemoryMapper.vhd sub01/vhpl117 1508760943
AR rtg_register_w32 rtl /home/asip04/SS17/Session5b/ASIPMeisterProjects/brownie/ISEUART5f/rtg_register_w32.vhd sub00/vhpl07 1508760833
EN kcuart_rx NULL /home/asip04/SS17/Session5b/ASIPMeisterProjects/brownie/ISEUART5f/kcuart_rx.vhd sub01/vhpl125 1508760951
EN rtg_mux3to1_w32 NULL /home/asip04/SS17/Session5b/ASIPMeisterProjects/brownie/ISEUART5f/rtg_mux3to1_w32.vhd sub00/vhpl95 1508760921
PH dlxtypes NULL /home/asip04/SS17/Session5b/ASIPMeisterProjects/brownie/ISEUART5f/dlxTypes.vhd sub01/vhpl109 1508760935
AR fhm_register_w32 logic /home/asip04/SS17/Session5b/ASIPMeisterProjects/brownie/ISEUART5f/fhm_register_w32.vhd sub00/vhpl26 1508760852
AR rtg_mux5to1_w5 rtl /home/asip04/SS17/Session5b/ASIPMeisterProjects/brownie/ISEUART5f/rtg_mux5to1_w5.vhd sub01/vhpl102 1508760928
AR rtg_controller rtl /home/asip04/SS17/Session5b/ASIPMeisterProjects/brownie/ISEUART5f/rtg_controller.vhd sub00/vhpl94 1508760920
EN kcuart_tx NULL /home/asip04/SS17/Session5b/ASIPMeisterProjects/brownie/ISEUART5f/kcuart_tx.vhd sub01/vhpl123 1508760949
AR debouncer behavioral /home/asip04/SS17/Session5b/ASIPMeisterProjects/brownie/ISEUART5f/Debouncer.vhd sub01/vhpl128 1508760954
EN browniestd32 NULL /home/asip04/SS17/Session5b/ASIPMeisterProjects/brownie/ISEUART5f/BrownieSTD32.vhd sub01/vhpl111 1508760937
AR digitalanalogconverter behavioral /home/asip04/SS17/Session5b/ASIPMeisterProjects/brownie/ISEUART5f/DigitalAnalogConverter.vhd sub00/vhpl14 1508760840
EN fhm_wire_out_w1 NULL /home/asip04/SS17/Session5b/ASIPMeisterProjects/brownie/ISEUART5f/fhm_wire_out_w1.vhd sub00/vhpl77 1508760903
AR fhm_extender_w16 synthesis /home/asip04/SS17/Session5b/ASIPMeisterProjects/brownie/ISEUART5f/fhm_extender_w16.vhd sub00/vhpl70 1508760896
AR fhm_multiplier_w32_reg1 synthesis /home/asip04/SS17/Session5b/ASIPMeisterProjects/brownie/ISEUART5f/fhm_multiplier_w32.vhd sub00/vhpl36 1508760862
EN rtg_register_w1 NULL /home/asip04/SS17/Session5b/ASIPMeisterProjects/brownie/ISEUART5f/rtg_register_w1.vhd sub00/vhpl02 1508760828
EN fhm_register_w32 NULL /home/asip04/SS17/Session5b/ASIPMeisterProjects/brownie/ISEUART5f/fhm_register_w32.vhd sub00/vhpl25 1508760851
EN rtg_register_w2 NULL /home/asip04/SS17/Session5b/ASIPMeisterProjects/brownie/ISEUART5f/rtg_register_w2.vhd sub00/vhpl04 1508760830
AR rtg_register_w5 rtl /home/asip04/SS17/Session5b/ASIPMeisterProjects/brownie/ISEUART5f/rtg_register_w5.vhd sub01/vhpl108 1508760934
AR browniestd32 rtl /home/asip04/SS17/Session5b/ASIPMeisterProjects/brownie/ISEUART5f/BrownieSTD32.vhd sub01/vhpl112 1508760938
EN rtg_register_w5 NULL /home/asip04/SS17/Session5b/ASIPMeisterProjects/brownie/ISEUART5f/rtg_register_w5.vhd sub01/vhpl107 1508760933
EN fhm_browregfile_w32_reg32 NULL /home/asip04/SS17/Session5b/ASIPMeisterProjects/brownie/ISEUART5f/fhm_browregfile_w32.vhd sub00/vhpl87 1508760913
AR chipscope_vio chipscope_vio_a /home/asip04/SS17/Session5b/ASIPMeisterProjects/brownie/ISEUART5f/chipscope_vio.vhd sub01/vhpl138 1508760962
AR fhm_mifu_w32_00 synthesis /home/asip04/SS17/Session5b/ASIPMeisterProjects/brownie/ISEUART5f/fhm_mifu_w32_00.vhd sub00/vhpl28 1508760854
AR rtg_register_w1 rtl /home/asip04/SS17/Session5b/ASIPMeisterProjects/brownie/ISEUART5f/rtg_register_w1.vhd sub00/vhpl03 1508760829
EN rtg_mux2to1_w32 NULL /home/asip04/SS17/Session5b/ASIPMeisterProjects/brownie/ISEUART5f/rtg_mux2to1_w32.vhd sub00/vhpl91 1508760917
PH memorymappertypes NULL /home/asip04/SS17/Session5b/ASIPMeisterProjects/brownie/ISEUART5f/MemoryMapperTypes.vhd sub00/vhpl17 1508760843
AR fhm_browregfile_w32_reg32 synthesis /home/asip04/SS17/Session5b/ASIPMeisterProjects/brownie/ISEUART5f/fhm_browregfile_w32.vhd sub00/vhpl88 1508760914
EN fhm_pcu_w32 NULL /home/asip04/SS17/Session5b/ASIPMeisterProjects/brownie/ISEUART5f/fhm_pcu_w32.vhd sub00/vhpl23 1508760849
AR fhm_pcu_w32 synthesis /home/asip04/SS17/Session5b/ASIPMeisterProjects/brownie/ISEUART5f/fhm_pcu_w32.vhd sub00/vhpl24 1508760850
EN fhm_divider_w32 NULL /home/asip04/SS17/Session5b/ASIPMeisterProjects/brownie/ISEUART5f/fhm_divider_w32.vhd sub00/vhpl65 1508760891
EN status_reg27 NULL /home/asip04/SS17/Session5b/ASIPMeisterProjects/brownie/ISEUART5f/fhm_browregfile_w32.vhd sub00/vhpl85 1508760911
EN audio_out_fifo NULL /home/asip04/SS17/Session5b/ASIPMeisterProjects/brownie/ISEUART5f/audio_out_fifo.vhd sub00/vhpl15 1508760841
EN fhm_shifter_w32 NULL /home/asip04/SS17/Session5b/ASIPMeisterProjects/brownie/ISEUART5f/fhm_shifter_w32.vhd sub00/vhpl73 1508760899
AR fhm_multiplier_w32_add64 synthesis /home/asip04/SS17/Session5b/ASIPMeisterProjects/brownie/ISEUART5f/fhm_multiplier_w32.vhd sub00/vhpl40 1508760866
AR fhm_mifu_w32_01 synthesis /home/asip04/SS17/Session5b/ASIPMeisterProjects/brownie/ISEUART5f/fhm_mifu_w32_01.vhd sub00/vhpl30 1508760856
EN debouncer NULL /home/asip04/SS17/Session5b/ASIPMeisterProjects/brownie/ISEUART5f/Debouncer.vhd sub01/vhpl127 1508760953
AR fhm_divider_w32_sdiv32 synthesis /home/asip04/SS17/Session5b/ASIPMeisterProjects/brownie/ISEUART5f/fhm_divider_w32.vhd sub00/vhpl62 1508760888
AR memorymapper behavioral /home/asip04/SS17/Session5b/ASIPMeisterProjects/brownie/ISEUART5f/MemoryMapper.vhd sub01/vhpl118 1508760944
EN fhm_extender_w16 NULL /home/asip04/SS17/Session5b/ASIPMeisterProjects/brownie/ISEUART5f/fhm_extender_w16.vhd sub00/vhpl69 1508760895
EN audioout_toplevel NULL /home/asip04/SS17/Session5b/ASIPMeisterProjects/brownie/ISEUART5f/AudioOut_TopLevel.vhd sub01/vhpl119 1508760945
AR rtg_register_w15 rtl /home/asip04/SS17/Session5b/ASIPMeisterProjects/brownie/ISEUART5f/rtg_register_w15.vhd sub00/vhpl11 1508760837
AR brom_im brom_im_a /home/asip04/SS17/Session5b/ASIPMeisterProjects/brownie/ISEUART5f/brom_im.vhd sub01/vhpl114 1508760940
EN rtg_controller NULL /home/asip04/SS17/Session5b/ASIPMeisterProjects/brownie/ISEUART5f/rtg_controller.vhd sub00/vhpl93 1508760919
EN fhm_extender_w26 NULL /home/asip04/SS17/Session5b/ASIPMeisterProjects/brownie/ISEUART5f/fhm_extender_w26.vhd sub00/vhpl71 1508760897
AR chipscope_ila4b chipscope_ila4b_a /home/asip04/SS17/Session5b/ASIPMeisterProjects/brownie/ISEUART5f/chipscope_ila4b.vhd sub01/vhpl140 1508760960
EN fhm_divider_w32_tconv32 NULL /home/asip04/SS17/Session5b/ASIPMeisterProjects/brownie/ISEUART5f/fhm_divider_w32.vhd sub00/vhpl63 1508760889
AR rtg_mux20to1_w32 rtl /home/asip04/SS17/Session5b/ASIPMeisterProjects/brownie/ISEUART5f/rtg_mux20to1_w32.vhd sub01/vhpl100 1508760926
EN fhm_divider_w32_lsftreg32 NULL /home/asip04/SS17/Session5b/ASIPMeisterProjects/brownie/ISEUART5f/fhm_divider_w32.vhd sub00/vhpl59 1508760885
AR fhm_divider_w32_reg1 synthesis /home/asip04/SS17/Session5b/ASIPMeisterProjects/brownie/ISEUART5f/fhm_divider_w32.vhd sub00/vhpl58 1508760884
EN clk_div NULL /home/asip04/SS17/Session5b/ASIPMeisterProjects/brownie/ISEUART5f/clk_div.vhd sub01/vhpl121 1508760947
EN fhm_divider_w32_add32 NULL /home/asip04/SS17/Session5b/ASIPMeisterProjects/brownie/ISEUART5f/fhm_divider_w32.vhd sub00/vhpl53 1508760879
EN digitalanalogconverter NULL /home/asip04/SS17/Session5b/ASIPMeisterProjects/brownie/ISEUART5f/DigitalAnalogConverter.vhd sub00/vhpl13 1508760839
AR fhm_multiplier_w32_tconv64 synthesis /home/asip04/SS17/Session5b/ASIPMeisterProjects/brownie/ISEUART5f/fhm_multiplier_w32.vhd sub00/vhpl50 1508760876
AR rtg_mux2to1_w32 rtl /home/asip04/SS17/Session5b/ASIPMeisterProjects/brownie/ISEUART5f/rtg_mux2to1_w32.vhd sub00/vhpl92 1508760918
AR fhm_multiplier_w32_reg64 synthesis /home/asip04/SS17/Session5b/ASIPMeisterProjects/brownie/ISEUART5f/fhm_multiplier_w32.vhd sub00/vhpl44 1508760870
AR fhm_dummy_register_w32 logic /home/asip04/SS17/Session5b/ASIPMeisterProjects/brownie/ISEUART5f/fhm_dummy_register_w32.vhd sub00/vhpl82 1508760908
AR rtg_register_w84 rtl /home/asip04/SS17/Session5b/ASIPMeisterProjects/brownie/ISEUART5f/rtg_register_w84.vhd sub00/vhpl09 1508760835
AR kcuart_rx low_level_definition /home/asip04/SS17/Session5b/ASIPMeisterProjects/brownie/ISEUART5f/kcuart_rx.vhd sub01/vhpl126 1508760952
AR rtg_register_w2 rtl /home/asip04/SS17/Session5b/ASIPMeisterProjects/brownie/ISEUART5f/rtg_register_w2.vhd sub00/vhpl05 1508760831
EN bram_dm NULL /home/asip04/SS17/Session5b/ASIPMeisterProjects/brownie/ISEUART5f/bram_dm.vhd sub01/vhpl115 1508760941
AR fhm_multiplier_w32 synthesis /home/asip04/SS17/Session5b/ASIPMeisterProjects/brownie/ISEUART5f/fhm_multiplier_w32.vhd sub00/vhpl52 1508760878
AR status_reg27 synthesis /home/asip04/SS17/Session5b/ASIPMeisterProjects/brownie/ISEUART5f/fhm_browregfile_w32.vhd sub00/vhpl86 1508760912
