V3 183
FL /home/sajjad/WS18/ASIPMeisterProjects/1/brownie/ISE_XPower/BrownieSTD32.vhd 2018/12/03.18:20:54 O.61xd
EN work/BrownieSTD32 1543885324 \
      FL /home/sajjad/WS18/ASIPMeisterProjects/1/brownie/ISE_XPower/BrownieSTD32.vhd \
      PB ieee/std_logic_1164 1308643377
AR work/BrownieSTD32/RTL 1543885325 \
      FL /home/sajjad/WS18/ASIPMeisterProjects/1/brownie/ISE_XPower/BrownieSTD32.vhd \
      EN work/BrownieSTD32 1543885324 CP fhm_pcu_w32 CP fhm_register_w32 \
      CP fhm_mifu_w32_00 CP fhm_mifu_w32_01 CP fhm_alu_w32 CP fhm_multiplier_w32 \
      CP fhm_divider_w32 CP fhm_extender_w8 CP fhm_extender_w16 CP fhm_extender_w26 \
      CP fhm_shifter_w32 CP fhm_wire_in_w1 CP fhm_wire_out_w1 CP fhm_fwu_w32 \
      CP fhm_dummy_register_w32 CP fhm_browregfile_w32 CP rtg_controller \
      CP rtg_mux2to1_w32 CP rtg_mux3to1_w32 CP rtg_mux2to1_w5 CP rtg_mux12to1_w32 \
      CP rtg_mux5to1_w5 CP rtg_mux3to1_w5 CP rtg_register_w32 CP rtg_register_w5
FL /home/sajjad/WS18/ASIPMeisterProjects/1/brownie/ISE_XPower/fhm_alu_w32.vhd 2018/12/03.18:20:54 O.61xd
EN work/fhm_alu_w32_add 1543885248 \
      FL /home/sajjad/WS18/ASIPMeisterProjects/1/brownie/ISE_XPower/fhm_alu_w32.vhd \
      PB ieee/std_logic_1164 1308643377 PB ieee/STD_LOGIC_UNSIGNED 1308643379
AR work/fhm_alu_w32_add/synthesis 1543885249 \
      FL /home/sajjad/WS18/ASIPMeisterProjects/1/brownie/ISE_XPower/fhm_alu_w32.vhd \
      EN work/fhm_alu_w32_add 1543885248
EN work/fhm_alu_w32 1543885250 \
      FL /home/sajjad/WS18/ASIPMeisterProjects/1/brownie/ISE_XPower/fhm_alu_w32.vhd \
      PB ieee/std_logic_1164 1308643377 PB ieee/STD_LOGIC_UNSIGNED 1308643379 \
      PB ieee/std_logic_arith 1308643378
AR work/fhm_alu_w32/synthesis 1543885251 \
      FL /home/sajjad/WS18/ASIPMeisterProjects/1/brownie/ISE_XPower/fhm_alu_w32.vhd \
      EN work/fhm_alu_w32 1543885250 CP fhm_alu_w32_add
FL /home/sajjad/WS18/ASIPMeisterProjects/1/brownie/ISE_XPower/fhm_browregfile_w32.vhd 2018/12/03.18:20:54 O.61xd
EN work/flag_reg5 1543885300 \
      FL /home/sajjad/WS18/ASIPMeisterProjects/1/brownie/ISE_XPower/fhm_browregfile_w32.vhd \
      PB ieee/std_logic_1164 1308643377 PB ieee/STD_LOGIC_UNSIGNED 1308643379
AR work/flag_reg5/synthesis 1543885301 \
      FL /home/sajjad/WS18/ASIPMeisterProjects/1/brownie/ISE_XPower/fhm_browregfile_w32.vhd \
      EN work/flag_reg5 1543885300
EN work/status_reg27 1543885302 \
      FL /home/sajjad/WS18/ASIPMeisterProjects/1/brownie/ISE_XPower/fhm_browregfile_w32.vhd \
      PB ieee/std_logic_1164 1308643377 PB ieee/STD_LOGIC_UNSIGNED 1308643379
AR work/status_reg27/synthesis 1543885303 \
      FL /home/sajjad/WS18/ASIPMeisterProjects/1/brownie/ISE_XPower/fhm_browregfile_w32.vhd \
      EN work/status_reg27 1543885302
EN work/fhm_browregfile_w32_reg32 1543885304 \
      FL /home/sajjad/WS18/ASIPMeisterProjects/1/brownie/ISE_XPower/fhm_browregfile_w32.vhd \
      PB ieee/std_logic_1164 1308643377 PB ieee/STD_LOGIC_UNSIGNED 1308643379
AR work/fhm_browregfile_w32_reg32/synthesis 1543885305 \
      FL /home/sajjad/WS18/ASIPMeisterProjects/1/brownie/ISE_XPower/fhm_browregfile_w32.vhd \
      EN work/fhm_browregfile_w32_reg32 1543885304
EN work/fhm_browregfile_w32 1543885306 \
      FL /home/sajjad/WS18/ASIPMeisterProjects/1/brownie/ISE_XPower/fhm_browregfile_w32.vhd \
      PB ieee/std_logic_1164 1308643377
AR work/fhm_browregfile_w32/synthesis 1543885307 \
      FL /home/sajjad/WS18/ASIPMeisterProjects/1/brownie/ISE_XPower/fhm_browregfile_w32.vhd \
      EN work/fhm_browregfile_w32 1543885306 CP flag_reg5 CP status_reg27 \
      CP fhm_browregfile_w32_reg32
FL /home/sajjad/WS18/ASIPMeisterProjects/1/brownie/ISE_XPower/fhm_divider_w32.vhd 2018/12/03.18:20:54 O.61xd
EN work/fhm_divider_w32_add32 1543885270 \
      FL /home/sajjad/WS18/ASIPMeisterProjects/1/brownie/ISE_XPower/fhm_divider_w32.vhd \
      PB ieee/std_logic_1164 1308643377 PB ieee/STD_LOGIC_UNSIGNED 1308643379
AR work/fhm_divider_w32_add32/synthesis 1543885271 \
      FL /home/sajjad/WS18/ASIPMeisterProjects/1/brownie/ISE_XPower/fhm_divider_w32.vhd \
      EN work/fhm_divider_w32_add32 1543885270
EN work/fhm_divider_w32_reg32 1543885272 \
      FL /home/sajjad/WS18/ASIPMeisterProjects/1/brownie/ISE_XPower/fhm_divider_w32.vhd \
      PB ieee/std_logic_1164 1308643377 PB ieee/STD_LOGIC_UNSIGNED 1308643379
AR work/fhm_divider_w32_reg32/synthesis 1543885273 \
      FL /home/sajjad/WS18/ASIPMeisterProjects/1/brownie/ISE_XPower/fhm_divider_w32.vhd \
      EN work/fhm_divider_w32_reg32 1543885272
EN work/fhm_divider_w32_reg1 1543885274 \
      FL /home/sajjad/WS18/ASIPMeisterProjects/1/brownie/ISE_XPower/fhm_divider_w32.vhd \
      PB ieee/std_logic_1164 1308643377 PB ieee/STD_LOGIC_UNSIGNED 1308643379
AR work/fhm_divider_w32_reg1/synthesis 1543885275 \
      FL /home/sajjad/WS18/ASIPMeisterProjects/1/brownie/ISE_XPower/fhm_divider_w32.vhd \
      EN work/fhm_divider_w32_reg1 1543885274
EN work/fhm_divider_w32_lsftreg32 1543885276 \
      FL /home/sajjad/WS18/ASIPMeisterProjects/1/brownie/ISE_XPower/fhm_divider_w32.vhd \
      PB ieee/std_logic_1164 1308643377 PB ieee/STD_LOGIC_UNSIGNED 1308643379
AR work/fhm_divider_w32_lsftreg32/synthesis 1543885277 \
      FL /home/sajjad/WS18/ASIPMeisterProjects/1/brownie/ISE_XPower/fhm_divider_w32.vhd \
      EN work/fhm_divider_w32_lsftreg32 1543885276 CP fhm_divider_w32_reg32 \
      CP fhm_divider_w32_reg1
EN work/fhm_divider_w32_sdiv32 1543885278 \
      FL /home/sajjad/WS18/ASIPMeisterProjects/1/brownie/ISE_XPower/fhm_divider_w32.vhd \
      PB ieee/std_logic_1164 1308643377 PB ieee/STD_LOGIC_UNSIGNED 1308643379
AR work/fhm_divider_w32_sdiv32/synthesis 1543885279 \
      FL /home/sajjad/WS18/ASIPMeisterProjects/1/brownie/ISE_XPower/fhm_divider_w32.vhd \
      EN work/fhm_divider_w32_sdiv32 1543885278 CP fhm_divider_w32_lsftreg32 \
      CP fhm_divider_w32_add32 CP fhm_divider_w32_reg32
EN work/fhm_divider_w32_tconv32 1543885280 \
      FL /home/sajjad/WS18/ASIPMeisterProjects/1/brownie/ISE_XPower/fhm_divider_w32.vhd \
      PB ieee/std_logic_1164 1308643377 PB ieee/STD_LOGIC_UNSIGNED 1308643379
AR work/fhm_divider_w32_tconv32/synthesis 1543885281 \
      FL /home/sajjad/WS18/ASIPMeisterProjects/1/brownie/ISE_XPower/fhm_divider_w32.vhd \
      EN work/fhm_divider_w32_tconv32 1543885280 CP fhm_divider_w32_add32
EN work/fhm_divider_w32 1543885282 \
      FL /home/sajjad/WS18/ASIPMeisterProjects/1/brownie/ISE_XPower/fhm_divider_w32.vhd \
      PB ieee/std_logic_1164 1308643377 PB ieee/STD_LOGIC_UNSIGNED 1308643379
AR work/fhm_divider_w32/synthesis 1543885283 \
      FL /home/sajjad/WS18/ASIPMeisterProjects/1/brownie/ISE_XPower/fhm_divider_w32.vhd \
      EN work/fhm_divider_w32 1543885282 CP fhm_divider_w32_tconv32 \
      CP fhm_divider_w32_sdiv32 CP fhm_divider_w32_reg1
FL /home/sajjad/WS18/ASIPMeisterProjects/1/brownie/ISE_XPower/fhm_dummy_register_w32.vhd 2018/12/03.18:20:54 O.61xd
EN work/fhm_dummy_register_w32 1543885298 \
      FL /home/sajjad/WS18/ASIPMeisterProjects/1/brownie/ISE_XPower/fhm_dummy_register_w32.vhd \
      PB ieee/std_logic_1164 1308643377 PB ieee/STD_LOGIC_UNSIGNED 1308643379
AR work/fhm_dummy_register_w32/logic 1543885299 \
      FL /home/sajjad/WS18/ASIPMeisterProjects/1/brownie/ISE_XPower/fhm_dummy_register_w32.vhd \
      EN work/fhm_dummy_register_w32 1543885298
FL /home/sajjad/WS18/ASIPMeisterProjects/1/brownie/ISE_XPower/fhm_extender_w16.vhd 2018/12/03.18:20:54 O.61xd
EN work/fhm_extender_w16 1543885286 \
      FL /home/sajjad/WS18/ASIPMeisterProjects/1/brownie/ISE_XPower/fhm_extender_w16.vhd \
      PB ieee/std_logic_1164 1308643377 PB ieee/STD_LOGIC_UNSIGNED 1308643379
AR work/fhm_extender_w16/synthesis 1543885287 \
      FL /home/sajjad/WS18/ASIPMeisterProjects/1/brownie/ISE_XPower/fhm_extender_w16.vhd \
      EN work/fhm_extender_w16 1543885286
FL /home/sajjad/WS18/ASIPMeisterProjects/1/brownie/ISE_XPower/fhm_extender_w26.vhd 2018/12/03.18:20:54 O.61xd
EN work/fhm_extender_w26 1543885288 \
      FL /home/sajjad/WS18/ASIPMeisterProjects/1/brownie/ISE_XPower/fhm_extender_w26.vhd \
      PB ieee/std_logic_1164 1308643377 PB ieee/STD_LOGIC_UNSIGNED 1308643379
AR work/fhm_extender_w26/synthesis 1543885289 \
      FL /home/sajjad/WS18/ASIPMeisterProjects/1/brownie/ISE_XPower/fhm_extender_w26.vhd \
      EN work/fhm_extender_w26 1543885288
FL /home/sajjad/WS18/ASIPMeisterProjects/1/brownie/ISE_XPower/fhm_extender_w8.vhd 2018/12/03.18:20:54 O.61xd
EN work/fhm_extender_w8 1543885284 \
      FL /home/sajjad/WS18/ASIPMeisterProjects/1/brownie/ISE_XPower/fhm_extender_w8.vhd \
      PB ieee/std_logic_1164 1308643377 PB ieee/STD_LOGIC_UNSIGNED 1308643379
AR work/fhm_extender_w8/synthesis 1543885285 \
      FL /home/sajjad/WS18/ASIPMeisterProjects/1/brownie/ISE_XPower/fhm_extender_w8.vhd \
      EN work/fhm_extender_w8 1543885284
FL /home/sajjad/WS18/ASIPMeisterProjects/1/brownie/ISE_XPower/fhm_fwu_w32.vhd 2018/12/03.18:20:54 O.61xd
EN work/fhm_fwu_w32 1543885296 \
      FL /home/sajjad/WS18/ASIPMeisterProjects/1/brownie/ISE_XPower/fhm_fwu_w32.vhd \
      PB ieee/std_logic_1164 1308643377
AR work/fhm_fwu_w32/synthesis 1543885297 \
      FL /home/sajjad/WS18/ASIPMeisterProjects/1/brownie/ISE_XPower/fhm_fwu_w32.vhd \
      EN work/fhm_fwu_w32 1543885296
FL /home/sajjad/WS18/ASIPMeisterProjects/1/brownie/ISE_XPower/fhm_mifu_w32_00.vhd 2018/12/03.18:20:54 O.61xd
EN work/fhm_mifu_w32_00 1543885244 \
      FL /home/sajjad/WS18/ASIPMeisterProjects/1/brownie/ISE_XPower/fhm_mifu_w32_00.vhd \
      PB ieee/std_logic_1164 1308643377
AR work/fhm_mifu_w32_00/synthesis 1543885245 \
      FL /home/sajjad/WS18/ASIPMeisterProjects/1/brownie/ISE_XPower/fhm_mifu_w32_00.vhd \
      EN work/fhm_mifu_w32_00 1543885244
FL /home/sajjad/WS18/ASIPMeisterProjects/1/brownie/ISE_XPower/fhm_mifu_w32_01.vhd 2018/12/03.18:20:54 O.61xd
EN work/fhm_mifu_w32_01 1543885246 \
      FL /home/sajjad/WS18/ASIPMeisterProjects/1/brownie/ISE_XPower/fhm_mifu_w32_01.vhd \
      PB ieee/std_logic_1164 1308643377
AR work/fhm_mifu_w32_01/synthesis 1543885247 \
      FL /home/sajjad/WS18/ASIPMeisterProjects/1/brownie/ISE_XPower/fhm_mifu_w32_01.vhd \
      EN work/fhm_mifu_w32_01 1543885246
FL /home/sajjad/WS18/ASIPMeisterProjects/1/brownie/ISE_XPower/fhm_multiplier_w32.vhd 2018/12/03.18:20:54 O.61xd
EN work/fhm_multiplier_w32_reg1 1543885252 \
      FL /home/sajjad/WS18/ASIPMeisterProjects/1/brownie/ISE_XPower/fhm_multiplier_w32.vhd \
      PB ieee/std_logic_1164 1308643377 PB ieee/STD_LOGIC_UNSIGNED 1308643379
AR work/fhm_multiplier_w32_reg1/synthesis 1543885253 \
      FL /home/sajjad/WS18/ASIPMeisterProjects/1/brownie/ISE_XPower/fhm_multiplier_w32.vhd \
      EN work/fhm_multiplier_w32_reg1 1543885252
EN work/fhm_multiplier_w32_add32 1543885254 \
      FL /home/sajjad/WS18/ASIPMeisterProjects/1/brownie/ISE_XPower/fhm_multiplier_w32.vhd \
      PB ieee/std_logic_1164 1308643377 PB ieee/STD_LOGIC_UNSIGNED 1308643379
AR work/fhm_multiplier_w32_add32/synthesis 1543885255 \
      FL /home/sajjad/WS18/ASIPMeisterProjects/1/brownie/ISE_XPower/fhm_multiplier_w32.vhd \
      EN work/fhm_multiplier_w32_add32 1543885254
EN work/fhm_multiplier_w32_add64 1543885256 \
      FL /home/sajjad/WS18/ASIPMeisterProjects/1/brownie/ISE_XPower/fhm_multiplier_w32.vhd \
      PB ieee/std_logic_1164 1308643377 PB ieee/STD_LOGIC_UNSIGNED 1308643379
AR work/fhm_multiplier_w32_add64/synthesis 1543885257 \
      FL /home/sajjad/WS18/ASIPMeisterProjects/1/brownie/ISE_XPower/fhm_multiplier_w32.vhd \
      EN work/fhm_multiplier_w32_add64 1543885256
EN work/fhm_multiplier_w32_reg32 1543885258 \
      FL /home/sajjad/WS18/ASIPMeisterProjects/1/brownie/ISE_XPower/fhm_multiplier_w32.vhd \
      PB ieee/std_logic_1164 1308643377 PB ieee/STD_LOGIC_UNSIGNED 1308643379
AR work/fhm_multiplier_w32_reg32/synthesis 1543885259 \
      FL /home/sajjad/WS18/ASIPMeisterProjects/1/brownie/ISE_XPower/fhm_multiplier_w32.vhd \
      EN work/fhm_multiplier_w32_reg32 1543885258
EN work/fhm_multiplier_w32_reg64 1543885260 \
      FL /home/sajjad/WS18/ASIPMeisterProjects/1/brownie/ISE_XPower/fhm_multiplier_w32.vhd \
      PB ieee/std_logic_1164 1308643377 PB ieee/STD_LOGIC_UNSIGNED 1308643379
AR work/fhm_multiplier_w32_reg64/synthesis 1543885261 \
      FL /home/sajjad/WS18/ASIPMeisterProjects/1/brownie/ISE_XPower/fhm_multiplier_w32.vhd \
      EN work/fhm_multiplier_w32_reg64 1543885260
EN work/fhm_multiplier_w32_smul 1543885262 \
      FL /home/sajjad/WS18/ASIPMeisterProjects/1/brownie/ISE_XPower/fhm_multiplier_w32.vhd \
      PB ieee/std_logic_1164 1308643377 PB ieee/STD_LOGIC_UNSIGNED 1308643379
AR work/fhm_multiplier_w32_smul/synthesis 1543885263 \
      FL /home/sajjad/WS18/ASIPMeisterProjects/1/brownie/ISE_XPower/fhm_multiplier_w32.vhd \
      EN work/fhm_multiplier_w32_smul 1543885262 CP fhm_multiplier_w32_reg32 \
      CP fhm_multiplier_w32_add64 CP fhm_multiplier_w32_reg64
EN work/fhm_multiplier_w32_tconv32 1543885264 \
      FL /home/sajjad/WS18/ASIPMeisterProjects/1/brownie/ISE_XPower/fhm_multiplier_w32.vhd \
      PB ieee/std_logic_1164 1308643377 PB ieee/STD_LOGIC_UNSIGNED 1308643379
AR work/fhm_multiplier_w32_tconv32/synthesis 1543885265 \
      FL /home/sajjad/WS18/ASIPMeisterProjects/1/brownie/ISE_XPower/fhm_multiplier_w32.vhd \
      EN work/fhm_multiplier_w32_tconv32 1543885264 CP fhm_multiplier_w32_add32
EN work/fhm_multiplier_w32_tconv64 1543885266 \
      FL /home/sajjad/WS18/ASIPMeisterProjects/1/brownie/ISE_XPower/fhm_multiplier_w32.vhd \
      PB ieee/std_logic_1164 1308643377 PB ieee/STD_LOGIC_UNSIGNED 1308643379
AR work/fhm_multiplier_w32_tconv64/synthesis 1543885267 \
      FL /home/sajjad/WS18/ASIPMeisterProjects/1/brownie/ISE_XPower/fhm_multiplier_w32.vhd \
      EN work/fhm_multiplier_w32_tconv64 1543885266 CP fhm_multiplier_w32_add64
EN work/fhm_multiplier_w32 1543885268 \
      FL /home/sajjad/WS18/ASIPMeisterProjects/1/brownie/ISE_XPower/fhm_multiplier_w32.vhd \
      PB ieee/std_logic_1164 1308643377 PB ieee/STD_LOGIC_UNSIGNED 1308643379
AR work/fhm_multiplier_w32/synthesis 1543885269 \
      FL /home/sajjad/WS18/ASIPMeisterProjects/1/brownie/ISE_XPower/fhm_multiplier_w32.vhd \
      EN work/fhm_multiplier_w32 1543885268 CP fhm_multiplier_w32_reg1 \
      CP fhm_multiplier_w32_tconv32 CP fhm_multiplier_w32_smul \
      CP fhm_multiplier_w32_tconv64
FL /home/sajjad/WS18/ASIPMeisterProjects/1/brownie/ISE_XPower/fhm_pcu_w32.vhd 2018/12/03.18:20:54 O.61xd
EN work/fhm_pcu_w32_add32 1543885236 \
      FL /home/sajjad/WS18/ASIPMeisterProjects/1/brownie/ISE_XPower/fhm_pcu_w32.vhd \
      PB ieee/std_logic_1164 1308643377 PB ieee/STD_LOGIC_UNSIGNED 1308643379
AR work/fhm_pcu_w32_add32/synthesis 1543885237 \
      FL /home/sajjad/WS18/ASIPMeisterProjects/1/brownie/ISE_XPower/fhm_pcu_w32.vhd \
      EN work/fhm_pcu_w32_add32 1543885236
EN work/fhm_pcu_w32_reg32 1543885238 \
      FL /home/sajjad/WS18/ASIPMeisterProjects/1/brownie/ISE_XPower/fhm_pcu_w32.vhd \
      PB ieee/std_logic_1164 1308643377 PB ieee/STD_LOGIC_UNSIGNED 1308643379
AR work/fhm_pcu_w32_reg32/synthesis 1543885239 \
      FL /home/sajjad/WS18/ASIPMeisterProjects/1/brownie/ISE_XPower/fhm_pcu_w32.vhd \
      EN work/fhm_pcu_w32_reg32 1543885238
EN work/fhm_pcu_w32 1543885240 \
      FL /home/sajjad/WS18/ASIPMeisterProjects/1/brownie/ISE_XPower/fhm_pcu_w32.vhd \
      PB ieee/std_logic_1164 1308643377 PB ieee/std_logic_arith 1308643378 \
      PB ieee/STD_LOGIC_SIGNED 1308643379
AR work/fhm_pcu_w32/synthesis 1543885241 \
      FL /home/sajjad/WS18/ASIPMeisterProjects/1/brownie/ISE_XPower/fhm_pcu_w32.vhd \
      EN work/fhm_pcu_w32 1543885240 CP fhm_pcu_w32_add32 CP fhm_pcu_w32_reg32
FL /home/sajjad/WS18/ASIPMeisterProjects/1/brownie/ISE_XPower/fhm_register_w32.vhd 2018/12/03.18:20:54 O.61xd
EN work/fhm_register_w32 1543885242 \
      FL /home/sajjad/WS18/ASIPMeisterProjects/1/brownie/ISE_XPower/fhm_register_w32.vhd \
      PB ieee/std_logic_1164 1308643377 PB ieee/STD_LOGIC_UNSIGNED 1308643379
AR work/fhm_register_w32/logic 1543885243 \
      FL /home/sajjad/WS18/ASIPMeisterProjects/1/brownie/ISE_XPower/fhm_register_w32.vhd \
      EN work/fhm_register_w32 1543885242
FL /home/sajjad/WS18/ASIPMeisterProjects/1/brownie/ISE_XPower/fhm_shifter_w32.vhd 2018/12/03.18:20:54 O.61xd
EN work/fhm_shifter_w32 1543885290 \
      FL /home/sajjad/WS18/ASIPMeisterProjects/1/brownie/ISE_XPower/fhm_shifter_w32.vhd \
      PB ieee/std_logic_1164 1308643377 PB ieee/std_logic_arith 1308643378 \
      PB ieee/STD_LOGIC_UNSIGNED 1308643379
AR work/fhm_shifter_w32/synthesis 1543885291 \
      FL /home/sajjad/WS18/ASIPMeisterProjects/1/brownie/ISE_XPower/fhm_shifter_w32.vhd \
      EN work/fhm_shifter_w32 1543885290
FL /home/sajjad/WS18/ASIPMeisterProjects/1/brownie/ISE_XPower/fhm_wire_in_w1.vhd 2018/12/03.18:20:54 O.61xd
EN work/fhm_wire_in_w1 1543885292 \
      FL /home/sajjad/WS18/ASIPMeisterProjects/1/brownie/ISE_XPower/fhm_wire_in_w1.vhd \
      PB ieee/std_logic_1164 1308643377
AR work/fhm_wire_in_w1/synthesis 1543885293 \
      FL /home/sajjad/WS18/ASIPMeisterProjects/1/brownie/ISE_XPower/fhm_wire_in_w1.vhd \
      EN work/fhm_wire_in_w1 1543885292
FL /home/sajjad/WS18/ASIPMeisterProjects/1/brownie/ISE_XPower/fhm_wire_out_w1.vhd 2018/12/03.18:20:54 O.61xd
EN work/fhm_wire_out_w1 1543885294 \
      FL /home/sajjad/WS18/ASIPMeisterProjects/1/brownie/ISE_XPower/fhm_wire_out_w1.vhd \
      PB ieee/std_logic_1164 1308643377
AR work/fhm_wire_out_w1/synthesis 1543885295 \
      FL /home/sajjad/WS18/ASIPMeisterProjects/1/brownie/ISE_XPower/fhm_wire_out_w1.vhd \
      EN work/fhm_wire_out_w1 1543885294
FL /home/sajjad/WS18/ASIPMeisterProjects/1/brownie/ISE_XPower/rtg_controller.vhd 2018/12/03.18:20:54 O.61xd
EN work/rtg_controller 1543885308 \
      FL /home/sajjad/WS18/ASIPMeisterProjects/1/brownie/ISE_XPower/rtg_controller.vhd \
      PB ieee/std_logic_1164 1308643377
AR work/rtg_controller/RTL 1543885309 \
      FL /home/sajjad/WS18/ASIPMeisterProjects/1/brownie/ISE_XPower/rtg_controller.vhd \
      EN work/rtg_controller 1543885308 CP rtg_proc_fsm CP rtg_register_w1 \
      CP rtg_register_w2 CP rtg_register_w32 CP rtg_register_w64 \
      CP rtg_register_w14
FL /home/sajjad/WS18/ASIPMeisterProjects/1/brownie/ISE_XPower/rtg_mux12to1_w32.vhd 2018/12/03.18:20:54 O.61xd
EN work/rtg_mux12to1_w32 1543885316 \
      FL /home/sajjad/WS18/ASIPMeisterProjects/1/brownie/ISE_XPower/rtg_mux12to1_w32.vhd \
      PB ieee/std_logic_1164 1308643377
AR work/rtg_mux12to1_w32/RTL 1543885317 \
      FL /home/sajjad/WS18/ASIPMeisterProjects/1/brownie/ISE_XPower/rtg_mux12to1_w32.vhd \
      EN work/rtg_mux12to1_w32 1543885316
FL /home/sajjad/WS18/ASIPMeisterProjects/1/brownie/ISE_XPower/rtg_mux2to1_w32.vhd 2018/12/03.18:20:54 O.61xd
EN work/rtg_mux2to1_w32 1543885310 \
      FL /home/sajjad/WS18/ASIPMeisterProjects/1/brownie/ISE_XPower/rtg_mux2to1_w32.vhd \
      PB ieee/std_logic_1164 1308643377
AR work/rtg_mux2to1_w32/RTL 1543885311 \
      FL /home/sajjad/WS18/ASIPMeisterProjects/1/brownie/ISE_XPower/rtg_mux2to1_w32.vhd \
      EN work/rtg_mux2to1_w32 1543885310
FL /home/sajjad/WS18/ASIPMeisterProjects/1/brownie/ISE_XPower/rtg_mux2to1_w5.vhd 2018/12/03.18:20:54 O.61xd
EN work/rtg_mux2to1_w5 1543885314 \
      FL /home/sajjad/WS18/ASIPMeisterProjects/1/brownie/ISE_XPower/rtg_mux2to1_w5.vhd \
      PB ieee/std_logic_1164 1308643377
AR work/rtg_mux2to1_w5/RTL 1543885315 \
      FL /home/sajjad/WS18/ASIPMeisterProjects/1/brownie/ISE_XPower/rtg_mux2to1_w5.vhd \
      EN work/rtg_mux2to1_w5 1543885314
FL /home/sajjad/WS18/ASIPMeisterProjects/1/brownie/ISE_XPower/rtg_mux3to1_w32.vhd 2018/12/03.18:20:54 O.61xd
EN work/rtg_mux3to1_w32 1543885312 \
      FL /home/sajjad/WS18/ASIPMeisterProjects/1/brownie/ISE_XPower/rtg_mux3to1_w32.vhd \
      PB ieee/std_logic_1164 1308643377
AR work/rtg_mux3to1_w32/RTL 1543885313 \
      FL /home/sajjad/WS18/ASIPMeisterProjects/1/brownie/ISE_XPower/rtg_mux3to1_w32.vhd \
      EN work/rtg_mux3to1_w32 1543885312
FL /home/sajjad/WS18/ASIPMeisterProjects/1/brownie/ISE_XPower/rtg_mux3to1_w5.vhd 2018/12/03.18:20:54 O.61xd
EN work/rtg_mux3to1_w5 1543885320 \
      FL /home/sajjad/WS18/ASIPMeisterProjects/1/brownie/ISE_XPower/rtg_mux3to1_w5.vhd \
      PB ieee/std_logic_1164 1308643377
AR work/rtg_mux3to1_w5/RTL 1543885321 \
      FL /home/sajjad/WS18/ASIPMeisterProjects/1/brownie/ISE_XPower/rtg_mux3to1_w5.vhd \
      EN work/rtg_mux3to1_w5 1543885320
FL /home/sajjad/WS18/ASIPMeisterProjects/1/brownie/ISE_XPower/rtg_mux5to1_w5.vhd 2018/12/03.18:20:54 O.61xd
EN work/rtg_mux5to1_w5 1543885318 \
      FL /home/sajjad/WS18/ASIPMeisterProjects/1/brownie/ISE_XPower/rtg_mux5to1_w5.vhd \
      PB ieee/std_logic_1164 1308643377
AR work/rtg_mux5to1_w5/RTL 1543885319 \
      FL /home/sajjad/WS18/ASIPMeisterProjects/1/brownie/ISE_XPower/rtg_mux5to1_w5.vhd \
      EN work/rtg_mux5to1_w5 1543885318
FL /home/sajjad/WS18/ASIPMeisterProjects/1/brownie/ISE_XPower/rtg_proc_fsm.vhd 2018/12/03.18:20:54 O.61xd
EN work/rtg_proc_fsm 1543885224 \
      FL /home/sajjad/WS18/ASIPMeisterProjects/1/brownie/ISE_XPower/rtg_proc_fsm.vhd \
      PB ieee/std_logic_1164 1308643377
AR work/rtg_proc_fsm/RTL 1543885225 \
      FL /home/sajjad/WS18/ASIPMeisterProjects/1/brownie/ISE_XPower/rtg_proc_fsm.vhd \
      EN work/rtg_proc_fsm 1543885224
FL /home/sajjad/WS18/ASIPMeisterProjects/1/brownie/ISE_XPower/rtg_register_w1.vhd 2018/12/03.18:20:54 O.61xd
EN work/rtg_register_w1 1543885226 \
      FL /home/sajjad/WS18/ASIPMeisterProjects/1/brownie/ISE_XPower/rtg_register_w1.vhd \
      PB ieee/std_logic_1164 1308643377
AR work/rtg_register_w1/RTL 1543885227 \
      FL /home/sajjad/WS18/ASIPMeisterProjects/1/brownie/ISE_XPower/rtg_register_w1.vhd \
      EN work/rtg_register_w1 1543885226
FL /home/sajjad/WS18/ASIPMeisterProjects/1/brownie/ISE_XPower/rtg_register_w14.vhd 2018/12/03.18:20:54 O.61xd
EN work/rtg_register_w14 1543885234 \
      FL /home/sajjad/WS18/ASIPMeisterProjects/1/brownie/ISE_XPower/rtg_register_w14.vhd \
      PB ieee/std_logic_1164 1308643377
AR work/rtg_register_w14/RTL 1543885235 \
      FL /home/sajjad/WS18/ASIPMeisterProjects/1/brownie/ISE_XPower/rtg_register_w14.vhd \
      EN work/rtg_register_w14 1543885234
FL /home/sajjad/WS18/ASIPMeisterProjects/1/brownie/ISE_XPower/rtg_register_w2.vhd 2018/12/03.18:20:54 O.61xd
EN work/rtg_register_w2 1543885228 \
      FL /home/sajjad/WS18/ASIPMeisterProjects/1/brownie/ISE_XPower/rtg_register_w2.vhd \
      PB ieee/std_logic_1164 1308643377
AR work/rtg_register_w2/RTL 1543885229 \
      FL /home/sajjad/WS18/ASIPMeisterProjects/1/brownie/ISE_XPower/rtg_register_w2.vhd \
      EN work/rtg_register_w2 1543885228
FL /home/sajjad/WS18/ASIPMeisterProjects/1/brownie/ISE_XPower/rtg_register_w32.vhd 2018/12/03.18:20:54 O.61xd
EN work/rtg_register_w32 1543885230 \
      FL /home/sajjad/WS18/ASIPMeisterProjects/1/brownie/ISE_XPower/rtg_register_w32.vhd \
      PB ieee/std_logic_1164 1308643377
AR work/rtg_register_w32/RTL 1543885231 \
      FL /home/sajjad/WS18/ASIPMeisterProjects/1/brownie/ISE_XPower/rtg_register_w32.vhd \
      EN work/rtg_register_w32 1543885230
FL /home/sajjad/WS18/ASIPMeisterProjects/1/brownie/ISE_XPower/rtg_register_w5.vhd 2018/12/03.18:20:54 O.61xd
EN work/rtg_register_w5 1543885322 \
      FL /home/sajjad/WS18/ASIPMeisterProjects/1/brownie/ISE_XPower/rtg_register_w5.vhd \
      PB ieee/std_logic_1164 1308643377
AR work/rtg_register_w5/RTL 1543885323 \
      FL /home/sajjad/WS18/ASIPMeisterProjects/1/brownie/ISE_XPower/rtg_register_w5.vhd \
      EN work/rtg_register_w5 1543885322
FL /home/sajjad/WS18/ASIPMeisterProjects/1/brownie/ISE_XPower/rtg_register_w64.vhd 2018/12/03.18:20:54 O.61xd
EN work/rtg_register_w64 1543885232 \
      FL /home/sajjad/WS18/ASIPMeisterProjects/1/brownie/ISE_XPower/rtg_register_w64.vhd \
      PB ieee/std_logic_1164 1308643377
AR work/rtg_register_w64/RTL 1543885233 \
      FL /home/sajjad/WS18/ASIPMeisterProjects/1/brownie/ISE_XPower/rtg_register_w64.vhd \
      EN work/rtg_register_w64 1543885232
