EN fhm_fwu_w32 NULL /home/sajjad/WS18/ASIPMeisterProjects/1/brownie/ISE_Benchmark2/fhm_fwu_w32.vhd sub00/vhpl72 1545068890
EN rtg_mux5to1_w5 NULL /home/sajjad/WS18/ASIPMeisterProjects/1/brownie/ISE_Benchmark2/rtg_mux5to1_w5.vhd sub00/vhpl94 1545068912
EN fhm_dummy_register_w32 NULL /home/sajjad/WS18/ASIPMeisterProjects/1/brownie/ISE_Benchmark2/fhm_dummy_register_w32.vhd sub00/vhpl74 1545068892
EN fhm_divider_w32_reg32 NULL /home/sajjad/WS18/ASIPMeisterProjects/1/brownie/ISE_Benchmark2/fhm_divider_w32.vhd sub00/vhpl48 1545068866
AR fhm_wire_in_w1 synthesis /home/sajjad/WS18/ASIPMeisterProjects/1/brownie/ISE_Benchmark2/fhm_wire_in_w1.vhd sub00/vhpl69 1545068887
EN fhm_mifu_w32_00 NULL /home/sajjad/WS18/ASIPMeisterProjects/1/brownie/ISE_Benchmark2/fhm_mifu_w32_00.vhd sub00/vhpl20 1545068838
EN fhm_mifu_w32_01 NULL /home/sajjad/WS18/ASIPMeisterProjects/1/brownie/ISE_Benchmark2/fhm_mifu_w32_01.vhd sub00/vhpl22 1545068840
EN fhm_browregfile_w32 NULL /home/sajjad/WS18/ASIPMeisterProjects/1/brownie/ISE_Benchmark2/fhm_browregfile_w32.vhd sub00/vhpl82 1545068900
EN rtg_register_w14 NULL /home/sajjad/WS18/ASIPMeisterProjects/1/brownie/ISE_Benchmark2/rtg_register_w14.vhd sub00/vhpl10 1545068828
AR fhm_divider_w32_reg32 synthesis /home/sajjad/WS18/ASIPMeisterProjects/1/brownie/ISE_Benchmark2/fhm_divider_w32.vhd sub00/vhpl49 1545068867
EN fhm_wire_in_w1 NULL /home/sajjad/WS18/ASIPMeisterProjects/1/brownie/ISE_Benchmark2/fhm_wire_in_w1.vhd sub00/vhpl68 1545068886
EN rtg_mux3to1_w5 NULL /home/sajjad/WS18/ASIPMeisterProjects/1/brownie/ISE_Benchmark2/rtg_mux3to1_w5.vhd sub00/vhpl96 1545068914
EN rtg_register_w32 NULL /home/sajjad/WS18/ASIPMeisterProjects/1/brownie/ISE_Benchmark2/rtg_register_w32.vhd sub00/vhpl06 1545068824
AR fhm_extender_w26 synthesis /home/sajjad/WS18/ASIPMeisterProjects/1/brownie/ISE_Benchmark2/fhm_extender_w26.vhd sub00/vhpl65 1545068883
EN fhm_multiplier_w32_tconv32 NULL /home/sajjad/WS18/ASIPMeisterProjects/1/brownie/ISE_Benchmark2/fhm_multiplier_w32.vhd sub00/vhpl40 1545068858
EN rtg_mux12to1_w32 NULL /home/sajjad/WS18/ASIPMeisterProjects/1/brownie/ISE_Benchmark2/rtg_mux12to1_w32.vhd sub00/vhpl92 1545068910
EN fhm_alu_w32 NULL /home/sajjad/WS18/ASIPMeisterProjects/1/brownie/ISE_Benchmark2/fhm_alu_w32.vhd sub00/vhpl26 1545068844
EN fhm_alu_w32_add NULL /home/sajjad/WS18/ASIPMeisterProjects/1/brownie/ISE_Benchmark2/fhm_alu_w32.vhd sub00/vhpl24 1545068842
EN fhm_multiplier_w32_reg1 NULL /home/sajjad/WS18/ASIPMeisterProjects/1/brownie/ISE_Benchmark2/fhm_multiplier_w32.vhd sub00/vhpl28 1545068846
EN rtg_mux2to1_w5 NULL /home/sajjad/WS18/ASIPMeisterProjects/1/brownie/ISE_Benchmark2/rtg_mux2to1_w5.vhd sub00/vhpl90 1545068908
EN flag_reg5 NULL /home/sajjad/WS18/ASIPMeisterProjects/1/brownie/ISE_Benchmark2/fhm_browregfile_w32.vhd sub00/vhpl76 1545068894
AR rtg_proc_fsm rtl /home/sajjad/WS18/ASIPMeisterProjects/1/brownie/ISE_Benchmark2/rtg_proc_fsm.vhd sub00/vhpl01 1545068819
EN rtg_register_w64 NULL /home/sajjad/WS18/ASIPMeisterProjects/1/brownie/ISE_Benchmark2/rtg_register_w64.vhd sub00/vhpl08 1545068826
EN fhm_multiplier_w32_tconv64 NULL /home/sajjad/WS18/ASIPMeisterProjects/1/brownie/ISE_Benchmark2/fhm_multiplier_w32.vhd sub00/vhpl42 1545068860
AR fhm_multiplier_w32_add32 synthesis /home/sajjad/WS18/ASIPMeisterProjects/1/brownie/ISE_Benchmark2/fhm_multiplier_w32.vhd sub00/vhpl31 1545068849
EN fhm_multiplier_w32 NULL /home/sajjad/WS18/ASIPMeisterProjects/1/brownie/ISE_Benchmark2/fhm_multiplier_w32.vhd sub00/vhpl44 1545068862
AR fhm_pcu_w32_add32 synthesis /home/sajjad/WS18/ASIPMeisterProjects/1/brownie/ISE_Benchmark2/fhm_pcu_w32.vhd sub00/vhpl13 1545068831
AR fhm_divider_w32 synthesis /home/sajjad/WS18/ASIPMeisterProjects/1/brownie/ISE_Benchmark2/fhm_divider_w32.vhd sub00/vhpl59 1545068877
AR fhm_divider_w32_lsftreg32 synthesis /home/sajjad/WS18/ASIPMeisterProjects/1/brownie/ISE_Benchmark2/fhm_divider_w32.vhd sub00/vhpl53 1545068871
AR dlx_toplevel behavioral /home/sajjad/WS18/ASIPMeisterProjects/1/brownie/ISE_Benchmark2/dlx_toplevel.vhd sub01/vhpl103 1545068921
AR fhm_extender_w8 synthesis /home/sajjad/WS18/ASIPMeisterProjects/1/brownie/ISE_Benchmark2/fhm_extender_w8.vhd sub00/vhpl61 1545068879
AR rtg_mux2to1_w5 rtl /home/sajjad/WS18/ASIPMeisterProjects/1/brownie/ISE_Benchmark2/rtg_mux2to1_w5.vhd sub00/vhpl91 1545068909
EN fhm_multiplier_w32_add32 NULL /home/sajjad/WS18/ASIPMeisterProjects/1/brownie/ISE_Benchmark2/fhm_multiplier_w32.vhd sub00/vhpl30 1545068848
EN fhm_divider_w32_sdiv32 NULL /home/sajjad/WS18/ASIPMeisterProjects/1/brownie/ISE_Benchmark2/fhm_divider_w32.vhd sub00/vhpl54 1545068872
AR fhm_browregfile_w32 synthesis /home/sajjad/WS18/ASIPMeisterProjects/1/brownie/ISE_Benchmark2/fhm_browregfile_w32.vhd sub00/vhpl83 1545068901
AR fhm_alu_w32_add synthesis /home/sajjad/WS18/ASIPMeisterProjects/1/brownie/ISE_Benchmark2/fhm_alu_w32.vhd sub00/vhpl25 1545068843
AR fhm_wire_out_w1 synthesis /home/sajjad/WS18/ASIPMeisterProjects/1/brownie/ISE_Benchmark2/fhm_wire_out_w1.vhd sub00/vhpl71 1545068889
EN fhm_pcu_w32_add32 NULL /home/sajjad/WS18/ASIPMeisterProjects/1/brownie/ISE_Benchmark2/fhm_pcu_w32.vhd sub00/vhpl12 1545068830
EN fhm_extender_w8 NULL /home/sajjad/WS18/ASIPMeisterProjects/1/brownie/ISE_Benchmark2/fhm_extender_w8.vhd sub00/vhpl60 1545068878
AR fhm_multiplier_w32_tconv32 synthesis /home/sajjad/WS18/ASIPMeisterProjects/1/brownie/ISE_Benchmark2/fhm_multiplier_w32.vhd sub00/vhpl41 1545068859
AR fhm_multiplier_w32_reg32 synthesis /home/sajjad/WS18/ASIPMeisterProjects/1/brownie/ISE_Benchmark2/fhm_multiplier_w32.vhd sub00/vhpl35 1545068853
EN fhm_multiplier_w32_add64 NULL /home/sajjad/WS18/ASIPMeisterProjects/1/brownie/ISE_Benchmark2/fhm_multiplier_w32.vhd sub00/vhpl32 1545068850
AR rtg_mux3to1_w5 rtl /home/sajjad/WS18/ASIPMeisterProjects/1/brownie/ISE_Benchmark2/rtg_mux3to1_w5.vhd sub00/vhpl97 1545068915
EN fhm_multiplier_w32_reg32 NULL /home/sajjad/WS18/ASIPMeisterProjects/1/brownie/ISE_Benchmark2/fhm_multiplier_w32.vhd sub00/vhpl34 1545068852
AR fhm_divider_w32_tconv32 synthesis /home/sajjad/WS18/ASIPMeisterProjects/1/brownie/ISE_Benchmark2/fhm_divider_w32.vhd sub00/vhpl57 1545068875
EN dlx_toplevel NULL /home/sajjad/WS18/ASIPMeisterProjects/1/brownie/ISE_Benchmark2/dlx_toplevel.vhd sub01/vhpl102 1545068920
AR fhm_pcu_w32_reg32 synthesis /home/sajjad/WS18/ASIPMeisterProjects/1/brownie/ISE_Benchmark2/fhm_pcu_w32.vhd sub00/vhpl15 1545068833
AR rtg_mux3to1_w32 rtl /home/sajjad/WS18/ASIPMeisterProjects/1/brownie/ISE_Benchmark2/rtg_mux3to1_w32.vhd sub00/vhpl89 1545068907
EN fhm_pcu_w32_reg32 NULL /home/sajjad/WS18/ASIPMeisterProjects/1/brownie/ISE_Benchmark2/fhm_pcu_w32.vhd sub00/vhpl14 1545068832
AR fhm_fwu_w32 synthesis /home/sajjad/WS18/ASIPMeisterProjects/1/brownie/ISE_Benchmark2/fhm_fwu_w32.vhd sub00/vhpl73 1545068891
AR fhm_multiplier_w32_smul synthesis /home/sajjad/WS18/ASIPMeisterProjects/1/brownie/ISE_Benchmark2/fhm_multiplier_w32.vhd sub00/vhpl39 1545068857
AR flag_reg5 synthesis /home/sajjad/WS18/ASIPMeisterProjects/1/brownie/ISE_Benchmark2/fhm_browregfile_w32.vhd sub00/vhpl77 1545068895
AR fhm_divider_w32_add32 synthesis /home/sajjad/WS18/ASIPMeisterProjects/1/brownie/ISE_Benchmark2/fhm_divider_w32.vhd sub00/vhpl47 1545068865
EN fhm_multiplier_w32_reg64 NULL /home/sajjad/WS18/ASIPMeisterProjects/1/brownie/ISE_Benchmark2/fhm_multiplier_w32.vhd sub00/vhpl36 1545068854
AR fhm_alu_w32 synthesis /home/sajjad/WS18/ASIPMeisterProjects/1/brownie/ISE_Benchmark2/fhm_alu_w32.vhd sub00/vhpl27 1545068845
EN fhm_multiplier_w32_smul NULL /home/sajjad/WS18/ASIPMeisterProjects/1/brownie/ISE_Benchmark2/fhm_multiplier_w32.vhd sub00/vhpl38 1545068856
AR fhm_shifter_w32 synthesis /home/sajjad/WS18/ASIPMeisterProjects/1/brownie/ISE_Benchmark2/fhm_shifter_w32.vhd sub00/vhpl67 1545068885
EN fhm_divider_w32_reg1 NULL /home/sajjad/WS18/ASIPMeisterProjects/1/brownie/ISE_Benchmark2/fhm_divider_w32.vhd sub00/vhpl50 1545068868
AR rtg_mux12to1_w32 rtl /home/sajjad/WS18/ASIPMeisterProjects/1/brownie/ISE_Benchmark2/rtg_mux12to1_w32.vhd sub00/vhpl93 1545068911
EN rtg_proc_fsm NULL /home/sajjad/WS18/ASIPMeisterProjects/1/brownie/ISE_Benchmark2/rtg_proc_fsm.vhd sub00/vhpl00 1545068818
AR rtg_register_w32 rtl /home/sajjad/WS18/ASIPMeisterProjects/1/brownie/ISE_Benchmark2/rtg_register_w32.vhd sub00/vhpl07 1545068825
EN rtg_mux3to1_w32 NULL /home/sajjad/WS18/ASIPMeisterProjects/1/brownie/ISE_Benchmark2/rtg_mux3to1_w32.vhd sub00/vhpl88 1545068906
AR fhm_register_w32 logic /home/sajjad/WS18/ASIPMeisterProjects/1/brownie/ISE_Benchmark2/fhm_register_w32.vhd sub00/vhpl19 1545068837
AR rtg_mux5to1_w5 rtl /home/sajjad/WS18/ASIPMeisterProjects/1/brownie/ISE_Benchmark2/rtg_mux5to1_w5.vhd sub00/vhpl95 1545068913
AR rtg_controller rtl /home/sajjad/WS18/ASIPMeisterProjects/1/brownie/ISE_Benchmark2/rtg_controller.vhd sub00/vhpl85 1545068903
AR rtg_register_w64 rtl /home/sajjad/WS18/ASIPMeisterProjects/1/brownie/ISE_Benchmark2/rtg_register_w64.vhd sub00/vhpl09 1545068827
EN browniestd32 NULL /home/sajjad/WS18/ASIPMeisterProjects/1/brownie/ISE_Benchmark2/BrownieSTD32.vhd sub01/vhpl100 1545068918
AR rtg_register_w14 rtl /home/sajjad/WS18/ASIPMeisterProjects/1/brownie/ISE_Benchmark2/rtg_register_w14.vhd sub00/vhpl11 1545068829
EN fhm_wire_out_w1 NULL /home/sajjad/WS18/ASIPMeisterProjects/1/brownie/ISE_Benchmark2/fhm_wire_out_w1.vhd sub00/vhpl70 1545068888
AR fhm_extender_w16 synthesis /home/sajjad/WS18/ASIPMeisterProjects/1/brownie/ISE_Benchmark2/fhm_extender_w16.vhd sub00/vhpl63 1545068881
AR fhm_multiplier_w32_reg1 synthesis /home/sajjad/WS18/ASIPMeisterProjects/1/brownie/ISE_Benchmark2/fhm_multiplier_w32.vhd sub00/vhpl29 1545068847
EN rtg_register_w1 NULL /home/sajjad/WS18/ASIPMeisterProjects/1/brownie/ISE_Benchmark2/rtg_register_w1.vhd sub00/vhpl02 1545068820
EN fhm_register_w32 NULL /home/sajjad/WS18/ASIPMeisterProjects/1/brownie/ISE_Benchmark2/fhm_register_w32.vhd sub00/vhpl18 1545068836
EN rtg_register_w2 NULL /home/sajjad/WS18/ASIPMeisterProjects/1/brownie/ISE_Benchmark2/rtg_register_w2.vhd sub00/vhpl04 1545068822
AR rtg_register_w5 rtl /home/sajjad/WS18/ASIPMeisterProjects/1/brownie/ISE_Benchmark2/rtg_register_w5.vhd sub00/vhpl99 1545068917
AR browniestd32 rtl /home/sajjad/WS18/ASIPMeisterProjects/1/brownie/ISE_Benchmark2/BrownieSTD32.vhd sub01/vhpl101 1545068919
EN rtg_register_w5 NULL /home/sajjad/WS18/ASIPMeisterProjects/1/brownie/ISE_Benchmark2/rtg_register_w5.vhd sub00/vhpl98 1545068916
EN fhm_browregfile_w32_reg32 NULL /home/sajjad/WS18/ASIPMeisterProjects/1/brownie/ISE_Benchmark2/fhm_browregfile_w32.vhd sub00/vhpl80 1545068898
AR fhm_mifu_w32_00 synthesis /home/sajjad/WS18/ASIPMeisterProjects/1/brownie/ISE_Benchmark2/fhm_mifu_w32_00.vhd sub00/vhpl21 1545068839
AR rtg_register_w1 rtl /home/sajjad/WS18/ASIPMeisterProjects/1/brownie/ISE_Benchmark2/rtg_register_w1.vhd sub00/vhpl03 1545068821
EN rtg_mux2to1_w32 NULL /home/sajjad/WS18/ASIPMeisterProjects/1/brownie/ISE_Benchmark2/rtg_mux2to1_w32.vhd sub00/vhpl86 1545068904
AR fhm_browregfile_w32_reg32 synthesis /home/sajjad/WS18/ASIPMeisterProjects/1/brownie/ISE_Benchmark2/fhm_browregfile_w32.vhd sub00/vhpl81 1545068899
EN fhm_pcu_w32 NULL /home/sajjad/WS18/ASIPMeisterProjects/1/brownie/ISE_Benchmark2/fhm_pcu_w32.vhd sub00/vhpl16 1545068834
AR fhm_pcu_w32 synthesis /home/sajjad/WS18/ASIPMeisterProjects/1/brownie/ISE_Benchmark2/fhm_pcu_w32.vhd sub00/vhpl17 1545068835
EN fhm_divider_w32 NULL /home/sajjad/WS18/ASIPMeisterProjects/1/brownie/ISE_Benchmark2/fhm_divider_w32.vhd sub00/vhpl58 1545068876
EN status_reg27 NULL /home/sajjad/WS18/ASIPMeisterProjects/1/brownie/ISE_Benchmark2/fhm_browregfile_w32.vhd sub00/vhpl78 1545068896
AR fhm_multiplier_w32_add64 synthesis /home/sajjad/WS18/ASIPMeisterProjects/1/brownie/ISE_Benchmark2/fhm_multiplier_w32.vhd sub00/vhpl33 1545068851
EN fhm_shifter_w32 NULL /home/sajjad/WS18/ASIPMeisterProjects/1/brownie/ISE_Benchmark2/fhm_shifter_w32.vhd sub00/vhpl66 1545068884
AR fhm_mifu_w32_01 synthesis /home/sajjad/WS18/ASIPMeisterProjects/1/brownie/ISE_Benchmark2/fhm_mifu_w32_01.vhd sub00/vhpl23 1545068841
AR fhm_divider_w32_sdiv32 synthesis /home/sajjad/WS18/ASIPMeisterProjects/1/brownie/ISE_Benchmark2/fhm_divider_w32.vhd sub00/vhpl55 1545068873
EN fhm_extender_w16 NULL /home/sajjad/WS18/ASIPMeisterProjects/1/brownie/ISE_Benchmark2/fhm_extender_w16.vhd sub00/vhpl62 1545068880
EN fhm_extender_w26 NULL /home/sajjad/WS18/ASIPMeisterProjects/1/brownie/ISE_Benchmark2/fhm_extender_w26.vhd sub00/vhpl64 1545068882
EN rtg_controller NULL /home/sajjad/WS18/ASIPMeisterProjects/1/brownie/ISE_Benchmark2/rtg_controller.vhd sub00/vhpl84 1545068902
EN fhm_divider_w32_tconv32 NULL /home/sajjad/WS18/ASIPMeisterProjects/1/brownie/ISE_Benchmark2/fhm_divider_w32.vhd sub00/vhpl56 1545068874
EN fhm_divider_w32_lsftreg32 NULL /home/sajjad/WS18/ASIPMeisterProjects/1/brownie/ISE_Benchmark2/fhm_divider_w32.vhd sub00/vhpl52 1545068870
AR fhm_divider_w32_reg1 synthesis /home/sajjad/WS18/ASIPMeisterProjects/1/brownie/ISE_Benchmark2/fhm_divider_w32.vhd sub00/vhpl51 1545068869
EN fhm_divider_w32_add32 NULL /home/sajjad/WS18/ASIPMeisterProjects/1/brownie/ISE_Benchmark2/fhm_divider_w32.vhd sub00/vhpl46 1545068864
AR fhm_multiplier_w32_tconv64 synthesis /home/sajjad/WS18/ASIPMeisterProjects/1/brownie/ISE_Benchmark2/fhm_multiplier_w32.vhd sub00/vhpl43 1545068861
AR rtg_mux2to1_w32 rtl /home/sajjad/WS18/ASIPMeisterProjects/1/brownie/ISE_Benchmark2/rtg_mux2to1_w32.vhd sub00/vhpl87 1545068905
AR fhm_multiplier_w32_reg64 synthesis /home/sajjad/WS18/ASIPMeisterProjects/1/brownie/ISE_Benchmark2/fhm_multiplier_w32.vhd sub00/vhpl37 1545068855
AR fhm_dummy_register_w32 logic /home/sajjad/WS18/ASIPMeisterProjects/1/brownie/ISE_Benchmark2/fhm_dummy_register_w32.vhd sub00/vhpl75 1545068893
AR rtg_register_w2 rtl /home/sajjad/WS18/ASIPMeisterProjects/1/brownie/ISE_Benchmark2/rtg_register_w2.vhd sub00/vhpl05 1545068823
AR fhm_multiplier_w32 synthesis /home/sajjad/WS18/ASIPMeisterProjects/1/brownie/ISE_Benchmark2/fhm_multiplier_w32.vhd sub00/vhpl45 1545068863
AR status_reg27 synthesis /home/sajjad/WS18/ASIPMeisterProjects/1/brownie/ISE_Benchmark2/fhm_browregfile_w32.vhd sub00/vhpl79 1545068897
