V3 190
FL /home/sajjad/WS18/ASIPMeisterProjects/1/brownie/ISE_Benchmark2/BrownieSTD32.vhd 2018/12/03.18:20:54 O.61xd
EN work/BrownieSTD32 1545068918 \
      FL /home/sajjad/WS18/ASIPMeisterProjects/1/brownie/ISE_Benchmark2/BrownieSTD32.vhd \
      PB ieee/std_logic_1164 1308643377
AR work/BrownieSTD32/RTL 1545068919 \
      FL /home/sajjad/WS18/ASIPMeisterProjects/1/brownie/ISE_Benchmark2/BrownieSTD32.vhd \
      EN work/BrownieSTD32 1545068918 CP fhm_pcu_w32 CP fhm_register_w32 \
      CP fhm_mifu_w32_00 CP fhm_mifu_w32_01 CP fhm_alu_w32 CP fhm_multiplier_w32 \
      CP fhm_divider_w32 CP fhm_extender_w8 CP fhm_extender_w16 CP fhm_extender_w26 \
      CP fhm_shifter_w32 CP fhm_wire_in_w1 CP fhm_wire_out_w1 CP fhm_fwu_w32 \
      CP fhm_dummy_register_w32 CP fhm_browregfile_w32 CP rtg_controller \
      CP rtg_mux2to1_w32 CP rtg_mux3to1_w32 CP rtg_mux2to1_w5 CP rtg_mux12to1_w32 \
      CP rtg_mux5to1_w5 CP rtg_mux3to1_w5 CP rtg_register_w32 CP rtg_register_w5
FL /home/sajjad/WS18/ASIPMeisterProjects/1/brownie/ISE_Benchmark2/dlx_toplevel.vhd 2018/12/17.18:42:32 O.61xd
EN work/dlx_toplevel 1545068920 \
      FL /home/sajjad/WS18/ASIPMeisterProjects/1/brownie/ISE_Benchmark2/dlx_toplevel.vhd \
      PB ieee/std_logic_1164 1308643377 PB ieee/std_logic_arith 1308643378 \
      PB ieee/STD_LOGIC_UNSIGNED 1308643379 LB UNISIM PH unisim/VCOMPONENTS 1308643377
AR work/dlx_toplevel/Behavioral 1545068921 \
      FL /home/sajjad/WS18/ASIPMeisterProjects/1/brownie/ISE_Benchmark2/dlx_toplevel.vhd \
      EN work/dlx_toplevel 1545068920 CP BrownieSTD32 CP brom_im CP bram_dm
FL /home/sajjad/WS18/ASIPMeisterProjects/1/brownie/ISE_Benchmark2/fhm_alu_w32.vhd 2018/12/03.18:20:54 O.61xd
EN work/fhm_alu_w32_add 1545068842 \
      FL /home/sajjad/WS18/ASIPMeisterProjects/1/brownie/ISE_Benchmark2/fhm_alu_w32.vhd \
      PB ieee/std_logic_1164 1308643377 PB ieee/STD_LOGIC_UNSIGNED 1308643379
AR work/fhm_alu_w32_add/synthesis 1545068843 \
      FL /home/sajjad/WS18/ASIPMeisterProjects/1/brownie/ISE_Benchmark2/fhm_alu_w32.vhd \
      EN work/fhm_alu_w32_add 1545068842
EN work/fhm_alu_w32 1545068844 \
      FL /home/sajjad/WS18/ASIPMeisterProjects/1/brownie/ISE_Benchmark2/fhm_alu_w32.vhd \
      PB ieee/std_logic_1164 1308643377 PB ieee/STD_LOGIC_UNSIGNED 1308643379 \
      PB ieee/std_logic_arith 1308643378
AR work/fhm_alu_w32/synthesis 1545068845 \
      FL /home/sajjad/WS18/ASIPMeisterProjects/1/brownie/ISE_Benchmark2/fhm_alu_w32.vhd \
      EN work/fhm_alu_w32 1545068844 CP fhm_alu_w32_add
FL /home/sajjad/WS18/ASIPMeisterProjects/1/brownie/ISE_Benchmark2/fhm_browregfile_w32.vhd 2018/12/03.18:20:54 O.61xd
EN work/flag_reg5 1545068894 \
      FL /home/sajjad/WS18/ASIPMeisterProjects/1/brownie/ISE_Benchmark2/fhm_browregfile_w32.vhd \
      PB ieee/std_logic_1164 1308643377 PB ieee/STD_LOGIC_UNSIGNED 1308643379
AR work/flag_reg5/synthesis 1545068895 \
      FL /home/sajjad/WS18/ASIPMeisterProjects/1/brownie/ISE_Benchmark2/fhm_browregfile_w32.vhd \
      EN work/flag_reg5 1545068894
EN work/status_reg27 1545068896 \
      FL /home/sajjad/WS18/ASIPMeisterProjects/1/brownie/ISE_Benchmark2/fhm_browregfile_w32.vhd \
      PB ieee/std_logic_1164 1308643377 PB ieee/STD_LOGIC_UNSIGNED 1308643379
AR work/status_reg27/synthesis 1545068897 \
      FL /home/sajjad/WS18/ASIPMeisterProjects/1/brownie/ISE_Benchmark2/fhm_browregfile_w32.vhd \
      EN work/status_reg27 1545068896
EN work/fhm_browregfile_w32_reg32 1545068898 \
      FL /home/sajjad/WS18/ASIPMeisterProjects/1/brownie/ISE_Benchmark2/fhm_browregfile_w32.vhd \
      PB ieee/std_logic_1164 1308643377 PB ieee/STD_LOGIC_UNSIGNED 1308643379
AR work/fhm_browregfile_w32_reg32/synthesis 1545068899 \
      FL /home/sajjad/WS18/ASIPMeisterProjects/1/brownie/ISE_Benchmark2/fhm_browregfile_w32.vhd \
      EN work/fhm_browregfile_w32_reg32 1545068898
EN work/fhm_browregfile_w32 1545068900 \
      FL /home/sajjad/WS18/ASIPMeisterProjects/1/brownie/ISE_Benchmark2/fhm_browregfile_w32.vhd \
      PB ieee/std_logic_1164 1308643377
AR work/fhm_browregfile_w32/synthesis 1545068901 \
      FL /home/sajjad/WS18/ASIPMeisterProjects/1/brownie/ISE_Benchmark2/fhm_browregfile_w32.vhd \
      EN work/fhm_browregfile_w32 1545068900 CP flag_reg5 CP status_reg27 \
      CP fhm_browregfile_w32_reg32
FL /home/sajjad/WS18/ASIPMeisterProjects/1/brownie/ISE_Benchmark2/fhm_divider_w32.vhd 2018/12/03.18:20:54 O.61xd
EN work/fhm_divider_w32_add32 1545068864 \
      FL /home/sajjad/WS18/ASIPMeisterProjects/1/brownie/ISE_Benchmark2/fhm_divider_w32.vhd \
      PB ieee/std_logic_1164 1308643377 PB ieee/STD_LOGIC_UNSIGNED 1308643379
AR work/fhm_divider_w32_add32/synthesis 1545068865 \
      FL /home/sajjad/WS18/ASIPMeisterProjects/1/brownie/ISE_Benchmark2/fhm_divider_w32.vhd \
      EN work/fhm_divider_w32_add32 1545068864
EN work/fhm_divider_w32_reg32 1545068866 \
      FL /home/sajjad/WS18/ASIPMeisterProjects/1/brownie/ISE_Benchmark2/fhm_divider_w32.vhd \
      PB ieee/std_logic_1164 1308643377 PB ieee/STD_LOGIC_UNSIGNED 1308643379
AR work/fhm_divider_w32_reg32/synthesis 1545068867 \
      FL /home/sajjad/WS18/ASIPMeisterProjects/1/brownie/ISE_Benchmark2/fhm_divider_w32.vhd \
      EN work/fhm_divider_w32_reg32 1545068866
EN work/fhm_divider_w32_reg1 1545068868 \
      FL /home/sajjad/WS18/ASIPMeisterProjects/1/brownie/ISE_Benchmark2/fhm_divider_w32.vhd \
      PB ieee/std_logic_1164 1308643377 PB ieee/STD_LOGIC_UNSIGNED 1308643379
AR work/fhm_divider_w32_reg1/synthesis 1545068869 \
      FL /home/sajjad/WS18/ASIPMeisterProjects/1/brownie/ISE_Benchmark2/fhm_divider_w32.vhd \
      EN work/fhm_divider_w32_reg1 1545068868
EN work/fhm_divider_w32_lsftreg32 1545068870 \
      FL /home/sajjad/WS18/ASIPMeisterProjects/1/brownie/ISE_Benchmark2/fhm_divider_w32.vhd \
      PB ieee/std_logic_1164 1308643377 PB ieee/STD_LOGIC_UNSIGNED 1308643379
AR work/fhm_divider_w32_lsftreg32/synthesis 1545068871 \
      FL /home/sajjad/WS18/ASIPMeisterProjects/1/brownie/ISE_Benchmark2/fhm_divider_w32.vhd \
      EN work/fhm_divider_w32_lsftreg32 1545068870 CP fhm_divider_w32_reg32 \
      CP fhm_divider_w32_reg1
EN work/fhm_divider_w32_sdiv32 1545068872 \
      FL /home/sajjad/WS18/ASIPMeisterProjects/1/brownie/ISE_Benchmark2/fhm_divider_w32.vhd \
      PB ieee/std_logic_1164 1308643377 PB ieee/STD_LOGIC_UNSIGNED 1308643379
AR work/fhm_divider_w32_sdiv32/synthesis 1545068873 \
      FL /home/sajjad/WS18/ASIPMeisterProjects/1/brownie/ISE_Benchmark2/fhm_divider_w32.vhd \
      EN work/fhm_divider_w32_sdiv32 1545068872 CP fhm_divider_w32_lsftreg32 \
      CP fhm_divider_w32_add32 CP fhm_divider_w32_reg32
EN work/fhm_divider_w32_tconv32 1545068874 \
      FL /home/sajjad/WS18/ASIPMeisterProjects/1/brownie/ISE_Benchmark2/fhm_divider_w32.vhd \
      PB ieee/std_logic_1164 1308643377 PB ieee/STD_LOGIC_UNSIGNED 1308643379
AR work/fhm_divider_w32_tconv32/synthesis 1545068875 \
      FL /home/sajjad/WS18/ASIPMeisterProjects/1/brownie/ISE_Benchmark2/fhm_divider_w32.vhd \
      EN work/fhm_divider_w32_tconv32 1545068874 CP fhm_divider_w32_add32
EN work/fhm_divider_w32 1545068876 \
      FL /home/sajjad/WS18/ASIPMeisterProjects/1/brownie/ISE_Benchmark2/fhm_divider_w32.vhd \
      PB ieee/std_logic_1164 1308643377 PB ieee/STD_LOGIC_UNSIGNED 1308643379
AR work/fhm_divider_w32/synthesis 1545068877 \
      FL /home/sajjad/WS18/ASIPMeisterProjects/1/brownie/ISE_Benchmark2/fhm_divider_w32.vhd \
      EN work/fhm_divider_w32 1545068876 CP fhm_divider_w32_tconv32 \
      CP fhm_divider_w32_sdiv32 CP fhm_divider_w32_reg1
FL /home/sajjad/WS18/ASIPMeisterProjects/1/brownie/ISE_Benchmark2/fhm_dummy_register_w32.vhd 2018/12/03.18:20:54 O.61xd
EN work/fhm_dummy_register_w32 1545068892 \
      FL /home/sajjad/WS18/ASIPMeisterProjects/1/brownie/ISE_Benchmark2/fhm_dummy_register_w32.vhd \
      PB ieee/std_logic_1164 1308643377 PB ieee/STD_LOGIC_UNSIGNED 1308643379
AR work/fhm_dummy_register_w32/logic 1545068893 \
      FL /home/sajjad/WS18/ASIPMeisterProjects/1/brownie/ISE_Benchmark2/fhm_dummy_register_w32.vhd \
      EN work/fhm_dummy_register_w32 1545068892
FL /home/sajjad/WS18/ASIPMeisterProjects/1/brownie/ISE_Benchmark2/fhm_extender_w16.vhd 2018/12/03.18:20:54 O.61xd
EN work/fhm_extender_w16 1545068880 \
      FL /home/sajjad/WS18/ASIPMeisterProjects/1/brownie/ISE_Benchmark2/fhm_extender_w16.vhd \
      PB ieee/std_logic_1164 1308643377 PB ieee/STD_LOGIC_UNSIGNED 1308643379
AR work/fhm_extender_w16/synthesis 1545068881 \
      FL /home/sajjad/WS18/ASIPMeisterProjects/1/brownie/ISE_Benchmark2/fhm_extender_w16.vhd \
      EN work/fhm_extender_w16 1545068880
FL /home/sajjad/WS18/ASIPMeisterProjects/1/brownie/ISE_Benchmark2/fhm_extender_w26.vhd 2018/12/03.18:20:54 O.61xd
EN work/fhm_extender_w26 1545068882 \
      FL /home/sajjad/WS18/ASIPMeisterProjects/1/brownie/ISE_Benchmark2/fhm_extender_w26.vhd \
      PB ieee/std_logic_1164 1308643377 PB ieee/STD_LOGIC_UNSIGNED 1308643379
AR work/fhm_extender_w26/synthesis 1545068883 \
      FL /home/sajjad/WS18/ASIPMeisterProjects/1/brownie/ISE_Benchmark2/fhm_extender_w26.vhd \
      EN work/fhm_extender_w26 1545068882
FL /home/sajjad/WS18/ASIPMeisterProjects/1/brownie/ISE_Benchmark2/fhm_extender_w8.vhd 2018/12/03.18:20:54 O.61xd
EN work/fhm_extender_w8 1545068878 \
      FL /home/sajjad/WS18/ASIPMeisterProjects/1/brownie/ISE_Benchmark2/fhm_extender_w8.vhd \
      PB ieee/std_logic_1164 1308643377 PB ieee/STD_LOGIC_UNSIGNED 1308643379
AR work/fhm_extender_w8/synthesis 1545068879 \
      FL /home/sajjad/WS18/ASIPMeisterProjects/1/brownie/ISE_Benchmark2/fhm_extender_w8.vhd \
      EN work/fhm_extender_w8 1545068878
FL /home/sajjad/WS18/ASIPMeisterProjects/1/brownie/ISE_Benchmark2/fhm_fwu_w32.vhd 2018/12/03.18:20:54 O.61xd
EN work/fhm_fwu_w32 1545068890 \
      FL /home/sajjad/WS18/ASIPMeisterProjects/1/brownie/ISE_Benchmark2/fhm_fwu_w32.vhd \
      PB ieee/std_logic_1164 1308643377
AR work/fhm_fwu_w32/synthesis 1545068891 \
      FL /home/sajjad/WS18/ASIPMeisterProjects/1/brownie/ISE_Benchmark2/fhm_fwu_w32.vhd \
      EN work/fhm_fwu_w32 1545068890
FL /home/sajjad/WS18/ASIPMeisterProjects/1/brownie/ISE_Benchmark2/fhm_mifu_w32_00.vhd 2018/12/03.18:20:54 O.61xd
EN work/fhm_mifu_w32_00 1545068838 \
      FL /home/sajjad/WS18/ASIPMeisterProjects/1/brownie/ISE_Benchmark2/fhm_mifu_w32_00.vhd \
      PB ieee/std_logic_1164 1308643377
AR work/fhm_mifu_w32_00/synthesis 1545068839 \
      FL /home/sajjad/WS18/ASIPMeisterProjects/1/brownie/ISE_Benchmark2/fhm_mifu_w32_00.vhd \
      EN work/fhm_mifu_w32_00 1545068838
FL /home/sajjad/WS18/ASIPMeisterProjects/1/brownie/ISE_Benchmark2/fhm_mifu_w32_01.vhd 2018/12/03.18:20:54 O.61xd
EN work/fhm_mifu_w32_01 1545068840 \
      FL /home/sajjad/WS18/ASIPMeisterProjects/1/brownie/ISE_Benchmark2/fhm_mifu_w32_01.vhd \
      PB ieee/std_logic_1164 1308643377
AR work/fhm_mifu_w32_01/synthesis 1545068841 \
      FL /home/sajjad/WS18/ASIPMeisterProjects/1/brownie/ISE_Benchmark2/fhm_mifu_w32_01.vhd \
      EN work/fhm_mifu_w32_01 1545068840
FL /home/sajjad/WS18/ASIPMeisterProjects/1/brownie/ISE_Benchmark2/fhm_multiplier_w32.vhd 2018/12/03.18:20:54 O.61xd
EN work/fhm_multiplier_w32_reg1 1545068846 \
      FL /home/sajjad/WS18/ASIPMeisterProjects/1/brownie/ISE_Benchmark2/fhm_multiplier_w32.vhd \
      PB ieee/std_logic_1164 1308643377 PB ieee/STD_LOGIC_UNSIGNED 1308643379
AR work/fhm_multiplier_w32_reg1/synthesis 1545068847 \
      FL /home/sajjad/WS18/ASIPMeisterProjects/1/brownie/ISE_Benchmark2/fhm_multiplier_w32.vhd \
      EN work/fhm_multiplier_w32_reg1 1545068846
EN work/fhm_multiplier_w32_add32 1545068848 \
      FL /home/sajjad/WS18/ASIPMeisterProjects/1/brownie/ISE_Benchmark2/fhm_multiplier_w32.vhd \
      PB ieee/std_logic_1164 1308643377 PB ieee/STD_LOGIC_UNSIGNED 1308643379
AR work/fhm_multiplier_w32_add32/synthesis 1545068849 \
      FL /home/sajjad/WS18/ASIPMeisterProjects/1/brownie/ISE_Benchmark2/fhm_multiplier_w32.vhd \
      EN work/fhm_multiplier_w32_add32 1545068848
EN work/fhm_multiplier_w32_add64 1545068850 \
      FL /home/sajjad/WS18/ASIPMeisterProjects/1/brownie/ISE_Benchmark2/fhm_multiplier_w32.vhd \
      PB ieee/std_logic_1164 1308643377 PB ieee/STD_LOGIC_UNSIGNED 1308643379
AR work/fhm_multiplier_w32_add64/synthesis 1545068851 \
      FL /home/sajjad/WS18/ASIPMeisterProjects/1/brownie/ISE_Benchmark2/fhm_multiplier_w32.vhd \
      EN work/fhm_multiplier_w32_add64 1545068850
EN work/fhm_multiplier_w32_reg32 1545068852 \
      FL /home/sajjad/WS18/ASIPMeisterProjects/1/brownie/ISE_Benchmark2/fhm_multiplier_w32.vhd \
      PB ieee/std_logic_1164 1308643377 PB ieee/STD_LOGIC_UNSIGNED 1308643379
AR work/fhm_multiplier_w32_reg32/synthesis 1545068853 \
      FL /home/sajjad/WS18/ASIPMeisterProjects/1/brownie/ISE_Benchmark2/fhm_multiplier_w32.vhd \
      EN work/fhm_multiplier_w32_reg32 1545068852
EN work/fhm_multiplier_w32_reg64 1545068854 \
      FL /home/sajjad/WS18/ASIPMeisterProjects/1/brownie/ISE_Benchmark2/fhm_multiplier_w32.vhd \
      PB ieee/std_logic_1164 1308643377 PB ieee/STD_LOGIC_UNSIGNED 1308643379
AR work/fhm_multiplier_w32_reg64/synthesis 1545068855 \
      FL /home/sajjad/WS18/ASIPMeisterProjects/1/brownie/ISE_Benchmark2/fhm_multiplier_w32.vhd \
      EN work/fhm_multiplier_w32_reg64 1545068854
EN work/fhm_multiplier_w32_smul 1545068856 \
      FL /home/sajjad/WS18/ASIPMeisterProjects/1/brownie/ISE_Benchmark2/fhm_multiplier_w32.vhd \
      PB ieee/std_logic_1164 1308643377 PB ieee/STD_LOGIC_UNSIGNED 1308643379
AR work/fhm_multiplier_w32_smul/synthesis 1545068857 \
      FL /home/sajjad/WS18/ASIPMeisterProjects/1/brownie/ISE_Benchmark2/fhm_multiplier_w32.vhd \
      EN work/fhm_multiplier_w32_smul 1545068856 CP fhm_multiplier_w32_reg32 \
      CP fhm_multiplier_w32_add64 CP fhm_multiplier_w32_reg64
EN work/fhm_multiplier_w32_tconv32 1545068858 \
      FL /home/sajjad/WS18/ASIPMeisterProjects/1/brownie/ISE_Benchmark2/fhm_multiplier_w32.vhd \
      PB ieee/std_logic_1164 1308643377 PB ieee/STD_LOGIC_UNSIGNED 1308643379
AR work/fhm_multiplier_w32_tconv32/synthesis 1545068859 \
      FL /home/sajjad/WS18/ASIPMeisterProjects/1/brownie/ISE_Benchmark2/fhm_multiplier_w32.vhd \
      EN work/fhm_multiplier_w32_tconv32 1545068858 CP fhm_multiplier_w32_add32
EN work/fhm_multiplier_w32_tconv64 1545068860 \
      FL /home/sajjad/WS18/ASIPMeisterProjects/1/brownie/ISE_Benchmark2/fhm_multiplier_w32.vhd \
      PB ieee/std_logic_1164 1308643377 PB ieee/STD_LOGIC_UNSIGNED 1308643379
AR work/fhm_multiplier_w32_tconv64/synthesis 1545068861 \
      FL /home/sajjad/WS18/ASIPMeisterProjects/1/brownie/ISE_Benchmark2/fhm_multiplier_w32.vhd \
      EN work/fhm_multiplier_w32_tconv64 1545068860 CP fhm_multiplier_w32_add64
EN work/fhm_multiplier_w32 1545068862 \
      FL /home/sajjad/WS18/ASIPMeisterProjects/1/brownie/ISE_Benchmark2/fhm_multiplier_w32.vhd \
      PB ieee/std_logic_1164 1308643377 PB ieee/STD_LOGIC_UNSIGNED 1308643379
AR work/fhm_multiplier_w32/synthesis 1545068863 \
      FL /home/sajjad/WS18/ASIPMeisterProjects/1/brownie/ISE_Benchmark2/fhm_multiplier_w32.vhd \
      EN work/fhm_multiplier_w32 1545068862 CP fhm_multiplier_w32_reg1 \
      CP fhm_multiplier_w32_tconv32 CP fhm_multiplier_w32_smul \
      CP fhm_multiplier_w32_tconv64
FL /home/sajjad/WS18/ASIPMeisterProjects/1/brownie/ISE_Benchmark2/fhm_pcu_w32.vhd 2018/12/03.18:20:54 O.61xd
EN work/fhm_pcu_w32_add32 1545068830 \
      FL /home/sajjad/WS18/ASIPMeisterProjects/1/brownie/ISE_Benchmark2/fhm_pcu_w32.vhd \
      PB ieee/std_logic_1164 1308643377 PB ieee/STD_LOGIC_UNSIGNED 1308643379
AR work/fhm_pcu_w32_add32/synthesis 1545068831 \
      FL /home/sajjad/WS18/ASIPMeisterProjects/1/brownie/ISE_Benchmark2/fhm_pcu_w32.vhd \
      EN work/fhm_pcu_w32_add32 1545068830
EN work/fhm_pcu_w32_reg32 1545068832 \
      FL /home/sajjad/WS18/ASIPMeisterProjects/1/brownie/ISE_Benchmark2/fhm_pcu_w32.vhd \
      PB ieee/std_logic_1164 1308643377 PB ieee/STD_LOGIC_UNSIGNED 1308643379
AR work/fhm_pcu_w32_reg32/synthesis 1545068833 \
      FL /home/sajjad/WS18/ASIPMeisterProjects/1/brownie/ISE_Benchmark2/fhm_pcu_w32.vhd \
      EN work/fhm_pcu_w32_reg32 1545068832
EN work/fhm_pcu_w32 1545068834 \
      FL /home/sajjad/WS18/ASIPMeisterProjects/1/brownie/ISE_Benchmark2/fhm_pcu_w32.vhd \
      PB ieee/std_logic_1164 1308643377 PB ieee/std_logic_arith 1308643378 \
      PB ieee/STD_LOGIC_SIGNED 1308643379
AR work/fhm_pcu_w32/synthesis 1545068835 \
      FL /home/sajjad/WS18/ASIPMeisterProjects/1/brownie/ISE_Benchmark2/fhm_pcu_w32.vhd \
      EN work/fhm_pcu_w32 1545068834 CP fhm_pcu_w32_add32 CP fhm_pcu_w32_reg32
FL /home/sajjad/WS18/ASIPMeisterProjects/1/brownie/ISE_Benchmark2/fhm_register_w32.vhd 2018/12/03.18:20:54 O.61xd
EN work/fhm_register_w32 1545068836 \
      FL /home/sajjad/WS18/ASIPMeisterProjects/1/brownie/ISE_Benchmark2/fhm_register_w32.vhd \
      PB ieee/std_logic_1164 1308643377 PB ieee/STD_LOGIC_UNSIGNED 1308643379
AR work/fhm_register_w32/logic 1545068837 \
      FL /home/sajjad/WS18/ASIPMeisterProjects/1/brownie/ISE_Benchmark2/fhm_register_w32.vhd \
      EN work/fhm_register_w32 1545068836
FL /home/sajjad/WS18/ASIPMeisterProjects/1/brownie/ISE_Benchmark2/fhm_shifter_w32.vhd 2018/12/03.18:20:54 O.61xd
EN work/fhm_shifter_w32 1545068884 \
      FL /home/sajjad/WS18/ASIPMeisterProjects/1/brownie/ISE_Benchmark2/fhm_shifter_w32.vhd \
      PB ieee/std_logic_1164 1308643377 PB ieee/std_logic_arith 1308643378 \
      PB ieee/STD_LOGIC_UNSIGNED 1308643379
AR work/fhm_shifter_w32/synthesis 1545068885 \
      FL /home/sajjad/WS18/ASIPMeisterProjects/1/brownie/ISE_Benchmark2/fhm_shifter_w32.vhd \
      EN work/fhm_shifter_w32 1545068884
FL /home/sajjad/WS18/ASIPMeisterProjects/1/brownie/ISE_Benchmark2/fhm_wire_in_w1.vhd 2018/12/03.18:20:54 O.61xd
EN work/fhm_wire_in_w1 1545068886 \
      FL /home/sajjad/WS18/ASIPMeisterProjects/1/brownie/ISE_Benchmark2/fhm_wire_in_w1.vhd \
      PB ieee/std_logic_1164 1308643377
AR work/fhm_wire_in_w1/synthesis 1545068887 \
      FL /home/sajjad/WS18/ASIPMeisterProjects/1/brownie/ISE_Benchmark2/fhm_wire_in_w1.vhd \
      EN work/fhm_wire_in_w1 1545068886
FL /home/sajjad/WS18/ASIPMeisterProjects/1/brownie/ISE_Benchmark2/fhm_wire_out_w1.vhd 2018/12/03.18:20:54 O.61xd
EN work/fhm_wire_out_w1 1545068888 \
      FL /home/sajjad/WS18/ASIPMeisterProjects/1/brownie/ISE_Benchmark2/fhm_wire_out_w1.vhd \
      PB ieee/std_logic_1164 1308643377
AR work/fhm_wire_out_w1/synthesis 1545068889 \
      FL /home/sajjad/WS18/ASIPMeisterProjects/1/brownie/ISE_Benchmark2/fhm_wire_out_w1.vhd \
      EN work/fhm_wire_out_w1 1545068888
FL /home/sajjad/WS18/ASIPMeisterProjects/1/brownie/ISE_Benchmark2/rtg_controller.vhd 2018/12/03.18:20:54 O.61xd
EN work/rtg_controller 1545068902 \
      FL /home/sajjad/WS18/ASIPMeisterProjects/1/brownie/ISE_Benchmark2/rtg_controller.vhd \
      PB ieee/std_logic_1164 1308643377
AR work/rtg_controller/RTL 1545068903 \
      FL /home/sajjad/WS18/ASIPMeisterProjects/1/brownie/ISE_Benchmark2/rtg_controller.vhd \
      EN work/rtg_controller 1545068902 CP rtg_proc_fsm CP rtg_register_w1 \
      CP rtg_register_w2 CP rtg_register_w32 CP rtg_register_w64 \
      CP rtg_register_w14
FL /home/sajjad/WS18/ASIPMeisterProjects/1/brownie/ISE_Benchmark2/rtg_mux12to1_w32.vhd 2018/12/03.18:20:54 O.61xd
EN work/rtg_mux12to1_w32 1545068910 \
      FL /home/sajjad/WS18/ASIPMeisterProjects/1/brownie/ISE_Benchmark2/rtg_mux12to1_w32.vhd \
      PB ieee/std_logic_1164 1308643377
AR work/rtg_mux12to1_w32/RTL 1545068911 \
      FL /home/sajjad/WS18/ASIPMeisterProjects/1/brownie/ISE_Benchmark2/rtg_mux12to1_w32.vhd \
      EN work/rtg_mux12to1_w32 1545068910
FL /home/sajjad/WS18/ASIPMeisterProjects/1/brownie/ISE_Benchmark2/rtg_mux2to1_w32.vhd 2018/12/03.18:20:54 O.61xd
EN work/rtg_mux2to1_w32 1545068904 \
      FL /home/sajjad/WS18/ASIPMeisterProjects/1/brownie/ISE_Benchmark2/rtg_mux2to1_w32.vhd \
      PB ieee/std_logic_1164 1308643377
AR work/rtg_mux2to1_w32/RTL 1545068905 \
      FL /home/sajjad/WS18/ASIPMeisterProjects/1/brownie/ISE_Benchmark2/rtg_mux2to1_w32.vhd \
      EN work/rtg_mux2to1_w32 1545068904
FL /home/sajjad/WS18/ASIPMeisterProjects/1/brownie/ISE_Benchmark2/rtg_mux2to1_w5.vhd 2018/12/03.18:20:54 O.61xd
EN work/rtg_mux2to1_w5 1545068908 \
      FL /home/sajjad/WS18/ASIPMeisterProjects/1/brownie/ISE_Benchmark2/rtg_mux2to1_w5.vhd \
      PB ieee/std_logic_1164 1308643377
AR work/rtg_mux2to1_w5/RTL 1545068909 \
      FL /home/sajjad/WS18/ASIPMeisterProjects/1/brownie/ISE_Benchmark2/rtg_mux2to1_w5.vhd \
      EN work/rtg_mux2to1_w5 1545068908
FL /home/sajjad/WS18/ASIPMeisterProjects/1/brownie/ISE_Benchmark2/rtg_mux3to1_w32.vhd 2018/12/03.18:20:54 O.61xd
EN work/rtg_mux3to1_w32 1545068906 \
      FL /home/sajjad/WS18/ASIPMeisterProjects/1/brownie/ISE_Benchmark2/rtg_mux3to1_w32.vhd \
      PB ieee/std_logic_1164 1308643377
AR work/rtg_mux3to1_w32/RTL 1545068907 \
      FL /home/sajjad/WS18/ASIPMeisterProjects/1/brownie/ISE_Benchmark2/rtg_mux3to1_w32.vhd \
      EN work/rtg_mux3to1_w32 1545068906
FL /home/sajjad/WS18/ASIPMeisterProjects/1/brownie/ISE_Benchmark2/rtg_mux3to1_w5.vhd 2018/12/03.18:20:54 O.61xd
EN work/rtg_mux3to1_w5 1545068914 \
      FL /home/sajjad/WS18/ASIPMeisterProjects/1/brownie/ISE_Benchmark2/rtg_mux3to1_w5.vhd \
      PB ieee/std_logic_1164 1308643377
AR work/rtg_mux3to1_w5/RTL 1545068915 \
      FL /home/sajjad/WS18/ASIPMeisterProjects/1/brownie/ISE_Benchmark2/rtg_mux3to1_w5.vhd \
      EN work/rtg_mux3to1_w5 1545068914
FL /home/sajjad/WS18/ASIPMeisterProjects/1/brownie/ISE_Benchmark2/rtg_mux5to1_w5.vhd 2018/12/03.18:20:54 O.61xd
EN work/rtg_mux5to1_w5 1545068912 \
      FL /home/sajjad/WS18/ASIPMeisterProjects/1/brownie/ISE_Benchmark2/rtg_mux5to1_w5.vhd \
      PB ieee/std_logic_1164 1308643377
AR work/rtg_mux5to1_w5/RTL 1545068913 \
      FL /home/sajjad/WS18/ASIPMeisterProjects/1/brownie/ISE_Benchmark2/rtg_mux5to1_w5.vhd \
      EN work/rtg_mux5to1_w5 1545068912
FL /home/sajjad/WS18/ASIPMeisterProjects/1/brownie/ISE_Benchmark2/rtg_proc_fsm.vhd 2018/12/03.18:20:54 O.61xd
EN work/rtg_proc_fsm 1545068818 \
      FL /home/sajjad/WS18/ASIPMeisterProjects/1/brownie/ISE_Benchmark2/rtg_proc_fsm.vhd \
      PB ieee/std_logic_1164 1308643377
AR work/rtg_proc_fsm/RTL 1545068819 \
      FL /home/sajjad/WS18/ASIPMeisterProjects/1/brownie/ISE_Benchmark2/rtg_proc_fsm.vhd \
      EN work/rtg_proc_fsm 1545068818
FL /home/sajjad/WS18/ASIPMeisterProjects/1/brownie/ISE_Benchmark2/rtg_register_w1.vhd 2018/12/03.18:20:54 O.61xd
EN work/rtg_register_w1 1545068820 \
      FL /home/sajjad/WS18/ASIPMeisterProjects/1/brownie/ISE_Benchmark2/rtg_register_w1.vhd \
      PB ieee/std_logic_1164 1308643377
AR work/rtg_register_w1/RTL 1545068821 \
      FL /home/sajjad/WS18/ASIPMeisterProjects/1/brownie/ISE_Benchmark2/rtg_register_w1.vhd \
      EN work/rtg_register_w1 1545068820
FL /home/sajjad/WS18/ASIPMeisterProjects/1/brownie/ISE_Benchmark2/rtg_register_w14.vhd 2018/12/03.18:20:54 O.61xd
EN work/rtg_register_w14 1545068828 \
      FL /home/sajjad/WS18/ASIPMeisterProjects/1/brownie/ISE_Benchmark2/rtg_register_w14.vhd \
      PB ieee/std_logic_1164 1308643377
AR work/rtg_register_w14/RTL 1545068829 \
      FL /home/sajjad/WS18/ASIPMeisterProjects/1/brownie/ISE_Benchmark2/rtg_register_w14.vhd \
      EN work/rtg_register_w14 1545068828
FL /home/sajjad/WS18/ASIPMeisterProjects/1/brownie/ISE_Benchmark2/rtg_register_w2.vhd 2018/12/03.18:20:54 O.61xd
EN work/rtg_register_w2 1545068822 \
      FL /home/sajjad/WS18/ASIPMeisterProjects/1/brownie/ISE_Benchmark2/rtg_register_w2.vhd \
      PB ieee/std_logic_1164 1308643377
AR work/rtg_register_w2/RTL 1545068823 \
      FL /home/sajjad/WS18/ASIPMeisterProjects/1/brownie/ISE_Benchmark2/rtg_register_w2.vhd \
      EN work/rtg_register_w2 1545068822
FL /home/sajjad/WS18/ASIPMeisterProjects/1/brownie/ISE_Benchmark2/rtg_register_w32.vhd 2018/12/03.18:20:54 O.61xd
EN work/rtg_register_w32 1545068824 \
      FL /home/sajjad/WS18/ASIPMeisterProjects/1/brownie/ISE_Benchmark2/rtg_register_w32.vhd \
      PB ieee/std_logic_1164 1308643377
AR work/rtg_register_w32/RTL 1545068825 \
      FL /home/sajjad/WS18/ASIPMeisterProjects/1/brownie/ISE_Benchmark2/rtg_register_w32.vhd \
      EN work/rtg_register_w32 1545068824
FL /home/sajjad/WS18/ASIPMeisterProjects/1/brownie/ISE_Benchmark2/rtg_register_w5.vhd 2018/12/03.18:20:54 O.61xd
EN work/rtg_register_w5 1545068916 \
      FL /home/sajjad/WS18/ASIPMeisterProjects/1/brownie/ISE_Benchmark2/rtg_register_w5.vhd \
      PB ieee/std_logic_1164 1308643377
AR work/rtg_register_w5/RTL 1545068917 \
      FL /home/sajjad/WS18/ASIPMeisterProjects/1/brownie/ISE_Benchmark2/rtg_register_w5.vhd \
      EN work/rtg_register_w5 1545068916
FL /home/sajjad/WS18/ASIPMeisterProjects/1/brownie/ISE_Benchmark2/rtg_register_w64.vhd 2018/12/03.18:20:54 O.61xd
EN work/rtg_register_w64 1545068826 \
      FL /home/sajjad/WS18/ASIPMeisterProjects/1/brownie/ISE_Benchmark2/rtg_register_w64.vhd \
      PB ieee/std_logic_1164 1308643377
AR work/rtg_register_w64/RTL 1545068827 \
      FL /home/sajjad/WS18/ASIPMeisterProjects/1/brownie/ISE_Benchmark2/rtg_register_w64.vhd \
      EN work/rtg_register_w64 1545068826
